[0.000000] (-) TimerEvent: {}
[0.000436] (tndq_controller) JobQueued: {'identifier': 'tndq_controller', 'dependencies': OrderedDict()}
[0.001244] (tndq_controller) JobStarted: {'identifier': 'tndq_controller'}
[0.099469] (-) TimerEvent: {}
[0.199745] (-) TimerEvent: {}
[0.300209] (-) TimerEvent: {}
[0.400554] (-) TimerEvent: {}
[0.500956] (-) TimerEvent: {}
[0.601294] (-) TimerEvent: {}
[0.701658] (-) TimerEvent: {}
[0.802085] (-) TimerEvent: {}
[0.902797] (-) TimerEvent: {}
[1.003866] (-) TimerEvent: {}
[1.105006] (-) TimerEvent: {}
[1.206195] (-) TimerEvent: {}
[1.307561] (-) TimerEvent: {}
[1.408546] (-) TimerEvent: {}
[1.509581] (-) TimerEvent: {}
[1.610502] (-) TimerEvent: {}
[1.710913] (-) TimerEvent: {}
[1.734508] (tndq_controller) Command: {'cmd': ['/usr/bin/python3', '-W', 'ignore:setup.py install is deprecated', '-W', 'ignore:easy_install command is deprecated', 'setup.py', 'develop', '--editable', '--build-directory', '/home/ljn/Projects/HyperdualQuaternions_modeling_robotic/tndq_ros2/build/tndq_controller/build', '--no-deps', 'symlink_data'], 'cwd': '/home/ljn/Projects/HyperdualQuaternions_modeling_robotic/tndq_ros2/build/tndq_controller', 'env': {'VSCODE_CWD': '/mnt/d/Qoder', 'USER': 'ljn', 'VSCODE_NLS_CONFIG': '{"userLocale":"en","osLocale":"en","resolvedLanguage":"en","defaultMessagesFile":"/home/ljn/.qoder-server/bin/e7b4b2e329eb9997104a636dbcab39fcc8a176a2/out/nls.messages.json","locale":"en","availableLanguages":{}}', 'SHLVL': '1', 'LD_LIBRARY_PATH': '/home/ljn/Projects/HyperdualQuaternions_modeling_robotic/Borot-Arm_Mujoco/install/rebotarm_msgs/lib:/opt/ros/jazzy/opt/rviz_ogre_vendor/lib:/opt/ros/jazzy/lib/x86_64-linux-gnu:/opt/ros/jazzy/opt/gz_math_vendor/lib:/opt/ros/jazzy/opt/gz_utils_vendor/lib:/opt/ros/jazzy/opt/gz_cmake_vendor/lib:/opt/ros/jazzy/lib', 'HOME': '/home/ljn', 'OLDPWD': '/home/ljn/Projects/HyperdualQuaternions_modeling_robotic', 'DISABLE_AUTO_UPDATE': 'true', 'ROS_PYTHON_VERSION': '3', 'npm_config_yes': 'true', 'VSCODE_PREVENT_SHELL_HISTORY': '1', 'DBUS_SESSION_BUS_ADDRESS': 'unix:path=/run/user/1000/bus', 'WSL_DISTRO_NAME': 'Ubuntu-24.04', 'WAYLAND_DISPLAY': 'wayland-0', 'COLCON_PREFIX_PATH': '/home/ljn/Projects/HyperdualQuaternions_modeling_robotic/Borot-Arm_Mujoco/install', 'ROS_DISTRO': 'jazzy', 'LOGNAME': 'ljn', 'NAME': 'LAPTOP-DTFUJ7OB', 'WSL_INTEROP': '/run/WSL/320_interop', 'VSCODE_HANDLES_SIGPIPE': 'true', 'PULSE_SERVER': 'unix:/mnt/wslg/PulseServer', '_': '/usr/bin/colcon', 'ROS_VERSION': '2', 'TERM': 'xterm-256color', 'PATH': '/opt/ros/jazzy/bin:/home/ljn/.elan/bin:/usr/local/sbin:/usr/local/bin:/usr/sbin:/usr/bin:/sbin:/bin:/usr/games:/usr/local/games:/usr/lib/wsl/lib:/mnt/c/Program Files (x86)/STMicroelectronics/stlink_server:/mnt/d/STM32/STM32CubeCLT_1.18.0:/mnt/d/STM32/STM32CubeCLT_1.18.0/CMake/bin:/mnt/d/STM32/STM32CubeCLT_1.18.0/Ninja/bin:/mnt/d/STM32/STM32CubeCLT_1.18.0/GNU-tools-for-STM32/bin:/mnt/d/STM32/STM32CubeCLT_1.18.0/STLink-gdb-server/bin:/mnt/d/STM32/STM32CubeCLT_1.18.0/STM32CubeProgrammer/bin:/mnt/d/Python/Scripts/:/mnt/d/Python/:/mnt/c/Program Files (x86)/Common Files/Oracle/Java/java8path:/mnt/c/Program Files (x86)/Common Files/Oracle/Java/javapath:/mnt/c/Windows/system32:/mnt/c/Windows:/mnt/c/Windows/System32/Wbem:/mnt/c/Windows/System32/WindowsPowerShell/v1.0/:/mnt/c/Windows/System32/OpenSSH/:/mnt/c/Program Files (x86)/NVIDIA Corporation/PhysX/Common:/mnt/c/Program Files/NVIDIA Corporation/NVIDIA NvDLISR:/mnt/c/WINDOWS/system32:/mnt/c/WINDOWS:/mnt/c/WINDOWS/System32/Wbem:/mnt/c/WINDOWS/System32/WindowsPowerShell/v1.0/:/mnt/c/WINDOWS/System32/OpenSSH/:/mnt/c/Program Files/c surroundings/mingw64/bin:/mnt/c/Program Files/dotnet/:/mnt/c/Program Files (x86)/Microsoft SQL Server/160/Tools/Binn/:/mnt/c/Program Files/Microsoft SQL Server/160/Tools/Binn/:/mnt/c/Program Files/Microsoft SQL Server/Client SDK/ODBC/170/Tools/Binn/:/mnt/c/Program Files/Microsoft SQL Server/160/DTS/Binn/:/mnt/c/Program Files (x86)/Windows Kits/8.1/Windows Performance Toolkit/:/mnt/c/Program Files/Git/cmd:/mnt/c/Program Files/usbipd-win/:/mnt/c/Users/LJN/AppData/Local/Microsoft/WindowsApps:/mnt/c/Users/LJN/AppData/Local/Programs/Microsoft VS Code/bin:/mnt/d/Clion/cube/CLion 2025.1.3/bin:/mnt/d/Qoder/bin:/mnt/c/Users/LJN/AppData/Local/Programs/Qoder IDE/bin:/snap/bin', 'XDG_RUNTIME_DIR': '/run/user/1000', 'DISPLAY': ':0', 'LANG': 'C.UTF-8', 'AMENT_PREFIX_PATH': '/home/ljn/Projects/HyperdualQuaternions_modeling_robotic/Borot-Arm_Mujoco/install/rebotarm_moveit_demos:/home/ljn/Projects/HyperdualQuaternions_modeling_robotic/Borot-Arm_Mujoco/install/rebotarm_moveit_config:/home/ljn/Projects/HyperdualQuaternions_modeling_robotic/Borot-Arm_Mujoco/install/rebotarm_bringup:/home/ljn/Projects/HyperdualQuaternions_modeling_robotic/Borot-Arm_Mujoco/install/rebotarmcontroller:/home/ljn/Projects/HyperdualQuaternions_modeling_robotic/Borot-Arm_Mujoco/install/rebotarm_mujoco:/home/ljn/Projects/HyperdualQuaternions_modeling_robotic/Borot-Arm_Mujoco/install/rebotarm_agent:/home/ljn/Projects/HyperdualQuaternions_modeling_robotic/Borot-Arm_Mujoco/install/rebotarm_msgs:/opt/ros/jazzy', 'DEBIAN_FRONTEND': 'noninteractive', 'SHELL': '/bin/bash', 'QODER_IDE': '1', 'QODER_AGENT': 'true', 'ROS_AUTOMATIC_DISCOVERY_RANGE': 'SUBNET', 'GIT_PAGER': 'cat', 'PWD': '/home/ljn/Projects/HyperdualQuaternions_modeling_robotic/tndq_ros2/build/tndq_controller', 'XDG_DATA_DIRS': '/usr/local/share:/usr/share:/var/lib/snapd/desktop', 'PYTHONPATH': '/home/ljn/Projects/HyperdualQuaternions_modeling_robotic/tndq_ros2/build/tndq_controller/prefix_override:/usr/lib/python3/dist-packages/colcon_core/task/python/colcon_distutils_commands:/home/ljn/Projects/HyperdualQuaternions_modeling_robotic/tndq_ros2/install/tndq_controller/lib/python3.12/site-packages:/home/ljn/Projects/HyperdualQuaternions_modeling_robotic/Borot-Arm_Mujoco/build/rebotarm_moveit_demos:/home/ljn/Projects/HyperdualQuaternions_modeling_robotic/Borot-Arm_Mujoco/install/rebotarm_moveit_demos/lib/python3.12/site-packages:/home/ljn/Projects/HyperdualQuaternions_modeling_robotic/Borot-Arm_Mujoco/build/rebotarm_bringup:/home/ljn/Projects/HyperdualQuaternions_modeling_robotic/Borot-Arm_Mujoco/install/rebotarm_bringup/lib/python3.12/site-packages:/home/ljn/Projects/HyperdualQuaternions_modeling_robotic/Borot-Arm_Mujoco/build/rebotarmcontroller:/home/ljn/Projects/HyperdualQuaternions_modeling_robotic/Borot-Arm_Mujoco/install/rebotarmcontroller/lib/python3.12/site-packages:/home/ljn/Projects/HyperdualQuaternions_modeling_robotic/Borot-Arm_Mujoco/build/rebotarm_mujoco:/home/ljn/Projects/HyperdualQuaternions_modeling_robotic/Borot-Arm_Mujoco/install/rebotarm_mujoco/lib/python3.12/site-packages:/home/ljn/Projects/HyperdualQuaternions_modeling_robotic/Borot-Arm_Mujoco/build/rebotarm_agent:/home/ljn/Projects/HyperdualQuaternions_modeling_robotic/Borot-Arm_Mujoco/install/rebotarm_agent/lib/python3.12/site-packages:/home/ljn/Projects/HyperdualQuaternions_modeling_robotic/Borot-Arm_Mujoco/install/rebotarm_msgs/lib/python3.12/site-packages:/opt/ros/jazzy/lib/python3.12/site-packages', 'COLCON': '1', 'PIP_NO_INPUT': 'true', 'WSL2_GUI_APPS_ENABLED': '1', 'FEATURE_FLAGS': '{"welcomeFirstLaunchKey":"qoder.firstLaunch","welcomeOnboardingUseCustomStyle":false,"questModeSupportRemote":true,"questModeSupportMarketPlace":true,"currentPlanTitleKey":"application.config.general.plan.currentPlan.title","enableCreditUsage":true,"authUserPlanLocale":false,"creditUsageFromQauth":true,"hasDedicatedUrlSetting":false,"showWelcomeMessage":false,"showModelTierSelector":true,"showModelSelector":false,"showEnterpriseModels":true,"preferredLanguageSupportOnlyZhAndEn":false,"enableSecurityFilter":false,"enableCodeChanges":false,"enableGitCommit":false,"defaultBigModelEndpoint":"https://center.qoder.sh","defaultDynamicEndpoint":"https://api2.qoder.sh","defaultLoginBaseUrl":"https://qoder.com/device/selectAccounts","defaultOpenApiBaseUrl":"https://openapi.qoder.sh","defaultQuestServerEndpoint":"https://qts2.qoder.sh","supportOrganizationCommand":false,"qoderDirectAuth":true,"liveVoiceUseQcs":true,"feedbackMethodIsEmail":true,"supportVoiceInput":true,"supportSecurity":true,"isQoderByokType":true,"supportPersonalTokenLogin":false,"supportQoderPatLogin":false,"pendingQueryNamespace":"qoder","supportExpertsMode":true,"showAIGeneratedDisclaimer":false,"questSupportSupabase":true,"enableRegionDiscovery":true,"regionCacheOverridesStaticEndpoints":false,"marketplaceRedirtDedicatedUrl":false,"lingmaDataCompatible":false,"onboardingDefaultLanguage":"en","supportLiteFreeModel":true,"supportTitleBarCampaign":false}', 'HOSTTYPE': 'x86_64', 'CMAKE_PREFIX_PATH': '/home/ljn/Projects/HyperdualQuaternions_modeling_robotic/Borot-Arm_Mujoco/install/rebotarm_moveit_config:/home/ljn/Projects/HyperdualQuaternions_modeling_robotic/Borot-Arm_Mujoco/install/rebotarm_msgs:/opt/ros/jazzy/opt/gz_math_vendor:/opt/ros/jazzy/opt/gz_utils_vendor:/opt/ros/jazzy/opt/gz_cmake_vendor', 'WSLENV': ''}, 'shell': False}
[1.811495] (-) TimerEvent: {}
[1.911915] (-) TimerEvent: {}
[2.012308] (-) TimerEvent: {}
[2.112725] (-) TimerEvent: {}
[2.213023] (-) TimerEvent: {}
[2.214832] (tndq_controller) StdoutLine: {'line': b'running develop\n'}
[2.313159] (-) TimerEvent: {}
[2.413559] (-) TimerEvent: {}
[2.479605] (tndq_controller) StdoutLine: {'line': b'running egg_info\n'}
[2.502312] (tndq_controller) StdoutLine: {'line': b'writing tndq_controller.egg-info/PKG-INFO\n'}
[2.503053] (tndq_controller) StdoutLine: {'line': b'writing dependency_links to tndq_controller.egg-info/dependency_links.txt\n'}
[2.503442] (tndq_controller) StdoutLine: {'line': b'writing entry points to tndq_controller.egg-info/entry_points.txt\n'}
[2.503521] (tndq_controller) StdoutLine: {'line': b'writing requirements to tndq_controller.egg-info/requires.txt\n'}
[2.503595] (tndq_controller) StdoutLine: {'line': b'writing top-level names to tndq_controller.egg-info/top_level.txt\n'}
[2.513746] (-) TimerEvent: {}
[2.548453] (tndq_controller) StdoutLine: {'line': b"reading manifest file 'tndq_controller.egg-info/SOURCES.txt'\n"}
[2.549482] (tndq_controller) StdoutLine: {'line': b"writing manifest file 'tndq_controller.egg-info/SOURCES.txt'\n"}
[2.583004] (tndq_controller) StdoutLine: {'line': b'running build_ext\n'}
[2.583181] (tndq_controller) StdoutLine: {'line': b'Creating /home/ljn/Projects/HyperdualQuaternions_modeling_robotic/tndq_ros2/install/tndq_controller/lib/python3.12/site-packages/tndq-controller.egg-link (link to .)\n'}
[2.583685] (tndq_controller) StdoutLine: {'line': b'Installing tndq_controller script to /home/ljn/Projects/HyperdualQuaternions_modeling_robotic/tndq_ros2/install/tndq_controller/lib/tndq_controller\n'}
[2.584019] (tndq_controller) StdoutLine: {'line': b'\n'}
[2.584082] (tndq_controller) StdoutLine: {'line': b'Installed /home/ljn/Projects/HyperdualQuaternions_modeling_robotic/tndq_ros2/build/tndq_controller\n'}
[2.584130] (tndq_controller) StdoutLine: {'line': b'running symlink_data\n'}
[2.613993] (-) TimerEvent: {}
[2.651951] (tndq_controller) CommandEnded: {'returncode': 0}
[2.671043] (tndq_controller) JobEnded: {'identifier': 'tndq_controller', 'rc': 0}
[2.672061] (-) EventReactorShutdown: {}
