[0.240s] DEBUG:colcon:Command line arguments: ['/usr/bin/colcon', 'build', '--symlink-install']
[0.240s] DEBUG:colcon:Parsed command line arguments: Namespace(log_base=None, log_level=None, verb_name='build', build_base='build', install_base='install', merge_install=False, symlink_install=True, test_result_base=None, continue_on_error=False, executor='parallel', parallel_workers=8, event_handlers=None, ignore_user_meta=False, metas=['./colcon.meta'], base_paths=['.'], packages_ignore=None, packages_ignore_regex=None, paths=None, packages_up_to=None, packages_up_to_regex=None, packages_above=None, packages_above_and_dependencies=None, packages_above_depth=None, packages_select_by_dep=None, packages_skip_by_dep=None, packages_skip_up_to=None, packages_select_build_failed=False, packages_skip_build_finished=False, packages_select_test_failures=False, packages_skip_test_passed=False, packages_select=None, packages_skip=None, packages_select_regex=None, packages_skip_regex=None, packages_start=None, packages_end=None, allow_overriding=[], cmake_args=None, cmake_target=None, cmake_target_skip_unavailable=False, cmake_clean_cache=False, cmake_clean_first=False, cmake_force_configure=False, ament_cmake_args=None, catkin_cmake_args=None, catkin_skip_building_tests=False, mixin_files=None, mixin=None, verb_parser=<colcon_mixin.mixin.mixin_argument.MixinArgumentDecorator object at 0x73171d0cc3e0>, verb_extension=<colcon_core.verb.build.BuildVerb object at 0x73171d1e6c60>, main=<bound method BuildVerb.main of <colcon_core.verb.build.BuildVerb object at 0x73171d1e6c60>>, mixin_verb=('build',))
[0.296s] Level 1:colcon.colcon_core.package_discovery:discover_packages(colcon_meta) check parameters
[0.296s] Level 1:colcon.colcon_core.package_discovery:discover_packages(recursive) check parameters
[0.296s] Level 1:colcon.colcon_core.package_discovery:discover_packages(ignore) check parameters
[0.296s] Level 1:colcon.colcon_core.package_discovery:discover_packages(path) check parameters
[0.297s] Level 1:colcon.colcon_core.package_discovery:discover_packages(colcon_meta) discover
[0.297s] Level 1:colcon.colcon_core.package_discovery:discover_packages(recursive) discover
[0.297s] INFO:colcon.colcon_core.package_discovery:Crawling recursively for packages in '/home/ljn/Projects/HyperdualQuaternions_modeling_robotic/tndq_ros2'
[0.297s] Level 1:colcon.colcon_core.package_identification:_identify(.) by extensions ['ignore', 'ignore_ament_install']
[0.297s] Level 1:colcon.colcon_core.package_identification:_identify(.) by extension 'ignore'
[0.298s] Level 1:colcon.colcon_core.package_identification:_identify(.) by extension 'ignore_ament_install'
[0.298s] Level 1:colcon.colcon_core.package_identification:_identify(.) by extensions ['colcon_pkg']
[0.298s] Level 1:colcon.colcon_core.package_identification:_identify(.) by extension 'colcon_pkg'
[0.298s] Level 1:colcon.colcon_core.package_identification:_identify(.) by extensions ['colcon_meta']
[0.298s] Level 1:colcon.colcon_core.package_identification:_identify(.) by extension 'colcon_meta'
[0.298s] Level 1:colcon.colcon_core.package_identification:_identify(.) by extensions ['ros']
[0.298s] Level 1:colcon.colcon_core.package_identification:_identify(.) by extension 'ros'
[0.339s] Level 1:colcon.colcon_core.package_identification:_identify(.) by extensions ['cmake', 'python']
[0.339s] Level 1:colcon.colcon_core.package_identification:_identify(.) by extension 'cmake'
[0.339s] Level 1:colcon.colcon_core.package_identification:_identify(.) by extension 'python'
[0.339s] Level 1:colcon.colcon_core.package_identification:_identify(.) by extensions ['python_setup_py']
[0.339s] Level 1:colcon.colcon_core.package_identification:_identify(.) by extension 'python_setup_py'
[0.339s] Level 1:colcon.colcon_core.package_identification:_identify(build) by extensions ['ignore', 'ignore_ament_install']
[0.339s] Level 1:colcon.colcon_core.package_identification:_identify(build) by extension 'ignore'
[0.340s] Level 1:colcon.colcon_core.package_identification:_identify(build) ignored
[0.340s] Level 1:colcon.colcon_core.package_identification:_identify(install) by extensions ['ignore', 'ignore_ament_install']
[0.340s] Level 1:colcon.colcon_core.package_identification:_identify(install) by extension 'ignore'
[0.340s] Level 1:colcon.colcon_core.package_identification:_identify(install) ignored
[0.340s] Level 1:colcon.colcon_core.package_identification:_identify(log) by extensions ['ignore', 'ignore_ament_install']
[0.340s] Level 1:colcon.colcon_core.package_identification:_identify(log) by extension 'ignore'
[0.340s] Level 1:colcon.colcon_core.package_identification:_identify(log) ignored
[0.340s] Level 1:colcon.colcon_core.package_identification:_identify(src) by extensions ['ignore', 'ignore_ament_install']
[0.340s] Level 1:colcon.colcon_core.package_identification:_identify(src) by extension 'ignore'
[0.340s] Level 1:colcon.colcon_core.package_identification:_identify(src) by extension 'ignore_ament_install'
[0.340s] Level 1:colcon.colcon_core.package_identification:_identify(src) by extensions ['colcon_pkg']
[0.340s] Level 1:colcon.colcon_core.package_identification:_identify(src) by extension 'colcon_pkg'
[0.341s] Level 1:colcon.colcon_core.package_identification:_identify(src) by extensions ['colcon_meta']
[0.341s] Level 1:colcon.colcon_core.package_identification:_identify(src) by extension 'colcon_meta'
[0.341s] Level 1:colcon.colcon_core.package_identification:_identify(src) by extensions ['ros']
[0.341s] Level 1:colcon.colcon_core.package_identification:_identify(src) by extension 'ros'
[0.341s] Level 1:colcon.colcon_core.package_identification:_identify(src) by extensions ['cmake', 'python']
[0.341s] Level 1:colcon.colcon_core.package_identification:_identify(src) by extension 'cmake'
[0.341s] Level 1:colcon.colcon_core.package_identification:_identify(src) by extension 'python'
[0.341s] Level 1:colcon.colcon_core.package_identification:_identify(src) by extensions ['python_setup_py']
[0.341s] Level 1:colcon.colcon_core.package_identification:_identify(src) by extension 'python_setup_py'
[0.341s] Level 1:colcon.colcon_core.package_identification:_identify(src/tndq_controller) by extensions ['ignore', 'ignore_ament_install']
[0.341s] Level 1:colcon.colcon_core.package_identification:_identify(src/tndq_controller) by extension 'ignore'
[0.341s] Level 1:colcon.colcon_core.package_identification:_identify(src/tndq_controller) by extension 'ignore_ament_install'
[0.341s] Level 1:colcon.colcon_core.package_identification:_identify(src/tndq_controller) by extensions ['colcon_pkg']
[0.341s] Level 1:colcon.colcon_core.package_identification:_identify(src/tndq_controller) by extension 'colcon_pkg'
[0.342s] Level 1:colcon.colcon_core.package_identification:_identify(src/tndq_controller) by extensions ['colcon_meta']
[0.342s] Level 1:colcon.colcon_core.package_identification:_identify(src/tndq_controller) by extension 'colcon_meta'
[0.342s] Level 1:colcon.colcon_core.package_identification:_identify(src/tndq_controller) by extensions ['ros']
[0.342s] Level 1:colcon.colcon_core.package_identification:_identify(src/tndq_controller) by extension 'ros'
[0.349s] DEBUG:colcon.colcon_core.package_identification:Package 'src/tndq_controller' with type 'ros.ament_python' and name 'tndq_controller'
[0.349s] Level 1:colcon.colcon_core.package_discovery:discover_packages(recursive) using defaults
[0.349s] Level 1:colcon.colcon_core.package_discovery:discover_packages(ignore) discover
[0.349s] Level 1:colcon.colcon_core.package_discovery:discover_packages(ignore) using defaults
[0.349s] Level 1:colcon.colcon_core.package_discovery:discover_packages(path) discover
[0.349s] Level 1:colcon.colcon_core.package_discovery:discover_packages(path) using defaults
[0.373s] Level 1:colcon.colcon_core.package_discovery:discover_packages(prefix_path) check parameters
[0.373s] Level 1:colcon.colcon_core.package_discovery:discover_packages(prefix_path) discover
[0.376s] DEBUG:colcon.colcon_installed_package_information.package_discovery:Found 7 installed packages in /home/ljn/Projects/HyperdualQuaternions_modeling_robotic/Borot-Arm_Mujoco/install
[0.378s] DEBUG:colcon.colcon_installed_package_information.package_discovery:Found 343 installed packages in /opt/ros/jazzy
[0.381s] Level 1:colcon.colcon_core.package_discovery:discover_packages(prefix_path) using defaults
[0.438s] Level 5:colcon.colcon_core.verb:set package 'tndq_controller' build argument 'cmake_args' from command line to 'None'
[0.438s] Level 5:colcon.colcon_core.verb:set package 'tndq_controller' build argument 'cmake_target' from command line to 'None'
[0.438s] Level 5:colcon.colcon_core.verb:set package 'tndq_controller' build argument 'cmake_target_skip_unavailable' from command line to 'False'
[0.438s] Level 5:colcon.colcon_core.verb:set package 'tndq_controller' build argument 'cmake_clean_cache' from command line to 'False'
[0.438s] Level 5:colcon.colcon_core.verb:set package 'tndq_controller' build argument 'cmake_clean_first' from command line to 'False'
[0.438s] Level 5:colcon.colcon_core.verb:set package 'tndq_controller' build argument 'cmake_force_configure' from command line to 'False'
[0.438s] Level 5:colcon.colcon_core.verb:set package 'tndq_controller' build argument 'ament_cmake_args' from command line to 'None'
[0.438s] Level 5:colcon.colcon_core.verb:set package 'tndq_controller' build argument 'catkin_cmake_args' from command line to 'None'
[0.438s] Level 5:colcon.colcon_core.verb:set package 'tndq_controller' build argument 'catkin_skip_building_tests' from command line to 'False'
[0.439s] DEBUG:colcon.colcon_core.verb:Building package 'tndq_controller' with the following arguments: {'ament_cmake_args': None, 'build_base': '/home/ljn/Projects/HyperdualQuaternions_modeling_robotic/tndq_ros2/build/tndq_controller', 'catkin_cmake_args': None, 'catkin_skip_building_tests': False, 'cmake_args': None, 'cmake_clean_cache': False, 'cmake_clean_first': False, 'cmake_force_configure': False, 'cmake_target': None, 'cmake_target_skip_unavailable': False, 'install_base': '/home/ljn/Projects/HyperdualQuaternions_modeling_robotic/tndq_ros2/install/tndq_controller', 'merge_install': False, 'path': '/home/ljn/Projects/HyperdualQuaternions_modeling_robotic/tndq_ros2/src/tndq_controller', 'symlink_install': True, 'test_result_base': None}
[0.439s] INFO:colcon.colcon_core.executor:Executing jobs using 'parallel' executor
[0.440s] DEBUG:colcon.colcon_parallel_executor.executor.parallel:run_until_complete
[0.441s] INFO:colcon.colcon_ros.task.ament_python.build:Building ROS package in '/home/ljn/Projects/HyperdualQuaternions_modeling_robotic/tndq_ros2/src/tndq_controller' with build type 'ament_python'
[0.442s] Level 1:colcon.colcon_core.shell:create_environment_hook('tndq_controller', 'ament_prefix_path')
[0.447s] INFO:colcon.colcon_core.plugin_system:Skipping extension 'colcon_core.shell.bat': Not used on non-Windows systems
[0.447s] INFO:colcon.colcon_core.shell:Creating environment hook '/home/ljn/Projects/HyperdualQuaternions_modeling_robotic/tndq_ros2/install/tndq_controller/share/tndq_controller/hook/ament_prefix_path.ps1'
[0.448s] INFO:colcon.colcon_core.shell:Creating environment descriptor '/home/ljn/Projects/HyperdualQuaternions_modeling_robotic/tndq_ros2/install/tndq_controller/share/tndq_controller/hook/ament_prefix_path.dsv'
[0.448s] INFO:colcon.colcon_core.shell:Creating environment hook '/home/ljn/Projects/HyperdualQuaternions_modeling_robotic/tndq_ros2/install/tndq_controller/share/tndq_controller/hook/ament_prefix_path.sh'
[0.449s] INFO:colcon.colcon_core.shell:Skip shell extension 'powershell' for command environment: Not usable outside of PowerShell
[0.449s] DEBUG:colcon.colcon_core.shell:Skip shell extension 'dsv' for command environment
[0.778s] INFO:colcon.colcon_core.task.python.build:Building Python package in '/home/ljn/Projects/HyperdualQuaternions_modeling_robotic/tndq_ros2/src/tndq_controller'
[0.781s] INFO:colcon.colcon_core.shell:Skip shell extension 'powershell' for command environment: Not usable outside of PowerShell
[0.781s] DEBUG:colcon.colcon_core.shell:Skip shell extension 'dsv' for command environment
[1.663s] DEBUG:colcon.colcon_core.task.python.build:Available setuptools commands: editable_wheel, saveopts, install_scripts, bdist, setopt, install, build_py, build, install_data, sdist, symlink_data, update_catalog, build_clib, register, develop, egg_info, compile_catalog, init_catalog, bdist_wheel, dist_info, easy_install, test, install_egg_info, build_ext, install_headers, upload, alias, rotate, upload_docs, bdist_egg, clean, build_scripts, bdist_dumb, check, bdist_rpm, install_lib, extract_messages
[2.174s] DEBUG:colcon.colcon_core.task.python.build:Available setuptools 'develop' options: --editable, --install-dir, --prefix, --always-unzip, --no-find-links, --egg-path, --force-installation-into-system-dir, --record, --no-user-cfg, --site-dirs, --find-links, --index-url, --always-copy, --optimize, --upgrade, --script-dir, --no-deps, --help, --quiet, --local-snapshots-ok, --exclude-scripts, --uninstall, --multi-version, --build-directory, --install-layout, --verbose, --user, --allow-hosts, --zip-ok, --dry-run, --version
[2.176s] DEBUG:colcon.colcon_core.event_handler.log_command:Invoking command in '/home/ljn/Projects/HyperdualQuaternions_modeling_robotic/tndq_ros2/build/tndq_controller': PYTHONPATH=/home/ljn/Projects/HyperdualQuaternions_modeling_robotic/tndq_ros2/build/tndq_controller/prefix_override:/usr/lib/python3/dist-packages/colcon_core/task/python/colcon_distutils_commands:/home/ljn/Projects/HyperdualQuaternions_modeling_robotic/tndq_ros2/install/tndq_controller/lib/python3.12/site-packages:${PYTHONPATH} /usr/bin/python3 -W ignore:setup.py install is deprecated -W ignore:easy_install command is deprecated setup.py develop --editable --build-directory /home/ljn/Projects/HyperdualQuaternions_modeling_robotic/tndq_ros2/build/tndq_controller/build --no-deps symlink_data
[3.092s] Level 1:colcon.colcon_core.shell:create_environment_hook('tndq_controller', 'pythonpath_develop')
[3.093s] INFO:colcon.colcon_core.shell:Creating environment hook '/home/ljn/Projects/HyperdualQuaternions_modeling_robotic/tndq_ros2/build/tndq_controller/share/tndq_controller/hook/pythonpath_develop.ps1'
[3.094s] DEBUG:colcon.colcon_core.event_handler.log_command:Invoked command in '/home/ljn/Projects/HyperdualQuaternions_modeling_robotic/tndq_ros2/build/tndq_controller' returned '0': PYTHONPATH=/home/ljn/Projects/HyperdualQuaternions_modeling_robotic/tndq_ros2/build/tndq_controller/prefix_override:/usr/lib/python3/dist-packages/colcon_core/task/python/colcon_distutils_commands:/home/ljn/Projects/HyperdualQuaternions_modeling_robotic/tndq_ros2/install/tndq_controller/lib/python3.12/site-packages:${PYTHONPATH} /usr/bin/python3 -W ignore:setup.py install is deprecated -W ignore:easy_install command is deprecated setup.py develop --editable --build-directory /home/ljn/Projects/HyperdualQuaternions_modeling_robotic/tndq_ros2/build/tndq_controller/build --no-deps symlink_data
[3.096s] INFO:colcon.colcon_core.shell:Creating environment descriptor '/home/ljn/Projects/HyperdualQuaternions_modeling_robotic/tndq_ros2/build/tndq_controller/share/tndq_controller/hook/pythonpath_develop.dsv'
[3.098s] INFO:colcon.colcon_core.shell:Creating environment hook '/home/ljn/Projects/HyperdualQuaternions_modeling_robotic/tndq_ros2/build/tndq_controller/share/tndq_controller/hook/pythonpath_develop.sh'
[3.101s] Level 1:colcon.colcon_core.environment:checking '/home/ljn/Projects/HyperdualQuaternions_modeling_robotic/tndq_ros2/install/tndq_controller' for CMake module files
[3.101s] Level 1:colcon.colcon_core.environment:checking '/home/ljn/Projects/HyperdualQuaternions_modeling_robotic/tndq_ros2/install/tndq_controller' for CMake config files
[3.102s] Level 1:colcon.colcon_core.environment:checking '/home/ljn/Projects/HyperdualQuaternions_modeling_robotic/tndq_ros2/install/tndq_controller/lib'
[3.102s] Level 1:colcon.colcon_core.environment:checking '/home/ljn/Projects/HyperdualQuaternions_modeling_robotic/tndq_ros2/install/tndq_controller/bin'
[3.102s] Level 1:colcon.colcon_core.environment:checking '/home/ljn/Projects/HyperdualQuaternions_modeling_robotic/tndq_ros2/install/tndq_controller/lib/pkgconfig/tndq_controller.pc'
[3.102s] Level 1:colcon.colcon_core.environment:checking '/home/ljn/Projects/HyperdualQuaternions_modeling_robotic/tndq_ros2/install/tndq_controller/lib/python3.12/site-packages'
[3.103s] Level 1:colcon.colcon_core.shell:create_environment_hook('tndq_controller', 'pythonpath')
[3.103s] INFO:colcon.colcon_core.shell:Creating environment hook '/home/ljn/Projects/HyperdualQuaternions_modeling_robotic/tndq_ros2/install/tndq_controller/share/tndq_controller/hook/pythonpath.ps1'
[3.104s] INFO:colcon.colcon_core.shell:Creating environment descriptor '/home/ljn/Projects/HyperdualQuaternions_modeling_robotic/tndq_ros2/install/tndq_controller/share/tndq_controller/hook/pythonpath.dsv'
[3.104s] INFO:colcon.colcon_core.shell:Creating environment hook '/home/ljn/Projects/HyperdualQuaternions_modeling_robotic/tndq_ros2/install/tndq_controller/share/tndq_controller/hook/pythonpath.sh'
[3.105s] Level 1:colcon.colcon_core.environment:checking '/home/ljn/Projects/HyperdualQuaternions_modeling_robotic/tndq_ros2/install/tndq_controller/bin'
[3.105s] Level 1:colcon.colcon_core.environment:create_environment_scripts_only(tndq_controller)
[3.106s] INFO:colcon.colcon_core.shell:Creating package script '/home/ljn/Projects/HyperdualQuaternions_modeling_robotic/tndq_ros2/install/tndq_controller/share/tndq_controller/package.ps1'
[3.108s] INFO:colcon.colcon_core.shell:Creating package descriptor '/home/ljn/Projects/HyperdualQuaternions_modeling_robotic/tndq_ros2/install/tndq_controller/share/tndq_controller/package.dsv'
[3.109s] INFO:colcon.colcon_core.shell:Creating package script '/home/ljn/Projects/HyperdualQuaternions_modeling_robotic/tndq_ros2/install/tndq_controller/share/tndq_controller/package.sh'
[3.110s] INFO:colcon.colcon_core.shell:Creating package script '/home/ljn/Projects/HyperdualQuaternions_modeling_robotic/tndq_ros2/install/tndq_controller/share/tndq_controller/package.bash'
[3.110s] INFO:colcon.colcon_core.shell:Creating package script '/home/ljn/Projects/HyperdualQuaternions_modeling_robotic/tndq_ros2/install/tndq_controller/share/tndq_controller/package.zsh'
[3.111s] Level 1:colcon.colcon_core.environment:create_file_with_runtime_dependencies(/home/ljn/Projects/HyperdualQuaternions_modeling_robotic/tndq_ros2/install/tndq_controller/share/colcon-core/packages/tndq_controller)
[3.111s] DEBUG:colcon.colcon_parallel_executor.executor.parallel:closing loop
[3.112s] DEBUG:colcon.colcon_parallel_executor.executor.parallel:loop closed
[3.112s] DEBUG:colcon.colcon_parallel_executor.executor.parallel:run_until_complete finished with '0'
[3.112s] DEBUG:colcon.colcon_core.event_reactor:joining thread
[3.121s] INFO:colcon.colcon_core.plugin_system:Skipping extension 'colcon_notification.desktop_notification.terminal_notifier': Not used on non-Darwin systems
[3.121s] INFO:colcon.colcon_core.plugin_system:Skipping extension 'colcon_notification.desktop_notification.win32': Not used on non-Windows systems
[3.121s] INFO:colcon.colcon_notification.desktop_notification:Sending desktop notification using 'notify2'
[3.123s] DEBUG:colcon.colcon_notification.desktop_notification.notify2:Failed to initialize notify2: org.freedesktop.DBus.Error.ServiceUnknown: The name org.freedesktop.Notifications was not provided by any .service files
[3.123s] DEBUG:colcon.colcon_core.event_reactor:joined thread
[3.123s] INFO:colcon.colcon_core.shell:Creating prefix script '/home/ljn/Projects/HyperdualQuaternions_modeling_robotic/tndq_ros2/install/local_setup.ps1'
[3.124s] INFO:colcon.colcon_core.shell:Creating prefix util module '/home/ljn/Projects/HyperdualQuaternions_modeling_robotic/tndq_ros2/install/_local_setup_util_ps1.py'
[3.125s] INFO:colcon.colcon_core.shell:Creating prefix chain script '/home/ljn/Projects/HyperdualQuaternions_modeling_robotic/tndq_ros2/install/setup.ps1'
[3.127s] INFO:colcon.colcon_core.shell:Creating prefix script '/home/ljn/Projects/HyperdualQuaternions_modeling_robotic/tndq_ros2/install/local_setup.sh'
[3.128s] INFO:colcon.colcon_core.shell:Creating prefix util module '/home/ljn/Projects/HyperdualQuaternions_modeling_robotic/tndq_ros2/install/_local_setup_util_sh.py'
[3.129s] INFO:colcon.colcon_core.shell:Creating prefix chain script '/home/ljn/Projects/HyperdualQuaternions_modeling_robotic/tndq_ros2/install/setup.sh'
[3.132s] INFO:colcon.colcon_core.shell:Creating prefix script '/home/ljn/Projects/HyperdualQuaternions_modeling_robotic/tndq_ros2/install/local_setup.bash'
[3.132s] INFO:colcon.colcon_core.shell:Creating prefix chain script '/home/ljn/Projects/HyperdualQuaternions_modeling_robotic/tndq_ros2/install/setup.bash'
[3.133s] INFO:colcon.colcon_core.shell:Creating prefix script '/home/ljn/Projects/HyperdualQuaternions_modeling_robotic/tndq_ros2/install/local_setup.zsh'
[3.134s] INFO:colcon.colcon_core.shell:Creating prefix chain script '/home/ljn/Projects/HyperdualQuaternions_modeling_robotic/tndq_ros2/install/setup.zsh'
