running develop
running egg_info
creating tndq_controller.egg-info
writing tndq_controller.egg-info/PKG-INFO
writing dependency_links to tndq_controller.egg-info/dependency_links.txt
writing entry points to tndq_controller.egg-info/entry_points.txt
writing requirements to tndq_controller.egg-info/requires.txt
writing top-level names to tndq_controller.egg-info/top_level.txt
writing manifest file 'tndq_controller.egg-info/SOURCES.txt'
reading manifest file 'tndq_controller.egg-info/SOURCES.txt'
writing manifest file 'tndq_controller.egg-info/SOURCES.txt'
running build_ext
Creating /home/ljn/Projects/HyperdualQuaternions_modeling_robotic/tndq_ros2/install/tndq_controller/lib/python3.12/site-packages/tndq-controller.egg-link (link to .)
Installing tndq_controller script to /home/ljn/Projects/HyperdualQuaternions_modeling_robotic/tndq_ros2/install/tndq_controller/lib/tndq_controller

Installed /home/ljn/Projects/HyperdualQuaternions_modeling_robotic/tndq_ros2/build/tndq_controller
running symlink_data
creating /home/ljn/Projects/HyperdualQuaternions_modeling_robotic/tndq_ros2/install/tndq_controller/share
creating /home/ljn/Projects/HyperdualQuaternions_modeling_robotic/tndq_ros2/install/tndq_controller/share/ament_index
creating /home/ljn/Projects/HyperdualQuaternions_modeling_robotic/tndq_ros2/install/tndq_controller/share/ament_index/resource_index
creating /home/ljn/Projects/HyperdualQuaternions_modeling_robotic/tndq_ros2/install/tndq_controller/share/ament_index/resource_index/packages
symbolically linking /home/ljn/Projects/HyperdualQuaternions_modeling_robotic/tndq_ros2/build/tndq_controller/resource/tndq_controller -> /home/ljn/Projects/HyperdualQuaternions_modeling_robotic/tndq_ros2/install/tndq_controller/share/ament_index/resource_index/packages
creating /home/ljn/Projects/HyperdualQuaternions_modeling_robotic/tndq_ros2/install/tndq_controller/share/tndq_controller
symbolically linking /home/ljn/Projects/HyperdualQuaternions_modeling_robotic/tndq_ros2/build/tndq_controller/package.xml -> /home/ljn/Projects/HyperdualQuaternions_modeling_robotic/tndq_ros2/install/tndq_controller/share/tndq_controller
creating /home/ljn/Projects/HyperdualQuaternions_modeling_robotic/tndq_ros2/install/tndq_controller/share/tndq_controller/launch
symbolically linking /home/ljn/Projects/HyperdualQuaternions_modeling_robotic/tndq_ros2/build/tndq_controller/launch/tndq_control.launch.py -> /home/ljn/Projects/HyperdualQuaternions_modeling_robotic/tndq_ros2/install/tndq_controller/share/tndq_controller/launch
creating /home/ljn/Projects/HyperdualQuaternions_modeling_robotic/tndq_ros2/install/tndq_controller/share/tndq_controller/config
symbolically linking /home/ljn/Projects/HyperdualQuaternions_modeling_robotic/tndq_ros2/build/tndq_controller/config/tndq_controller.yaml -> /home/ljn/Projects/HyperdualQuaternions_modeling_robotic/tndq_ros2/install/tndq_controller/share/tndq_controller/config
