WARNING: All log messages before absl::InitializeLog() is called are written to STDERR
E0000 00:00:1787303865.379092  816545 descriptor_database.cc:633] File already exists in database: grpc/health/v1/health.proto
W0000 00:00:1787303865.379128  816545 message.cc:301] Protobuf GeneratedMessageFactory: File is already registered: grpc/health/v1/health.proto
2026-08-21T09:17:45Z [Info] [carb] Logging to file: /home/liang/isaacsim/kit/logs/Kit/Isaac-Sim Python/6.0/kit_20260821_171745.log
[0.054s] [ext: omni.assets.plugins-0.0.0] startup
[0.055s] [ext: omni.blobkey-1.1.2] startup
[0.055s] [ext: omni.kit.async_engine-0.0.3] startup
[0.304s] [ext: omni.client.lib-1.1.1] startup
[0.313s] [ext: omni.client-1.3.0] startup
[0.316s] [ext: omni.protobuf.lib-1.0.0] startup
[0.317s] [ext: omni.grpc.lib-1.0.0] startup
[0.319s] [ext: omni.metrics.core-0.0.3] startup
[0.320s] [ext: omni.datastore-0.0.0] startup
[0.320s] [ext: omni.gpu_foundation.shadercache.vulkan-1.0.0] startup
[0.323s] [ext: omni.hsscclient-1.1.4] startup
[0.324s] [ext: omni.stats-1.0.1] startup
[0.325s] [ext: omni.ujitso.default-1.0.0] startup
[0.327s] [ext: omni.gpu_foundation-0.0.0] startup
[0.480s] [ext: carb.windowing.plugins-1.0.1] startup
[0.480s] [ext: omni.kit.renderer.init-1.0.1] startup
2026-08-21T09:17:45Z [712ms] [Warning] [omni.rtx] Skipping unsupported non-NVIDIA GPU: AMD Ryzen 7 9700X 8-Core Processor (RADV RAPHAEL_MENDOCINO)
2026-08-21T09:17:45Z [713ms] [Warning] [omni.rtx] Skipping unsupported non-NVIDIA GPU: AMD Ryzen 7 9700X 8-Core Processor (RADV RAPHAEL_MENDOCINO)

|---------------------------------------------------------------------------------------------|
| Driver Version: 580.173.02    | Graphics API: Vulkan
|=============================================================================================|
| GPU | Name                             | Active | LDA | GPU Memory | Vendor-ID | LUID       |
|     |                                  |        |     |            | Device-ID | UUID       |
|     |                                  |        |     |            | Bus-ID    |            |
|---------------------------------------------------------------------------------------------|
| 0   | NVIDIA GeForce RTX 5070 Ti       | Yes: 0 |     | 16303   MB | 10de      | 0          |
|     |                                  |        |     |            | 2c05      | bee4013a.. |
|     |                                  |        |     |            | 1         |            |
|---------------------------------------------------------------------------------------------|
| 1   | AMD Ryzen 7 9700X 8-Core Proce.. |        |     | 10719   MB | 1002      | 0          |
|     |                                  |        |     |            | 13c0      | 00000000.. |
|     |                                  |        |     |            | 13        |            |
|=============================================================================================|
| OS: 24.04.4 LTS (Noble Numbat) ubuntu, Version: 24.04.4, Kernel: 7.0.0-29-generic
| XServer Vendor: The X.Org Foundation, XServer Version: 12101011 (1.21.1.11)
| Processor: AMD Ryzen 7 9700X 8-Core Processor
| Cores: 8 | Logical Cores: 16
|---------------------------------------------------------------------------------------------|
| Total Memory (MB): 31134 | Free Memory: 17708
| Total Page/Swap (MB): 8191 | Free Page/Swap: 8191
|---------------------------------------------------------------------------------------------|
2026-08-21T09:17:46Z [948ms] [Warning] [omni.rtx] CPU performance profile is set to powersave. This profile sets the CPU to the lowest frequency reducing performance.
2026-08-21T09:17:46Z [957ms] [Warning] [omni.rtx] IOMMU is enabled.
[1.078s] [ext: omni.kit.pipapi-0.0.0] startup
[1.079s] [ext: omni.kit.pip_archive-0.0.0] startup
[1.079s] [ext: isaacsim.pip.newton-0.6.0] startup
[1.080s] [ext: omni.pip.compute-1.9.0] startup
[1.080s] [ext: omni.isaac.core_archive-5.3.0] startup
[1.080s] [ext: omni.kit.telemetry-0.5.2] startup
[1.104s] [ext: omni.kit.loop-isaac-1.6.0] startup
[1.106s] [ext: omni.kit.test-2.0.7] startup
[1.155s] [ext: omni.materialx.libs-1.0.9] startup
[1.161s] [ext: omni.gpucompute.plugins-0.0.0] startup
[1.162s] [ext: omni.usd.config-1.0.7] startup
[1.164s] [ext: omni.usd.libs-1.0.3] startup
[1.227s] [ext: omni.iray.libs-0.0.1] startup
[1.230s] [ext: omni.mdl-57.0.3] startup
[1.248s] [ext: omni.mdl.neuraylib-0.2.20] startup
[1.250s] [ext: omni.kit.usd.mdl-1.1.9] startup
[1.340s] [ext: omni.appwindow-1.2.2] startup
[1.342s] [ext: omni.kit.renderer.core-1.2.2] startup
[1.733s] [ext: omni.kit.renderer.capture-2.0.1] startup
[1.735s] [ext: omni.kit.renderer.imgui-2.0.6] startup
[1.779s] [ext: omni.ui-3.1.3] startup
[1.786s] [ext: omni.kit.mainwindow-1.0.3] startup
[1.787s] [ext: carb.audio-0.1.0] startup
[1.790s] [ext: omni.uiaudio-1.0.0] startup
[1.791s] [ext: omni.kit.uiapp-0.0.0] startup
[1.791s] [ext: omni.usd.schema.metrics.assembler-110.1.0] startup
[1.793s] [ext: omni.usd.schema.audio-0.0.1] startup
[1.797s] [ext: omni.usd_resolver-1.0.0] startup
[1.800s] [ext: omni.usd.core-1.8.3] startup
[1.802s] [ext: omni.metropolis.schema-0.0.3] startup
[1.803s] [ext: isaacsim.anim.robot.schema-0.1.1] startup
[1.803s] [ext: omni.usd.schema.anim-0.0.1] startup
[1.819s] [ext: omni.usd.schema.geospatial-0.0.1] startup
[1.821s] [ext: omni.usd.schema.omnigraph-1.0.1] startup
[1.827s] [ext: omni.usd.schema.semantics-0.0.0] startup
[1.829s] [ext: omni.activity.core-1.0.3] startup
[1.830s] [ext: omni.cubric-0.1.0] startup
[1.831s] [ext: omni.graph.exec-0.9.6] startup
[1.831s] [ext: omni.hydra.scene_delegate-0.3.5] startup
[1.834s] [ext: usdrt.scenegraph-7.6.3] startup
[1.856s] [ext: omni.hydra.usdrt_delegate-7.5.2] startup
[1.862s] [ext: omni.inspect-1.0.2] startup
[1.863s] [ext: omni.kit.actions.core-1.0.0] startup
[1.864s] [ext: omni.kit.audiodeviceenum-1.0.2] startup
[1.866s] [ext: omni.kit.commands-1.5.0] startup
[1.868s] [ext: omni.kit.exec.core-0.13.5] startup
[1.869s] [ext: omni.kit.usd_undo-0.1.8] startup
[1.869s] [ext: omni.kit.window.popup_dialog-2.0.25] startup
[1.872s] [ext: omni.kit.widget.nucleus_connector-2.3.1] startup
[1.875s] [ext: omni.timeline-1.1.0] startup
[1.878s] [ext: omni.usd-1.15.2] startup
[1.911s] [ext: omni.graph.core-3.1.2] startup
[1.914s] [ext: omni.kit.notification_manager-1.0.11] startup
[1.916s] [ext: isaacsim.core.deprecation_manager-0.4.2] startup
[1.917s] [ext: isaacsim.replicator.agent.schema-0.1.1] startup
[1.917s] [ext: isaacsim.robot.schema-6.3.6] startup
[1.921s] [ext: isaacsim.robot_motion.schema-0.2.0] startup
[1.922s] [ext: omni.anim.behavior.schema-110.1.0] startup
[1.926s] [ext: omni.anim.graph.schema-110.1.1] startup
[1.932s] [ext: omni.anim.navigation.schema-110.1.0] startup
[1.935s] [ext: omni.behavior.tree.schema-110.1.0] startup
[1.935s] [ext: omni.isaac.ml_archive-3.3.0] startup
[1.936s] [ext: omni.kit.asset_converter-5.1.4] startup
[1.947s] [ext: omni.pip.cloud-1.5.3] startup
[1.949s] [ext: omni.usd.schema.flow-110.0.0] startup
[1.950s] [ext: omni.usd.schema.mujoco-1.1.0] startup
[1.950s] [ext: omni.usd.schema.newton-1.2.0] startup
[1.951s] [ext: omni.usd.schema.omni_lens_distortion-1.0.0] startup
[1.952s] [ext: omni.usd.schema.omni_projectors-1.0.0] startup
[1.952s] [ext: omni.usd.schema.omni_sensors-0.0.0] startup
[1.960s] [ext: omni.usd.schema.omniscripting-1.0.1] startup
[1.964s] [ext: omni.usd.schema.physical_lighting-0.1.0] startup
[1.967s] [ext: omni.usd.schema.physx-110.1.11] startup
[1.996s] [ext: omni.usd.schema.render_settings.rtx-1.0.2] startup
[1.999s] [ext: omni.usd.schema.usd_particle_field-1.0.0] startup
[2.000s] [ext: isaacsim.core.version-2.1.0] startup
[2.000s] [ext: omni.kit.menu.core-1.2.0] startup
[2.001s] [ext: omni.kit.menu.utils-2.2.3] startup
[2.008s] [ext: isaacsim.app.about-2.3.0] startup
[2.014s] [ext: isaacsim.asset.transformer-1.2.3] startup
[2.017s] [ext: omni.scene.optimizer.core-110.1.0] startup
[2.054s] [ext: isaacsim.asset.importer.utils-1.8.0] startup
[2.056s] [ext: omni.convexdecomposition-110.1.11] startup
[2.059s] [ext: omni.physics-110.1.11] startup
[2.063s] [ext: omni.physx.gpu-110.1.11] startup
[2.063s] [ext: omni.physx.foundation-110.1.11] startup
[2.064s] [ext: omni.usdphysics-110.1.11] startup
[2.065s] [ext: omni.physx.cooking-110.1.11] startup
[2.068s] [ext: omni.physx-110.1.11] startup
[2.078s] [ext: omni.physics.physx-110.1.11] startup
[2.080s] [ext: isaacsim.asset.exporter.urdf-2.0.3] startup
[2.087s] [ext: omni.kit.clipboard-1.1.1] startup
[2.088s] [ext: omni.kit.usd.layers-2.6.1] startup
[2.096s] [ext: omni.kit.widget.context_menu-1.4.0] startup
[2.097s] [ext: omni.kit.context_menu-1.9.0] startup
[2.098s] [ext: omni.kit.helper.file_utils-0.1.10] startup
[2.100s] [ext: omni.kit.widget.nucleus_info-2.0.2] startup
[2.100s] [ext: omni.kit.search_core-1.0.8] startup
[2.101s] [ext: omni.kit.widget.path_field-2.0.13] startup
[2.101s] [ext: omni.kit.widget.browser_bar-2.0.10] startup
[2.102s] [ext: omni.kit.widget.filebrowser-2.13.4] startup
[2.106s] [ext: omni.kit.widget.options_menu-1.1.6] startup
[2.108s] [ext: omni.kit.widget.options_button-1.0.3] startup
[2.109s] [ext: omni.kit.widget.search_delegate-1.0.9] startup
[2.109s] [ext: omni.ui.scene-2.0.1] startup
[2.114s] [ext: omni.kit.window.filepicker-2.15.5] startup
[2.125s] [ext: omni.kit.window.file_importer-1.1.21] startup
[2.128s] [ext: omni.kit.material.library-3.1.2] startup
[2.132s] [ext: isaacsim.asset.transformer.rules-1.7.8] startup
[2.140s] [ext: omni.usdex.libs-2.2.2] startup
[2.148s] [ext: isaacsim.asset.importer.mjcf-3.10.0] startup
[2.150s] [ext: isaacsim.asset.importer.urdf-3.11.0] startup
[2.153s] [ext: omni.kit.primitive.mesh-1.1.0] startup
[2.156s] [ext: omni.kit.stage_template.core-1.1.22] startup
[2.156s] [ext: omni.kit.stage_templates-2.0.2] startup
[2.158s] [ext: omni.usd.metrics.assembler-110.1.2] startup
[2.161s] [ext: omni.warp.core-1.13.0] startup
[2.327s] [ext: isaacsim.core.experimental.utils-0.17.1] startup
[2.328s] [ext: omni.physics.stageupdate-110.1.11] startup
[2.330s] [ext: omni.physics.tensors-110.1.11] startup
[2.333s] [ext: omni.physx.tensors-110.1.11] startup
[2.336s] [ext: isaacsim.core.simulation_manager-1.15.4] startup
2026-08-21T09:17:47Z [2,324ms] [Warning] [isaacsim.core.simulation_manager.plugin] USD stage is not available; stage-opened subscription is deferred
2026-08-21T09:17:47Z [2,324ms] [Warning] [isaacsim.core.simulation_manager.plugin] USD stage is not available; stage-opened subscription is deferred
[2.348s] [ext: isaacsim.storage.native-1.9.2] startup
[2.349s] [ext: omni.usd.metrics.assembler.physics-110.1.11] startup
[2.351s] [ext: isaacsim.core.utils-4.1.6] startup
[2.353s] [ext: isaacsim.core.prims-0.11.6] startup
[3.331s] [ext: isaacsim.core.api-5.2.12] startup
[3.337s] [ext: isaacsim.core.cloner-1.7.2] startup
[3.339s] [ext: isaacsim.test.docstring-1.3.1] startup
[3.343s] [ext: isaacsim.core.experimental.prims-1.8.8] startup
[3.364s] [ext: isaacsim.core.experimental.primdata-0.3.2] startup
[3.366s] [ext: omni.graph.tools-1.81.0] startup
[3.385s] [ext: omni.graph-1.142.5] startup
[3.420s] [ext: isaacsim.core.experimental.actuators-0.1.0] startup
[5.241s] [ext: isaacsim.core.experimental.materials-0.7.0] startup
[5.244s] [ext: isaacsim.core.experimental.objects-0.8.0] startup
[5.296s] [ext: omni.hydra.engine.stats-1.0.5] startup
[5.298s] [ext: omni.hydra.rtx.shadercache.vulkan-1.0.0] startup
[5.299s] [ext: omni.index.libs-387500.3473.0] startup
[5.299s] [ext: omni.index-1.0.1] startup
[5.300s] [ext: omni.ujitso.client-0.0.0] startup
[5.300s] [ext: omni.usd.schema.playback-1.0.0] startup
[5.303s] [ext: omni.volume-0.5.2] startup
[5.307s] [ext: omni.hydra.rtx-1.0.3] startup
2026-08-21T09:17:50Z [5,296ms] [Warning] [omni.log] Source: omni.hydra was already registered.
[5.333s] [ext: omni.kit.hydra_texture-1.6.0] startup
[5.337s] [ext: omni.kit.raycast.query-1.2.0] startup
[5.340s] [ext: omni.kit.viewport.legacy_gizmos-1.0.24] startup
[5.343s] [ext: omni.kit.viewport.registry-104.0.6] startup
[5.344s] [ext: omni.kit.viewport.scene_camera_model-1.0.7] startup
[5.348s] [ext: omni.kit.widget.viewport-109.2.0] startup
[5.352s] [ext: omni.kit.window.drop_support-1.0.8] startup
[5.352s] [ext: omni.kit.viewport.window-109.0.2] startup
[5.369s] [ext: omni.kit.viewport.utility-2.0.1] startup
[5.370s] [ext: isaacsim.core.rendering_manager-0.4.2] startup
[5.389s] [ext: omni.graph.action_core-1.1.9] startup
[5.392s] [ext: omni.graph.action_nodes_core-2.10.2] startup
[5.395s] [ext: omni.graph.action_nodes-2.10.3] startup
[5.414s] [ext: omni.graph.action-2.10.2] startup
[5.416s] [ext: omni.graph.image.core-0.6.1] startup
[5.417s] [ext: omni.graph.image.nodes-1.3.1] startup
[5.418s] [ext: omni.graph.nodes_core-2.10.3] startup
[5.423s] [ext: omni.graph.nodes-2.11.1] startup
[5.430s] [ext: omni.kit.hotkeys.core-1.3.12] startup
[5.431s] [ext: omni.kit.property.adapter.core-1.1.1] startup
[5.433s] [ext: omni.kit.property.adapter.usd-1.0.5] startup
[5.434s] [ext: omni.kit.widget.filter-1.1.5] startup
[5.435s] [ext: omni.kit.widget.highlight_label-1.0.3] startup
[5.436s] [ext: omni.kit.widget.searchfield-1.1.8] startup
[5.437s] [ext: omni.kit.window.file_exporter-1.0.36] startup
[5.438s] [ext: omni.kit.widget.stage-4.3.0] startup
[5.446s] [ext: omni.kit.window.content_browser_registry-0.0.6] startup
[5.447s] [ext: omni.kit.window.file-2.0.10] startup
[5.450s] [ext: omni.kit.window.content_browser-3.1.8] startup
[5.459s] [ext: omni.kit.window.property-1.15.1] startup
[5.470s] [ext: omni.kit.property.usd-4.8.1] startup
[5.481s] [ext: omni.graph.scriptnode-2.10.2] startup
[5.488s] [ext: omni.kit.widget.searchable_combobox-1.0.7] startup
[5.489s] [ext: omni.kit.widget.settings-2.0.0] startup
[5.491s] [ext: omni.kit.window.preferences-1.8.3] startup
[5.497s] [ext: omni.kit.viewport.menubar.core-107.2.2] startup
[5.508s] [ext: omni.syntheticdata-0.6.15] startup
[5.532s] [ext: omni.replicator.nv-1.1.1] startup
[5.537s] [ext: omni.videoencoding-0.2.1] startup
[5.539s] [ext: omni.replicator.core-1.13.25] startup
2026-08-21T09:17:50Z [5,524ms] [Warning] [pxr.Semantics] pxr.Semantics is deprecated - please use Semantics instead
2026-08-21T09:17:50Z [5,595ms] [Warning] [omni.replicator.core.scripts.extension] No material configuration file, adding configuration to material settings directly.
[5.751s] [ext: isaacsim.core.nodes-5.10.4] startup
[5.780s] [ext: isaacsim.core.throttling-2.3.3] startup
[5.782s] [ext: omni.kit.manipulator.viewport-107.0.1] startup
[5.783s] [ext: omni.graph.visualization.nodes-2.1.4] startup
[5.797s] [ext: omni.kit.window.extensions-1.5.7] startup
[5.802s] [ext: isaacsim.gui.components-1.8.4] startup
[5.806s] [ext: isaacsim.robot.surface_gripper-3.6.1] startup
[5.818s] [ext: isaacsim.robot.manipulators-3.4.4] startup
[5.830s] [ext: isaacsim.robot_motion.lula-4.1.2] startup
[5.836s] [ext: isaacsim.robot_motion.motion_generation-8.2.8] startup
[5.843s] [ext: isaacsim.cortex.framework-1.0.17] startup
[5.845s] [ext: isaacsim.cortex.behaviors-2.0.16] startup
[5.847s] [ext: isaacsim.examples.base-1.3.1] startup
[5.848s] [ext: omni.kit.widget.zoombar-1.0.7] startup
[5.849s] [ext: omni.kit.browser.core-2.3.18] startup
[5.852s] [ext: omni.kit.browser.folder.core-2.0.2] startup
[5.856s] [ext: omni.kit.widget.stage_icons-1.0.8] startup
[5.857s] [ext: omni.kit.window.stage-2.6.1] startup
[5.862s] [ext: omni.kit.menu.stage-1.2.7] startup
[5.863s] [ext: omni.kit.usd.collect-3.0.5] startup
[5.866s] [ext: omni.kit.widget.prompt-1.0.7] startup
[5.867s] [ext: omni.kit.tool.collect-2.2.19] startup
[5.868s] [ext: isaacsim.examples.browser-0.3.1] startup
[5.871s] [ext: omni.kit.search.files-1.0.4] startup
[5.872s] [ext: omni.kit.widget.calendar-1.0.9] startup
[5.873s] [ext: omni.kit.widget.extended_searchfield-1.0.31] startup
[5.881s] [ext: omni.simready.content.browser-0.3.7] startup
[5.975s] [ext: isaacsim.gui.content_browser-0.4.2] startup
[5.978s] [ext: omni.kit.selection-0.1.6] startup
[5.979s] [ext: isaacsim.gui.menu-2.10.5] startup
[5.987s] [ext: isaacsim.gui.property-1.6.2] startup
[5.995s] [ext: omni.kit.viewport.actions-107.0.2] startup
[5.999s] [ext: omni.kit.viewport.menubar.display-107.1.3] startup
[6.001s] [ext: isaacsim.gui.sensors.icon-2.2.0] startup
[6.004s] [ext: omni.behavior.scripting.core-110.1.0] startup
[6.007s] [ext: isaacsim.replicator.behavior-1.5.3] startup
[6.008s] [ext: isaacsim.replicator.experimental.domain_randomization-1.2.4] startup
[6.023s] [ext: isaacsim.replicator.domain_randomization-1.2.1] startup
[6.092s] [ext: isaacsim.replicator.writers-1.5.3] startup
[6.116s] [ext: isaacsim.robot.experimental.wheeled_robots-0.2.9] startup
[6.137s] [ext: isaacsim.robot.policy.examples-5.2.11] startup
[6.156s] [ext: isaacsim.robot.wheeled_robots-5.2.3] startup
[6.162s] [ext: isaacsim.robot.wheeled_robots.nodes-0.1.2] startup
[6.181s] [ext: isaacsim.robot_motion.experimental.motion_generation-6.1.2] startup
[6.193s] [ext: isaacsim.robot_motion.cumotion-1.3.0] startup
[6.207s] [ext: omni.kit.numpy.common-0.1.3] startup
[6.209s] [ext: isaacsim.sensors.camera-1.7.8] startup
[6.237s] [ext: isaacsim.sensors.experimental.physics-3.0.1] startup
[6.246s] [ext: omni.sensors.net-1.0.1] startup
[6.249s] [ext: omni.sensors.nv.common-3.0.0] startup
[6.260s] [ext: omni.sensors.nv.materials-2.0.0] startup
[6.263s] [ext: omni.sensors.nv.acoustic-3.0.0] startup
[6.267s] [ext: omni.sensors.nv.ids-2.0.1] startup
[6.275s] [ext: omni.sensors.nv.lidar-3.0.0] startup
[6.280s] [ext: omni.sensors.nv.radar-3.0.0] startup
[6.283s] [ext: isaacsim.sensors.experimental.rtx-1.4.3] startup
[6.536s] [ext: isaacsim.sensors.physics.nodes-1.5.2] startup
[6.544s] [ext: isaacsim.util.debug_draw-3.2.2] startup
[6.550s] [ext: isaacsim.sensors.physx-2.5.4] startup
[6.557s] [ext: isaacsim.sensors.rtx-15.17.0] startup
[6.570s] [ext: isaacsim.simulation_app-2.18.3] startup
[6.570s] [ext: omni.anim.curve.core-1.6.0] startup
[6.581s] [ext: omni.graph.ui_nodes-2.10.5] startup
[6.604s] [ext: omni.hydra.scene_api-0.1.3] startup
[6.609s] [ext: omni.kit.manipulator.camera-110.0.0] startup
[6.612s] [ext: omni.kit.manipulator.selector-1.1.4] startup
[6.614s] [ext: omni.kit.manipulator.transform-107.0.0] startup
[6.617s] [ext: omni.kit.widget.toolbar-2.1.0] startup
[6.622s] [ext: omni.kit.manipulator.tool.snap-1.5.14] startup
[6.627s] [ext: omni.kit.viewport.manipulator.transform-107.0.4] startup
[6.629s] [ext: omni.kit.manipulator.prim.core-108.0.2] startup
[6.634s] [ext: omni.kit.manipulator.prim.usd-107.0.3] startup
[6.635s] [ext: omni.kit.manipulator.prim-108.0.0] startup
[6.635s] [ext: omni.kit.manipulator.selection-109.0.1] startup
[6.636s] [ext: omni.kit.menu.create-2.0.2] startup
[6.637s] [ext: omni.kit.property.audio-1.0.16] startup
[6.641s] [ext: omni.kit.property.camera-1.0.14] startup
[6.642s] [ext: omni.kit.property.geometry-2.1.2] startup
[6.646s] [ext: omni.kit.property.light-1.0.14] startup
2026-08-21T09:17:51Z [6,647ms] [Warning] [omni.usd] Encountered USD Warnings but USD Diagnostics are currently muted. To view USD Warnings, please set the '/persistent/app/usd/muteUsdDiagnostics' setting to false in Preferences page.
[6.677s] [ext: omni.kit.property.material-1.14.2] startup
[6.684s] [ext: omni.kit.property.render-1.2.2] startup
[6.686s] [ext: omni.kit.property.transform-1.6.9] startup
[6.689s] [ext: omni.kit.property.bundle-1.5.1] startup
[6.690s] [ext: omni.kit.usdz_export-1.1.0] startup
[6.694s] [ext: omni.kit.tool.asset_importer-5.2.0] startup
[6.699s] [ext: omni.kit.ui.actions-1.0.5] startup
[6.701s] [ext: omni.kit.viewport.menubar.camera-107.0.10] startup
[6.705s] [ext: omni.kit.viewport.menubar.lighting-107.3.2] startup
[6.708s] [ext: omni.kit.viewport.menubar.render-107.0.10] startup
[6.711s] [ext: omni.kit.viewport.menubar.settings-110.0.1] startup
[6.715s] [ext: omni.kit.window.console-1.1.8] startup
[6.719s] [ext: omni.kit.window.status_bar-0.1.11] startup
[6.721s] [ext: omni.kit.window.toolbar-3.0.3] startup
[6.723s] [ext: omni.ocio-0.1.1] startup
[6.724s] [ext: omni.physx.commands-110.1.11] startup
[6.729s] [ext: omni.replicator.replicator_yaml-2.0.12] startup
[6.739s] [ext: omni.rtx.window.settings-0.8.0] startup
[6.749s] [ext: omni.rtx.settings.core-0.7.0] startup
[6.752s] [ext: omni.usd.metrics.assembler.ui-110.1.1] startup
[6.761s] [ext: semantics.schema.editor-2.0.2] startup
[6.764s] [ext: semantics.schema.property-2.0.1] startup
[6.766s] [ext: omni.kit.menu.common-2.0.2] startup
[6.767s] [ext: isaacsim.exp.base-6.0.0] startup
[6.767s] [ext: isaacsim.exp.base.python-6.0.0] startup
[6.769s] Simulation App Starting
[7.897s] Simulation App Startup Complete
[7.905s] app ready
Starting kit application with the following args:  ['/home/liang/isaacsim/exts/isaacsim.simulation_app/isaacsim/simulation_app/simulation_app.py', '/home/liang/isaacsim/apps/isaacsim.exp.base.python.kit', '--/app/tokens/exe-path=/home/liang/isaacsim/kit', '--/persistent/app/viewport/displayOptions=3094', '--/rtx/materialDb/syncLoads=True', '--/rtx/hydra/materialSyncLoads=True', '--/omni.kit.plugin/syncUsdLoads=True', '--/app/renderer/resolution/width=1280', '--/app/renderer/resolution/height=720', '--/app/window/width=1440', '--/app/window/height=900', '--/renderer/multiGpu/enabled=True', '--/app/fastShutdown=True', '--/app/installSignalHandlers=0', '--ext-folder', '/home/liang/isaacsim/exts', '--ext-folder', '/home/liang/isaacsim/apps', '--/physics/cudaDevice=0', '--/plugins/carb.tasking.plugin/threadCount=16', '--/plugins/omni.tbb.globalcontrol/maxThreadCount=16', '--portable', '--no-window', '--/app/window/hideUi=1']
Passing the following args to the base kit application:  []
Warp 1.13.0 initialized:
   CUDA Toolkit 12.9, Driver 13.0
   Devices:
     "cpu"      : "x86_64"
     "cuda:0"   : "NVIDIA GeForce RTX 5070 Ti" (15 GiB, sm_120, mempool enabled)
   Kernel cache:
     /home/liang/.cache/warp/1.13.0
[isaac] DOF=['joint1', 'joint2', 'joint3', 'joint4', 'joint5', 'joint6', 'gripper_joint1', 'gripper_joint2']  手指行程上限=0.0715 m
[isaac] 场景就绪：USD=/home/liang/Documents/code/HyperdualQuaternions_modeling_robotic/reBot-Isaacsim/usd/reBot_B601_DM/reBot_B601_DM.usda
[isaac]           prim=/World/B601  dt=0.0020s  立方体=[0.4846, -0.1232, 0.0225]
=== 累加序列（j2 -> +j3 -> +j4 -> +j5 -> +j6 -> +j1）===
  +j2(-1.347) -> |dq|max=0.2583  tau=[0.0, -1.347, 0.0, 0.0, 0.0, 0.0]
  +j3(+0.625) -> |dq|max=0.2522  tau=[0.0, -1.347, 0.625, 0.0, 0.0, 0.0]
  +j4(+0.281) -> |dq|max=0.0042  tau=[0.0, -1.347, 0.625, 0.281, 0.0, 0.0]
  +j5(-0.004) -> |dq|max=0.0043  tau=[0.0, -1.347, 0.625, 0.281, -0.004, 0.0]
  +j6(+0.003) -> |dq|max=0.0057  tau=[0.0, -1.347, 0.625, 0.281, -0.004, 0.003]
  +j1(+0.033) -> |dq|max=0.0054  tau=[0.033, -1.347, 0.625, 0.281, -0.004, 0.003]
=== 2 分量组合（|tau_i|>=0.2 的关节）===
  j2+j3(-1.347,+0.625) -> |dq|max=0.2480
  j2+j4(-1.347,+0.281) -> |dq|max=0.1922
  j3+j4(+0.625,+0.281) -> |dq|max=0.2623
=== 对照：等幅单/双分量 ===
  j2 单独 -1.35        -> 0.2466
  j2+j4 (-1.35,+0.28)  -> 0.1954
[16.237s] Simulation App Shutting Down
