WARNING: All log messages before absl::InitializeLog() is called are written to STDERR
E0000 00:00:1787326209.145964 3430579 descriptor_database.cc:633] File already exists in database: grpc/health/v1/health.proto
W0000 00:00:1787326209.146010 3430579 message.cc:301] Protobuf GeneratedMessageFactory: File is already registered: grpc/health/v1/health.proto
2026-08-21T15:30:08Z [Info] [carb] Logging to file: /home/liang/isaacsim/kit/logs/Kit/Isaac-Sim Python/6.0/kit_20260821_233008.log
[0.045s] [ext: omni.assets.plugins-0.0.0] startup
[0.046s] [ext: omni.blobkey-1.1.2] startup
[0.046s] [ext: omni.kit.async_engine-0.0.3] startup
[0.285s] [ext: omni.client.lib-1.1.1] startup
[0.292s] [ext: omni.client-1.3.0] startup
[0.295s] [ext: omni.protobuf.lib-1.0.0] startup
[0.296s] [ext: omni.grpc.lib-1.0.0] startup
[0.300s] [ext: omni.metrics.core-0.0.3] startup
[0.300s] [ext: omni.datastore-0.0.0] startup
[0.300s] [ext: omni.gpu_foundation.shadercache.vulkan-1.0.0] startup
[0.304s] [ext: omni.hsscclient-1.1.4] startup
[0.304s] [ext: omni.stats-1.0.1] startup
[0.305s] [ext: omni.ujitso.default-1.0.0] startup
[0.307s] [ext: omni.gpu_foundation-0.0.0] startup
[0.454s] [ext: carb.windowing.plugins-1.0.1] startup
[0.454s] [ext: omni.kit.renderer.init-1.0.1] startup
2026-08-21T15:30:09Z [650ms] [Warning] [omni.rtx] Skipping unsupported non-NVIDIA GPU: AMD Ryzen 7 9700X 8-Core Processor (RADV RAPHAEL_MENDOCINO)
2026-08-21T15:30:09Z [650ms] [Warning] [omni.rtx] Skipping unsupported non-NVIDIA GPU: AMD Ryzen 7 9700X 8-Core Processor (RADV RAPHAEL_MENDOCINO)

|---------------------------------------------------------------------------------------------|
| Driver Version: 580.173.02    | Graphics API: Vulkan
|=============================================================================================|
| GPU | Name                             | Active | LDA | GPU Memory | Vendor-ID | LUID       |
|     |                                  |        |     |            | Device-ID | UUID       |
|     |                                  |        |     |            | Bus-ID    |            |
|---------------------------------------------------------------------------------------------|
| 0   | NVIDIA GeForce RTX 5070 Ti       | Yes: 0 |     | 16303   MB | 10de      | 0          |
|     |                                  |        |     |            | 2c05      | bee4013a.. |
|     |                                  |        |     |            | 1         |            |
|---------------------------------------------------------------------------------------------|
| 1   | AMD Ryzen 7 9700X 8-Core Proce.. |        |     | 10719   MB | 1002      | 0          |
|     |                                  |        |     |            | 13c0      | 00000000.. |
|     |                                  |        |     |            | 13        |            |
|=============================================================================================|
| OS: 24.04.4 LTS (Noble Numbat) ubuntu, Version: 24.04.4, Kernel: 7.0.0-29-generic
| XServer Vendor: The X.Org Foundation, XServer Version: 12101011 (1.21.1.11)
| Processor: AMD Ryzen 7 9700X 8-Core Processor
| Cores: 8 | Logical Cores: 16
|---------------------------------------------------------------------------------------------|
| Total Memory (MB): 31134 | Free Memory: 21824
| Total Page/Swap (MB): 8191 | Free Page/Swap: 8191
|---------------------------------------------------------------------------------------------|
2026-08-21T15:30:09Z [860ms] [Warning] [omni.rtx] CPU performance profile is set to powersave. This profile sets the CPU to the lowest frequency reducing performance.
2026-08-21T15:30:09Z [869ms] [Warning] [omni.rtx] IOMMU is enabled.
[0.990s] [ext: omni.kit.pipapi-0.0.0] startup
[0.991s] [ext: omni.kit.pip_archive-0.0.0] startup
[0.991s] [ext: isaacsim.pip.newton-0.6.0] startup
[0.991s] [ext: omni.pip.compute-1.9.0] startup
[0.991s] [ext: omni.isaac.core_archive-5.3.0] startup
[0.991s] [ext: omni.kit.telemetry-0.5.2] startup
[1.019s] [ext: omni.kit.loop-isaac-1.6.0] startup
[1.020s] [ext: omni.kit.test-2.0.7] startup
[1.074s] [ext: omni.materialx.libs-1.0.9] startup
[1.080s] [ext: omni.gpucompute.plugins-0.0.0] startup
[1.081s] [ext: omni.usd.config-1.0.7] startup
[1.083s] [ext: omni.usd.libs-1.0.3] startup
[1.144s] [ext: omni.iray.libs-0.0.1] startup
[1.147s] [ext: omni.mdl-57.0.3] startup
[1.163s] [ext: omni.mdl.neuraylib-0.2.20] startup
[1.164s] [ext: omni.kit.usd.mdl-1.1.9] startup
[1.249s] [ext: omni.appwindow-1.2.2] startup
[1.250s] [ext: omni.kit.renderer.core-1.2.2] startup
[1.629s] [ext: omni.kit.renderer.capture-2.0.1] startup
[1.631s] [ext: omni.kit.renderer.imgui-2.0.6] startup
[1.670s] [ext: omni.ui-3.1.3] startup
[1.678s] [ext: omni.kit.mainwindow-1.0.3] startup
[1.679s] [ext: carb.audio-0.1.0] startup
[1.681s] [ext: omni.uiaudio-1.0.0] startup
[1.682s] [ext: omni.kit.uiapp-0.0.0] startup
[1.682s] [ext: omni.usd.schema.metrics.assembler-110.1.0] startup
[1.684s] [ext: omni.usd.schema.audio-0.0.1] startup
[1.686s] [ext: omni.usd_resolver-1.0.0] startup
[1.689s] [ext: omni.usd.core-1.8.3] startup
[1.692s] [ext: omni.metropolis.schema-0.0.3] startup
[1.693s] [ext: isaacsim.anim.robot.schema-0.1.1] startup
[1.693s] [ext: omni.usd.schema.anim-0.0.1] startup
[1.710s] [ext: omni.usd.schema.geospatial-0.0.1] startup
[1.712s] [ext: omni.usd.schema.omnigraph-1.0.1] startup
[1.716s] [ext: omni.usd.schema.semantics-0.0.0] startup
[1.718s] [ext: omni.activity.core-1.0.3] startup
[1.719s] [ext: omni.cubric-0.1.0] startup
[1.720s] [ext: omni.graph.exec-0.9.6] startup
[1.720s] [ext: omni.hydra.scene_delegate-0.3.5] startup
[1.723s] [ext: usdrt.scenegraph-7.6.3] startup
[1.743s] [ext: omni.hydra.usdrt_delegate-7.5.2] startup
[1.747s] [ext: omni.inspect-1.0.2] startup
[1.748s] [ext: omni.kit.actions.core-1.0.0] startup
[1.749s] [ext: omni.kit.audiodeviceenum-1.0.2] startup
[1.750s] [ext: omni.kit.commands-1.5.0] startup
[1.752s] [ext: omni.kit.exec.core-0.13.5] startup
[1.753s] [ext: omni.kit.usd_undo-0.1.8] startup
[1.754s] [ext: omni.kit.window.popup_dialog-2.0.25] startup
[1.757s] [ext: omni.kit.widget.nucleus_connector-2.3.1] startup
[1.759s] [ext: omni.timeline-1.1.0] startup
[1.761s] [ext: omni.usd-1.15.2] startup
[1.791s] [ext: omni.graph.core-3.1.2] startup
[1.793s] [ext: omni.kit.notification_manager-1.0.11] startup
[1.795s] [ext: isaacsim.core.deprecation_manager-0.4.2] startup
[1.796s] [ext: isaacsim.replicator.agent.schema-0.1.1] startup
[1.796s] [ext: isaacsim.robot.schema-6.3.6] startup
[1.800s] [ext: isaacsim.robot_motion.schema-0.2.0] startup
[1.800s] [ext: omni.anim.behavior.schema-110.1.0] startup
[1.804s] [ext: omni.anim.graph.schema-110.1.1] startup
[1.810s] [ext: omni.anim.navigation.schema-110.1.0] startup
[1.813s] [ext: omni.behavior.tree.schema-110.1.0] startup
[1.814s] [ext: omni.isaac.ml_archive-3.3.0] startup
[1.814s] [ext: omni.kit.asset_converter-5.1.4] startup
[1.824s] [ext: omni.pip.cloud-1.5.3] startup
[1.826s] [ext: omni.usd.schema.flow-110.0.0] startup
[1.827s] [ext: omni.usd.schema.mujoco-1.1.0] startup
[1.827s] [ext: omni.usd.schema.newton-1.2.0] startup
[1.829s] [ext: omni.usd.schema.omni_lens_distortion-1.0.0] startup
[1.829s] [ext: omni.usd.schema.omni_projectors-1.0.0] startup
[1.830s] [ext: omni.usd.schema.omni_sensors-0.0.0] startup
[1.836s] [ext: omni.usd.schema.omniscripting-1.0.1] startup
[1.840s] [ext: omni.usd.schema.physical_lighting-0.1.0] startup
[1.843s] [ext: omni.usd.schema.physx-110.1.11] startup
[1.868s] [ext: omni.usd.schema.render_settings.rtx-1.0.2] startup
[1.871s] [ext: omni.usd.schema.usd_particle_field-1.0.0] startup
[1.872s] [ext: isaacsim.core.version-2.1.0] startup
[1.873s] [ext: omni.kit.menu.core-1.2.0] startup
[1.873s] [ext: omni.kit.menu.utils-2.2.3] startup
[1.879s] [ext: isaacsim.app.about-2.3.0] startup
[1.883s] [ext: isaacsim.asset.transformer-1.2.3] startup
[1.885s] [ext: omni.scene.optimizer.core-110.1.0] startup
[1.919s] [ext: isaacsim.asset.importer.utils-1.8.0] startup
[1.921s] [ext: omni.convexdecomposition-110.1.11] startup
[1.924s] [ext: omni.physics-110.1.11] startup
[1.927s] [ext: omni.physx.gpu-110.1.11] startup
[1.927s] [ext: omni.physx.foundation-110.1.11] startup
[1.929s] [ext: omni.usdphysics-110.1.11] startup
[1.930s] [ext: omni.physx.cooking-110.1.11] startup
[1.931s] [ext: omni.physx-110.1.11] startup
[1.939s] [ext: omni.physics.physx-110.1.11] startup
[1.942s] [ext: isaacsim.asset.exporter.urdf-2.0.3] startup
[1.948s] [ext: omni.kit.clipboard-1.1.1] startup
[1.948s] [ext: omni.kit.usd.layers-2.6.1] startup
[1.955s] [ext: omni.kit.widget.context_menu-1.4.0] startup
[1.957s] [ext: omni.kit.context_menu-1.9.0] startup
[1.958s] [ext: omni.kit.helper.file_utils-0.1.10] startup
[1.960s] [ext: omni.kit.widget.nucleus_info-2.0.2] startup
[1.960s] [ext: omni.kit.search_core-1.0.8] startup
[1.961s] [ext: omni.kit.widget.path_field-2.0.13] startup
[1.962s] [ext: omni.kit.widget.browser_bar-2.0.10] startup
[1.962s] [ext: omni.kit.widget.filebrowser-2.13.4] startup
[1.965s] [ext: omni.kit.widget.options_menu-1.1.6] startup
[1.967s] [ext: omni.kit.widget.options_button-1.0.3] startup
[1.968s] [ext: omni.kit.widget.search_delegate-1.0.9] startup
[1.968s] [ext: omni.ui.scene-2.0.1] startup
[1.973s] [ext: omni.kit.window.filepicker-2.15.5] startup
[1.983s] [ext: omni.kit.window.file_importer-1.1.21] startup
[1.985s] [ext: omni.kit.material.library-3.1.2] startup
[1.990s] [ext: isaacsim.asset.transformer.rules-1.7.8] startup
[1.998s] [ext: omni.usdex.libs-2.2.2] startup
[2.004s] [ext: isaacsim.asset.importer.mjcf-3.10.0] startup
[2.006s] [ext: isaacsim.asset.importer.urdf-3.11.0] startup
[2.010s] [ext: omni.kit.primitive.mesh-1.1.0] startup
[2.012s] [ext: omni.kit.stage_template.core-1.1.22] startup
[2.012s] [ext: omni.kit.stage_templates-2.0.2] startup
[2.013s] [ext: omni.usd.metrics.assembler-110.1.2] startup
[2.016s] [ext: omni.warp.core-1.13.0] startup
[2.175s] [ext: isaacsim.core.experimental.utils-0.17.1] startup
[2.176s] [ext: omni.physics.stageupdate-110.1.11] startup
[2.177s] [ext: omni.physics.tensors-110.1.11] startup
[2.180s] [ext: omni.physx.tensors-110.1.11] startup
[2.183s] [ext: isaacsim.core.simulation_manager-1.15.4] startup
2026-08-21T15:30:11Z [2,173ms] [Warning] [isaacsim.core.simulation_manager.plugin] USD stage is not available; stage-opened subscription is deferred
2026-08-21T15:30:11Z [2,173ms] [Warning] [isaacsim.core.simulation_manager.plugin] USD stage is not available; stage-opened subscription is deferred
[2.195s] [ext: isaacsim.storage.native-1.9.2] startup
[2.196s] [ext: omni.usd.metrics.assembler.physics-110.1.11] startup
[2.198s] [ext: isaacsim.core.utils-4.1.6] startup
[2.200s] [ext: isaacsim.core.prims-0.11.6] startup
[3.107s] [ext: isaacsim.core.api-5.2.12] startup
[3.113s] [ext: isaacsim.core.cloner-1.7.2] startup
[3.114s] [ext: isaacsim.test.docstring-1.3.1] startup
[3.118s] [ext: isaacsim.core.experimental.prims-1.8.8] startup
[3.137s] [ext: isaacsim.core.experimental.primdata-0.3.2] startup
[3.139s] [ext: omni.graph.tools-1.81.0] startup
[3.158s] [ext: omni.graph-1.142.5] startup
[3.188s] [ext: isaacsim.core.experimental.actuators-0.1.0] startup
[4.874s] [ext: isaacsim.core.experimental.materials-0.7.0] startup
[4.878s] [ext: isaacsim.core.experimental.objects-0.8.0] startup
[4.932s] [ext: omni.hydra.engine.stats-1.0.5] startup
[4.934s] [ext: omni.hydra.rtx.shadercache.vulkan-1.0.0] startup
[4.935s] [ext: omni.index.libs-387500.3473.0] startup
[4.935s] [ext: omni.index-1.0.1] startup
[4.935s] [ext: omni.ujitso.client-0.0.0] startup
[4.935s] [ext: omni.usd.schema.playback-1.0.0] startup
[4.939s] [ext: omni.volume-0.5.2] startup
[4.944s] [ext: omni.hydra.rtx-1.0.3] startup
2026-08-21T15:30:13Z [4,935ms] [Warning] [omni.log] Source: omni.hydra was already registered.
[4.967s] [ext: omni.kit.hydra_texture-1.6.0] startup
[4.971s] [ext: omni.kit.raycast.query-1.2.0] startup
[4.976s] [ext: omni.kit.viewport.legacy_gizmos-1.0.24] startup
[4.979s] [ext: omni.kit.viewport.registry-104.0.6] startup
[4.979s] [ext: omni.kit.viewport.scene_camera_model-1.0.7] startup
[4.982s] [ext: omni.kit.widget.viewport-109.2.0] startup
[4.985s] [ext: omni.kit.window.drop_support-1.0.8] startup
[4.986s] [ext: omni.kit.viewport.window-109.0.2] startup
[5.001s] [ext: omni.kit.viewport.utility-2.0.1] startup
[5.002s] [ext: isaacsim.core.rendering_manager-0.4.2] startup
[5.019s] [ext: omni.graph.action_core-1.1.9] startup
[5.022s] [ext: omni.graph.action_nodes_core-2.10.2] startup
[5.025s] [ext: omni.graph.action_nodes-2.10.3] startup
[5.043s] [ext: omni.graph.action-2.10.2] startup
[5.045s] [ext: omni.graph.image.core-0.6.1] startup
[5.045s] [ext: omni.graph.image.nodes-1.3.1] startup
[5.046s] [ext: omni.graph.nodes_core-2.10.3] startup
[5.051s] [ext: omni.graph.nodes-2.11.1] startup
[5.055s] [ext: omni.kit.hotkeys.core-1.3.12] startup
[5.056s] [ext: omni.kit.property.adapter.core-1.1.1] startup
[5.059s] [ext: omni.kit.property.adapter.usd-1.0.5] startup
[5.060s] [ext: omni.kit.widget.filter-1.1.5] startup
[5.061s] [ext: omni.kit.widget.highlight_label-1.0.3] startup
[5.062s] [ext: omni.kit.widget.searchfield-1.1.8] startup
[5.063s] [ext: omni.kit.window.file_exporter-1.0.36] startup
[5.064s] [ext: omni.kit.widget.stage-4.3.0] startup
[5.070s] [ext: omni.kit.window.content_browser_registry-0.0.6] startup
[5.071s] [ext: omni.kit.window.file-2.0.10] startup
[5.074s] [ext: omni.kit.window.content_browser-3.1.8] startup
[5.083s] [ext: omni.kit.window.property-1.15.1] startup
[5.093s] [ext: omni.kit.property.usd-4.8.1] startup
[5.102s] [ext: omni.graph.scriptnode-2.10.2] startup
[5.110s] [ext: omni.kit.widget.searchable_combobox-1.0.7] startup
[5.111s] [ext: omni.kit.widget.settings-2.0.0] startup
[5.113s] [ext: omni.kit.window.preferences-1.8.3] startup
[5.117s] [ext: omni.kit.viewport.menubar.core-107.2.2] startup
[5.128s] [ext: omni.syntheticdata-0.6.15] startup
[5.151s] [ext: omni.replicator.nv-1.1.1] startup
[5.156s] [ext: omni.videoencoding-0.2.1] startup
[5.160s] [ext: omni.replicator.core-1.13.25] startup
2026-08-21T15:30:14Z [5,146ms] [Warning] [pxr.Semantics] pxr.Semantics is deprecated - please use Semantics instead
2026-08-21T15:30:14Z [5,213ms] [Warning] [omni.replicator.core.scripts.extension] No material configuration file, adding configuration to material settings directly.
[5.363s] [ext: isaacsim.core.nodes-5.10.4] startup
[5.389s] [ext: isaacsim.core.throttling-2.3.3] startup
[5.391s] [ext: omni.kit.manipulator.viewport-107.0.1] startup
[5.392s] [ext: omni.graph.visualization.nodes-2.1.4] startup
[5.403s] [ext: omni.kit.window.extensions-1.5.7] startup
[5.409s] [ext: isaacsim.gui.components-1.8.4] startup
[5.415s] [ext: isaacsim.robot.surface_gripper-3.6.1] startup
[5.425s] [ext: isaacsim.robot.manipulators-3.4.4] startup
[5.435s] [ext: isaacsim.robot_motion.lula-4.1.2] startup
[5.442s] [ext: isaacsim.robot_motion.motion_generation-8.2.8] startup
[5.448s] [ext: isaacsim.cortex.framework-1.0.17] startup
[5.449s] [ext: isaacsim.cortex.behaviors-2.0.16] startup
[5.451s] [ext: isaacsim.examples.base-1.3.1] startup
[5.452s] [ext: omni.kit.widget.zoombar-1.0.7] startup
[5.452s] [ext: omni.kit.browser.core-2.3.18] startup
[5.455s] [ext: omni.kit.browser.folder.core-2.0.2] startup
[5.461s] [ext: omni.kit.widget.stage_icons-1.0.8] startup
[5.462s] [ext: omni.kit.window.stage-2.6.1] startup
[5.465s] [ext: omni.kit.menu.stage-1.2.7] startup
[5.466s] [ext: omni.kit.usd.collect-3.0.5] startup
[5.469s] [ext: omni.kit.widget.prompt-1.0.7] startup
[5.469s] [ext: omni.kit.tool.collect-2.2.19] startup
[5.471s] [ext: isaacsim.examples.browser-0.3.1] startup
[5.473s] [ext: omni.kit.search.files-1.0.4] startup
[5.474s] [ext: omni.kit.widget.calendar-1.0.9] startup
[5.476s] [ext: omni.kit.widget.extended_searchfield-1.0.31] startup
[5.483s] [ext: omni.simready.content.browser-0.3.7] startup
[5.573s] [ext: isaacsim.gui.content_browser-0.4.2] startup
[5.578s] [ext: omni.kit.selection-0.1.6] startup
[5.579s] [ext: isaacsim.gui.menu-2.10.5] startup
[5.585s] [ext: isaacsim.gui.property-1.6.2] startup
[5.593s] [ext: omni.kit.viewport.actions-107.0.2] startup
[5.597s] [ext: omni.kit.viewport.menubar.display-107.1.3] startup
[5.599s] [ext: isaacsim.gui.sensors.icon-2.2.0] startup
[5.601s] [ext: omni.behavior.scripting.core-110.1.0] startup
[5.604s] [ext: isaacsim.replicator.behavior-1.5.3] startup
[5.604s] [ext: isaacsim.replicator.experimental.domain_randomization-1.2.4] startup
[5.618s] [ext: isaacsim.replicator.domain_randomization-1.2.1] startup
[5.688s] [ext: isaacsim.replicator.writers-1.5.3] startup
[5.710s] [ext: isaacsim.robot.experimental.wheeled_robots-0.2.9] startup
[5.730s] [ext: isaacsim.robot.policy.examples-5.2.11] startup
[5.749s] [ext: isaacsim.robot.wheeled_robots-5.2.3] startup
[5.753s] [ext: isaacsim.robot.wheeled_robots.nodes-0.1.2] startup
[5.770s] [ext: isaacsim.robot_motion.experimental.motion_generation-6.1.2] startup
[5.781s] [ext: isaacsim.robot_motion.cumotion-1.3.0] startup
[5.794s] [ext: omni.kit.numpy.common-0.1.3] startup
[5.795s] [ext: isaacsim.sensors.camera-1.7.8] startup
[5.819s] [ext: isaacsim.sensors.experimental.physics-3.0.1] startup
[5.827s] [ext: omni.sensors.net-1.0.1] startup
[5.830s] [ext: omni.sensors.nv.common-3.0.0] startup
[5.841s] [ext: omni.sensors.nv.materials-2.0.0] startup
[5.845s] [ext: omni.sensors.nv.acoustic-3.0.0] startup
[5.848s] [ext: omni.sensors.nv.ids-2.0.1] startup
[5.849s] [ext: omni.sensors.nv.lidar-3.0.0] startup
[5.853s] [ext: omni.sensors.nv.radar-3.0.0] startup
[5.855s] [ext: isaacsim.sensors.experimental.rtx-1.4.3] startup
[6.100s] [ext: isaacsim.sensors.physics.nodes-1.5.2] startup
[6.105s] [ext: isaacsim.util.debug_draw-3.2.2] startup
[6.109s] [ext: isaacsim.sensors.physx-2.5.4] startup
[6.117s] [ext: isaacsim.sensors.rtx-15.17.0] startup
[6.126s] [ext: isaacsim.simulation_app-2.18.3] startup
[6.127s] [ext: omni.anim.curve.core-1.6.0] startup
[6.137s] [ext: omni.graph.ui_nodes-2.10.5] startup
[6.157s] [ext: omni.hydra.scene_api-0.1.3] startup
[6.161s] [ext: omni.kit.manipulator.camera-110.0.0] startup
[6.165s] [ext: omni.kit.manipulator.selector-1.1.4] startup
[6.166s] [ext: omni.kit.manipulator.transform-107.0.0] startup
[6.170s] [ext: omni.kit.widget.toolbar-2.1.0] startup
[6.175s] [ext: omni.kit.manipulator.tool.snap-1.5.14] startup
[6.179s] [ext: omni.kit.viewport.manipulator.transform-107.0.4] startup
[6.181s] [ext: omni.kit.manipulator.prim.core-108.0.2] startup
[6.187s] [ext: omni.kit.manipulator.prim.usd-107.0.3] startup
[6.188s] [ext: omni.kit.manipulator.prim-108.0.0] startup
[6.189s] [ext: omni.kit.manipulator.selection-109.0.1] startup
[6.190s] [ext: omni.kit.menu.create-2.0.2] startup
[6.191s] [ext: omni.kit.property.audio-1.0.16] startup
[6.194s] [ext: omni.kit.property.camera-1.0.14] startup
[6.195s] [ext: omni.kit.property.geometry-2.1.2] startup
[6.200s] [ext: omni.kit.property.light-1.0.14] startup
2026-08-21T15:30:15Z [6,202ms] [Warning] [omni.usd] Encountered USD Warnings but USD Diagnostics are currently muted. To view USD Warnings, please set the '/persistent/app/usd/muteUsdDiagnostics' setting to false in Preferences page.
[6.229s] [ext: omni.kit.property.material-1.14.2] startup
[6.235s] [ext: omni.kit.property.render-1.2.2] startup
[6.236s] [ext: omni.kit.property.transform-1.6.9] startup
[6.239s] [ext: omni.kit.property.bundle-1.5.1] startup
[6.240s] [ext: omni.kit.usdz_export-1.1.0] startup
[6.242s] [ext: omni.kit.tool.asset_importer-5.2.0] startup
[6.247s] [ext: omni.kit.ui.actions-1.0.5] startup
[6.249s] [ext: omni.kit.viewport.menubar.camera-107.0.10] startup
[6.253s] [ext: omni.kit.viewport.menubar.lighting-107.3.2] startup
[6.255s] [ext: omni.kit.viewport.menubar.render-107.0.10] startup
[6.257s] [ext: omni.kit.viewport.menubar.settings-110.0.1] startup
[6.260s] [ext: omni.kit.window.console-1.1.8] startup
[6.264s] [ext: omni.kit.window.status_bar-0.1.11] startup
[6.266s] [ext: omni.kit.window.toolbar-3.0.3] startup
[6.268s] [ext: omni.ocio-0.1.1] startup
[6.270s] [ext: omni.physx.commands-110.1.11] startup
[6.275s] [ext: omni.replicator.replicator_yaml-2.0.12] startup
[6.285s] [ext: omni.rtx.window.settings-0.8.0] startup
[6.289s] [ext: omni.rtx.settings.core-0.7.0] startup
[6.291s] [ext: omni.usd.metrics.assembler.ui-110.1.1] startup
[6.299s] [ext: semantics.schema.editor-2.0.2] startup
[6.301s] [ext: semantics.schema.property-2.0.1] startup
[6.303s] [ext: omni.kit.menu.common-2.0.2] startup
[6.304s] [ext: isaacsim.exp.base-6.0.0] startup
[6.304s] [ext: isaacsim.exp.base.python-6.0.0] startup
[6.305s] Simulation App Starting
[7.382s] Simulation App Startup Complete
[7.390s] app ready
Starting kit application with the following args:  ['/home/liang/isaacsim/exts/isaacsim.simulation_app/isaacsim/simulation_app/simulation_app.py', '/home/liang/isaacsim/apps/isaacsim.exp.base.python.kit', '--/app/tokens/exe-path=/home/liang/isaacsim/kit', '--/persistent/app/viewport/displayOptions=3094', '--/rtx/materialDb/syncLoads=True', '--/rtx/hydra/materialSyncLoads=True', '--/omni.kit.plugin/syncUsdLoads=True', '--/app/renderer/resolution/width=1280', '--/app/renderer/resolution/height=720', '--/app/window/width=1440', '--/app/window/height=900', '--/renderer/multiGpu/enabled=True', '--/app/fastShutdown=True', '--/app/installSignalHandlers=0', '--ext-folder', '/home/liang/isaacsim/exts', '--ext-folder', '/home/liang/isaacsim/apps', '--/physics/cudaDevice=0', '--/plugins/carb.tasking.plugin/threadCount=16', '--/plugins/omni.tbb.globalcontrol/maxThreadCount=16', '--portable', '--no-window', '--/app/window/hideUi=1']
Passing the following args to the base kit application:  ['--csv', 'TNDQ_b601/results/exp1_setpoint.csv']
Warp 1.13.0 initialized:
   CUDA Toolkit 12.9, Driver 13.0
   Devices:
     "cpu"      : "x86_64"
     "cuda:0"   : "NVIDIA GeForce RTX 5070 Ti" (15 GiB, sm_120, mempool enabled)
   Kernel cache:
     /home/liang/.cache/warp/1.13.0
[isaac] DOF=['joint1', 'joint2', 'joint3', 'joint4', 'joint5', 'joint6', 'gripper_joint1', 'gripper_joint2']  手指行程上限=0.0715 m
[isaac] 场景就绪：USD=/home/liang/Documents/code/HyperdualQuaternions_modeling_robotic/reBot-Isaacsim/usd/reBot_B601_DM/reBot_B601_DM.usda
[isaac]           prim=/World/B601  dt=0.0020s  立方体=[0.5084, -0.1309, 0.0225]
[exp1-setpoint] t=  5.00s  pos_err=0.0300 m  ori_err=0.0772 rad  ‖τ‖=6.12 N·m
[exp1-setpoint] t= 10.00s  pos_err=0.0242 m  ori_err=0.0281 rad  ‖τ‖=6.30 N·m
[exp1-setpoint] 完成：1100 行 -> /home/liang/Documents/code/HyperdualQuaternions_modeling_robotic/TNDQ_b601/results/exp1_setpoint.csv
    末端 1s 稳态窗: pos_err=0.0244 m  ori_err=0.0270 rad
    全程峰值: pos_err=0.0845 m  ori_err=0.1865 rad
    力矩饱和 0 步 / 治理触发 0 步 / dither 75 步 / 墙钟 126.6s
[142.757s] Simulation App Shutting Down
