WARNING: All log messages before absl::InitializeLog() is called are written to STDERR
E0000 00:00:1787307391.392974 1225225 descriptor_database.cc:633] File already exists in database: grpc/health/v1/health.proto
W0000 00:00:1787307391.392997 1225225 message.cc:301] Protobuf GeneratedMessageFactory: File is already registered: grpc/health/v1/health.proto
2026-08-21T10:16:31Z [Info] [carb] Logging to file: /home/liang/isaacsim/kit/logs/Kit/Isaac-Sim Python/6.0/kit_20260821_181631.log
[0.052s] [ext: omni.assets.plugins-0.0.0] startup
[0.052s] [ext: omni.blobkey-1.1.2] startup
[0.053s] [ext: omni.kit.async_engine-0.0.3] startup
[0.300s] [ext: omni.client.lib-1.1.1] startup
[0.308s] [ext: omni.client-1.3.0] startup
[0.311s] [ext: omni.protobuf.lib-1.0.0] startup
[0.312s] [ext: omni.grpc.lib-1.0.0] startup
[0.317s] [ext: omni.metrics.core-0.0.3] startup
[0.317s] [ext: omni.datastore-0.0.0] startup
[0.317s] [ext: omni.gpu_foundation.shadercache.vulkan-1.0.0] startup
[0.321s] [ext: omni.hsscclient-1.1.4] startup
[0.321s] [ext: omni.stats-1.0.1] startup
[0.322s] [ext: omni.ujitso.default-1.0.0] startup
[0.324s] [ext: omni.gpu_foundation-0.0.0] startup
[0.469s] [ext: carb.windowing.plugins-1.0.1] startup
[0.470s] [ext: omni.kit.renderer.init-1.0.1] startup

|---------------------------------------------------------------------------------------------|
| Driver Version: 580.173.02    | Graphics API: Vulkan
|=============================================================================================|
| GPU | Name                             | Active | LDA | GPU Memory | Vendor-ID | LUID       |
|     |                                  |        |     |            | Device-ID | UUID       |
|     |                                  |        |     |            | Bus-ID    |            |
|---------------------------------------------------------------------------------------------|
| 0   | NVIDIA GeForce RTX 5070 Ti       | Yes: 0 |     | 16303   MB | 10de      | 0          |
|     |                                  |        |     |            | 2c05      | bee4013a.. |
|     |                                  |        |     |            | 1         |            |
|---------------------------------------------------------------------------------------------|
| 1   | AMD Ryzen 7 9700X 8-Core Proce.. |        |     | 10719   MB | 1002      | 0          |
|     |                                  |        |     |            | 13c0      | 00000000.. |
|     |                                  |        |     |            | 13        |            |
|=============================================================================================|
| OS: 24.04.4 LTS (Noble Numbat) ubuntu, Version: 24.04.4, Kernel: 7.0.0-29-generic
| XServer Vendor: The X.Org Foundation, XServer Version: 12101011 (1.21.1.11)
| Processor: AMD Ryzen 7 9700X 8-Core Processor
| Cores: 8 | Logical Cores: 16
|---------------------------------------------------------------------------------------------|
| Total Memory (MB): 31134 | Free Memory: 15821
| Total Page/Swap (MB): 8191 | Free Page/Swap: 8191
|---------------------------------------------------------------------------------------------|
[1.024s] [ext: omni.kit.pipapi-0.0.0] startup
[1.025s] [ext: omni.kit.pip_archive-0.0.0] startup
[1.025s] [ext: isaacsim.pip.newton-0.6.0] startup
[1.025s] [ext: omni.pip.compute-1.9.0] startup
[1.025s] [ext: omni.isaac.core_archive-5.3.0] startup
[1.025s] [ext: omni.kit.telemetry-0.5.2] startup
[1.049s] [ext: omni.kit.loop-isaac-1.6.0] startup
[1.051s] [ext: omni.kit.test-2.0.7] startup
[1.101s] [ext: omni.materialx.libs-1.0.9] startup
[1.108s] [ext: omni.gpucompute.plugins-0.0.0] startup
[1.108s] [ext: omni.usd.config-1.0.7] startup
[1.111s] [ext: omni.usd.libs-1.0.3] startup
[1.174s] [ext: omni.iray.libs-0.0.1] startup
[1.178s] [ext: omni.mdl-57.0.3] startup
[1.195s] [ext: omni.mdl.neuraylib-0.2.20] startup
[1.197s] [ext: omni.kit.usd.mdl-1.1.9] startup
[1.285s] [ext: omni.appwindow-1.2.2] startup
[1.287s] [ext: omni.kit.renderer.core-1.2.2] startup
[1.659s] [ext: omni.kit.renderer.capture-2.0.1] startup
[1.660s] [ext: omni.kit.renderer.imgui-2.0.6] startup
[1.702s] [ext: omni.ui-3.1.3] startup
[1.711s] [ext: omni.kit.mainwindow-1.0.3] startup
[1.712s] [ext: carb.audio-0.1.0] startup
[1.714s] [ext: omni.uiaudio-1.0.0] startup
[1.714s] [ext: omni.kit.uiapp-0.0.0] startup
[1.714s] [ext: omni.usd.schema.metrics.assembler-110.1.0] startup
[1.716s] [ext: omni.usd.schema.audio-0.0.1] startup
[1.719s] [ext: omni.usd_resolver-1.0.0] startup
[1.722s] [ext: omni.usd.core-1.8.3] startup
[1.725s] [ext: omni.metropolis.schema-0.0.3] startup
[1.725s] [ext: isaacsim.anim.robot.schema-0.1.1] startup
[1.726s] [ext: omni.usd.schema.anim-0.0.1] startup
[1.740s] [ext: omni.usd.schema.geospatial-0.0.1] startup
[1.741s] [ext: omni.usd.schema.omnigraph-1.0.1] startup
[1.746s] [ext: omni.usd.schema.semantics-0.0.0] startup
[1.747s] [ext: omni.activity.core-1.0.3] startup
[1.748s] [ext: omni.cubric-0.1.0] startup
[1.749s] [ext: omni.graph.exec-0.9.6] startup
[1.749s] [ext: omni.hydra.scene_delegate-0.3.5] startup
[1.751s] [ext: usdrt.scenegraph-7.6.3] startup
[1.771s] [ext: omni.hydra.usdrt_delegate-7.5.2] startup
[1.776s] [ext: omni.inspect-1.0.2] startup
[1.777s] [ext: omni.kit.actions.core-1.0.0] startup
[1.778s] [ext: omni.kit.audiodeviceenum-1.0.2] startup
[1.779s] [ext: omni.kit.commands-1.5.0] startup
[1.782s] [ext: omni.kit.exec.core-0.13.5] startup
[1.783s] [ext: omni.kit.usd_undo-0.1.8] startup
[1.784s] [ext: omni.kit.window.popup_dialog-2.0.25] startup
[1.787s] [ext: omni.kit.widget.nucleus_connector-2.3.1] startup
[1.790s] [ext: omni.timeline-1.1.0] startup
[1.792s] [ext: omni.usd-1.15.2] startup
[1.821s] [ext: omni.graph.core-3.1.2] startup
[1.824s] [ext: omni.kit.notification_manager-1.0.11] startup
[1.825s] [ext: isaacsim.core.deprecation_manager-0.4.2] startup
[1.826s] [ext: isaacsim.replicator.agent.schema-0.1.1] startup
[1.826s] [ext: isaacsim.robot.schema-6.3.6] startup
[1.830s] [ext: isaacsim.robot_motion.schema-0.2.0] startup
[1.831s] [ext: omni.anim.behavior.schema-110.1.0] startup
[1.834s] [ext: omni.anim.graph.schema-110.1.1] startup
[1.839s] [ext: omni.anim.navigation.schema-110.1.0] startup
[1.842s] [ext: omni.behavior.tree.schema-110.1.0] startup
[1.843s] [ext: omni.isaac.ml_archive-3.3.0] startup
[1.843s] [ext: omni.kit.asset_converter-5.1.4] startup
[1.853s] [ext: omni.pip.cloud-1.5.3] startup
[1.855s] [ext: omni.usd.schema.flow-110.0.0] startup
[1.856s] [ext: omni.usd.schema.mujoco-1.1.0] startup
[1.856s] [ext: omni.usd.schema.newton-1.2.0] startup
[1.857s] [ext: omni.usd.schema.omni_lens_distortion-1.0.0] startup
[1.857s] [ext: omni.usd.schema.omni_projectors-1.0.0] startup
[1.858s] [ext: omni.usd.schema.omni_sensors-0.0.0] startup
[1.864s] [ext: omni.usd.schema.omniscripting-1.0.1] startup
[1.868s] [ext: omni.usd.schema.physical_lighting-0.1.0] startup
[1.871s] [ext: omni.usd.schema.physx-110.1.11] startup
[1.897s] [ext: omni.usd.schema.render_settings.rtx-1.0.2] startup
[1.900s] [ext: omni.usd.schema.usd_particle_field-1.0.0] startup
[1.901s] [ext: isaacsim.core.version-2.1.0] startup
[1.901s] [ext: omni.kit.menu.core-1.2.0] startup
[1.902s] [ext: omni.kit.menu.utils-2.2.3] startup
[1.909s] [ext: isaacsim.app.about-2.3.0] startup
[1.913s] [ext: isaacsim.asset.transformer-1.2.3] startup
[1.916s] [ext: omni.scene.optimizer.core-110.1.0] startup
[1.953s] [ext: isaacsim.asset.importer.utils-1.8.0] startup
[1.955s] [ext: omni.convexdecomposition-110.1.11] startup
[1.958s] [ext: omni.physics-110.1.11] startup
[1.960s] [ext: omni.physx.gpu-110.1.11] startup
[1.960s] [ext: omni.physx.foundation-110.1.11] startup
[1.961s] [ext: omni.usdphysics-110.1.11] startup
[1.962s] [ext: omni.physx.cooking-110.1.11] startup
[1.964s] [ext: omni.physx-110.1.11] startup
[1.973s] [ext: omni.physics.physx-110.1.11] startup
[1.975s] [ext: isaacsim.asset.exporter.urdf-2.0.3] startup
[1.981s] [ext: omni.kit.clipboard-1.1.1] startup
[1.982s] [ext: omni.kit.usd.layers-2.6.1] startup
[1.988s] [ext: omni.kit.widget.context_menu-1.4.0] startup
[1.989s] [ext: omni.kit.context_menu-1.9.0] startup
[1.991s] [ext: omni.kit.helper.file_utils-0.1.10] startup
[1.992s] [ext: omni.kit.widget.nucleus_info-2.0.2] startup
[1.993s] [ext: omni.kit.search_core-1.0.8] startup
[1.993s] [ext: omni.kit.widget.path_field-2.0.13] startup
[1.994s] [ext: omni.kit.widget.browser_bar-2.0.10] startup
[1.994s] [ext: omni.kit.widget.filebrowser-2.13.4] startup
[1.998s] [ext: omni.kit.widget.options_menu-1.1.6] startup
[2.000s] [ext: omni.kit.widget.options_button-1.0.3] startup
[2.001s] [ext: omni.kit.widget.search_delegate-1.0.9] startup
[2.002s] [ext: omni.ui.scene-2.0.1] startup
[2.007s] [ext: omni.kit.window.filepicker-2.15.5] startup
[2.019s] [ext: omni.kit.window.file_importer-1.1.21] startup
[2.021s] [ext: omni.kit.material.library-3.1.2] startup
[2.026s] [ext: isaacsim.asset.transformer.rules-1.7.8] startup
[2.034s] [ext: omni.usdex.libs-2.2.2] startup
[2.042s] [ext: isaacsim.asset.importer.mjcf-3.10.0] startup
[2.044s] [ext: isaacsim.asset.importer.urdf-3.11.0] startup
[2.047s] [ext: omni.kit.primitive.mesh-1.1.0] startup
[2.048s] [ext: omni.kit.stage_template.core-1.1.22] startup
[2.049s] [ext: omni.kit.stage_templates-2.0.2] startup
[2.050s] [ext: omni.usd.metrics.assembler-110.1.2] startup
[2.053s] [ext: omni.warp.core-1.13.0] startup
[2.219s] [ext: isaacsim.core.experimental.utils-0.17.1] startup
[2.221s] [ext: omni.physics.stageupdate-110.1.11] startup
[2.222s] [ext: omni.physics.tensors-110.1.11] startup
[2.226s] [ext: omni.physx.tensors-110.1.11] startup
[2.228s] [ext: isaacsim.core.simulation_manager-1.15.4] startup
[2.240s] [ext: isaacsim.storage.native-1.9.2] startup
[2.241s] [ext: omni.usd.metrics.assembler.physics-110.1.11] startup
[2.242s] [ext: isaacsim.core.utils-4.1.6] startup
[2.245s] [ext: isaacsim.core.prims-0.11.6] startup
[3.205s] [ext: isaacsim.core.api-5.2.12] startup
[3.211s] [ext: isaacsim.core.cloner-1.7.2] startup
[3.212s] [ext: isaacsim.test.docstring-1.3.1] startup
[3.215s] [ext: isaacsim.core.experimental.prims-1.8.8] startup
[3.236s] [ext: isaacsim.core.experimental.primdata-0.3.2] startup
[3.238s] [ext: omni.graph.tools-1.81.0] startup
[3.257s] [ext: omni.graph-1.142.5] startup
[3.289s] [ext: isaacsim.core.experimental.actuators-0.1.0] startup
[5.105s] [ext: isaacsim.core.experimental.materials-0.7.0] startup
[5.108s] [ext: isaacsim.core.experimental.objects-0.8.0] startup
[5.161s] [ext: omni.hydra.engine.stats-1.0.5] startup
[5.163s] [ext: omni.hydra.rtx.shadercache.vulkan-1.0.0] startup
[5.164s] [ext: omni.index.libs-387500.3473.0] startup
[5.164s] [ext: omni.index-1.0.1] startup
[5.164s] [ext: omni.ujitso.client-0.0.0] startup
[5.165s] [ext: omni.usd.schema.playback-1.0.0] startup
[5.168s] [ext: omni.volume-0.5.2] startup
[5.173s] [ext: omni.hydra.rtx-1.0.3] startup
[5.196s] [ext: omni.kit.hydra_texture-1.6.0] startup
[5.200s] [ext: omni.kit.raycast.query-1.2.0] startup
[5.204s] [ext: omni.kit.viewport.legacy_gizmos-1.0.24] startup
[5.207s] [ext: omni.kit.viewport.registry-104.0.6] startup
[5.208s] [ext: omni.kit.viewport.scene_camera_model-1.0.7] startup
[5.211s] [ext: omni.kit.widget.viewport-109.2.0] startup
[5.214s] [ext: omni.kit.window.drop_support-1.0.8] startup
[5.215s] [ext: omni.kit.viewport.window-109.0.2] startup
[5.231s] [ext: omni.kit.viewport.utility-2.0.1] startup
[5.232s] [ext: isaacsim.core.rendering_manager-0.4.2] startup
[5.251s] [ext: omni.graph.action_core-1.1.9] startup
[5.255s] [ext: omni.graph.action_nodes_core-2.10.2] startup
[5.257s] [ext: omni.graph.action_nodes-2.10.3] startup
[5.276s] [ext: omni.graph.action-2.10.2] startup
[5.278s] [ext: omni.graph.image.core-0.6.1] startup
[5.278s] [ext: omni.graph.image.nodes-1.3.1] startup
[5.279s] [ext: omni.graph.nodes_core-2.10.3] startup
[5.284s] [ext: omni.graph.nodes-2.11.1] startup
[5.291s] [ext: omni.kit.hotkeys.core-1.3.12] startup
[5.292s] [ext: omni.kit.property.adapter.core-1.1.1] startup
[5.294s] [ext: omni.kit.property.adapter.usd-1.0.5] startup
[5.296s] [ext: omni.kit.widget.filter-1.1.5] startup
[5.296s] [ext: omni.kit.widget.highlight_label-1.0.3] startup
[5.297s] [ext: omni.kit.widget.searchfield-1.1.8] startup
[5.298s] [ext: omni.kit.window.file_exporter-1.0.36] startup
[5.299s] [ext: omni.kit.widget.stage-4.3.0] startup
[5.308s] [ext: omni.kit.window.content_browser_registry-0.0.6] startup
[5.309s] [ext: omni.kit.window.file-2.0.10] startup
[5.312s] [ext: omni.kit.window.content_browser-3.1.8] startup
[5.322s] [ext: omni.kit.window.property-1.15.1] startup
[5.333s] [ext: omni.kit.property.usd-4.8.1] startup
[5.343s] [ext: omni.graph.scriptnode-2.10.2] startup
[5.351s] [ext: omni.kit.widget.searchable_combobox-1.0.7] startup
[5.352s] [ext: omni.kit.widget.settings-2.0.0] startup
[5.355s] [ext: omni.kit.window.preferences-1.8.3] startup
[5.360s] [ext: omni.kit.viewport.menubar.core-107.2.2] startup
[5.372s] [ext: omni.syntheticdata-0.6.15] startup
[5.398s] [ext: omni.replicator.nv-1.1.1] startup
[5.404s] [ext: omni.videoencoding-0.2.1] startup
[5.406s] [ext: omni.replicator.core-1.13.25] startup
[5.605s] [ext: isaacsim.core.nodes-5.10.4] startup
[5.634s] [ext: isaacsim.core.throttling-2.3.3] startup
[5.636s] [ext: omni.kit.manipulator.viewport-107.0.1] startup
[5.637s] [ext: omni.graph.visualization.nodes-2.1.4] startup
[5.651s] [ext: omni.kit.window.extensions-1.5.7] startup
[5.657s] [ext: isaacsim.gui.components-1.8.4] startup
[5.661s] [ext: isaacsim.robot.surface_gripper-3.6.1] startup
[5.672s] [ext: isaacsim.robot.manipulators-3.4.4] startup
[5.683s] [ext: isaacsim.robot_motion.lula-4.1.2] startup
[5.690s] [ext: isaacsim.robot_motion.motion_generation-8.2.8] startup
[5.696s] [ext: isaacsim.cortex.framework-1.0.17] startup
[5.697s] [ext: isaacsim.cortex.behaviors-2.0.16] startup
[5.699s] [ext: isaacsim.examples.base-1.3.1] startup
[5.700s] [ext: omni.kit.widget.zoombar-1.0.7] startup
[5.701s] [ext: omni.kit.browser.core-2.3.18] startup
[5.705s] [ext: omni.kit.browser.folder.core-2.0.2] startup
[5.709s] [ext: omni.kit.widget.stage_icons-1.0.8] startup
[5.710s] [ext: omni.kit.window.stage-2.6.1] startup
[5.713s] [ext: omni.kit.menu.stage-1.2.7] startup
[5.714s] [ext: omni.kit.usd.collect-3.0.5] startup
[5.717s] [ext: omni.kit.widget.prompt-1.0.7] startup
[5.718s] [ext: omni.kit.tool.collect-2.2.19] startup
[5.720s] [ext: isaacsim.examples.browser-0.3.1] startup
[5.723s] [ext: omni.kit.search.files-1.0.4] startup
[5.724s] [ext: omni.kit.widget.calendar-1.0.9] startup
[5.725s] [ext: omni.kit.widget.extended_searchfield-1.0.31] startup
[5.732s] [ext: omni.simready.content.browser-0.3.7] startup
[5.827s] [ext: isaacsim.gui.content_browser-0.4.2] startup
[5.829s] [ext: omni.kit.selection-0.1.6] startup
[5.830s] [ext: isaacsim.gui.menu-2.10.5] startup
[5.839s] [ext: isaacsim.gui.property-1.6.2] startup
[5.846s] [ext: omni.kit.viewport.actions-107.0.2] startup
[5.849s] [ext: omni.kit.viewport.menubar.display-107.1.3] startup
[5.851s] [ext: isaacsim.gui.sensors.icon-2.2.0] startup
[5.855s] [ext: omni.behavior.scripting.core-110.1.0] startup
[5.858s] [ext: isaacsim.replicator.behavior-1.5.3] startup
[5.859s] [ext: isaacsim.replicator.experimental.domain_randomization-1.2.4] startup
[5.872s] [ext: isaacsim.replicator.domain_randomization-1.2.1] startup
[5.948s] [ext: isaacsim.replicator.writers-1.5.3] startup
[5.971s] [ext: isaacsim.robot.experimental.wheeled_robots-0.2.9] startup
[5.992s] [ext: isaacsim.robot.policy.examples-5.2.11] startup
[6.011s] [ext: isaacsim.robot.wheeled_robots-5.2.3] startup
[6.014s] [ext: isaacsim.robot.wheeled_robots.nodes-0.1.2] startup
[6.035s] [ext: isaacsim.robot_motion.experimental.motion_generation-6.1.2] startup
[6.046s] [ext: isaacsim.robot_motion.cumotion-1.3.0] startup
[6.059s] [ext: omni.kit.numpy.common-0.1.3] startup
[6.061s] [ext: isaacsim.sensors.camera-1.7.8] startup
[6.089s] [ext: isaacsim.sensors.experimental.physics-3.0.1] startup
[6.097s] [ext: omni.sensors.net-1.0.1] startup
[6.100s] [ext: omni.sensors.nv.common-3.0.0] startup
[6.112s] [ext: omni.sensors.nv.materials-2.0.0] startup
[6.115s] [ext: omni.sensors.nv.acoustic-3.0.0] startup
[6.118s] [ext: omni.sensors.nv.ids-2.0.1] startup
[6.125s] [ext: omni.sensors.nv.lidar-3.0.0] startup
[6.129s] [ext: omni.sensors.nv.radar-3.0.0] startup
[6.131s] [ext: isaacsim.sensors.experimental.rtx-1.4.3] startup
[6.384s] [ext: isaacsim.sensors.physics.nodes-1.5.2] startup
[6.392s] [ext: isaacsim.util.debug_draw-3.2.2] startup
[6.397s] [ext: isaacsim.sensors.physx-2.5.4] startup
[6.406s] [ext: isaacsim.sensors.rtx-15.17.0] startup
[6.416s] [ext: isaacsim.simulation_app-2.18.3] startup
[6.416s] [ext: omni.anim.curve.core-1.6.0] startup
[6.426s] [ext: omni.graph.ui_nodes-2.10.5] startup
[6.447s] [ext: omni.hydra.scene_api-0.1.3] startup
[6.452s] [ext: omni.kit.manipulator.camera-110.0.0] startup
[6.457s] [ext: omni.kit.manipulator.selector-1.1.4] startup
[6.459s] [ext: omni.kit.manipulator.transform-107.0.0] startup
[6.462s] [ext: omni.kit.widget.toolbar-2.1.0] startup
[6.467s] [ext: omni.kit.manipulator.tool.snap-1.5.14] startup
[6.472s] [ext: omni.kit.viewport.manipulator.transform-107.0.4] startup
[6.474s] [ext: omni.kit.manipulator.prim.core-108.0.2] startup
[6.480s] [ext: omni.kit.manipulator.prim.usd-107.0.3] startup
[6.481s] [ext: omni.kit.manipulator.prim-108.0.0] startup
[6.481s] [ext: omni.kit.manipulator.selection-109.0.1] startup
[6.482s] [ext: omni.kit.menu.create-2.0.2] startup
[6.484s] [ext: omni.kit.property.audio-1.0.16] startup
[6.489s] [ext: omni.kit.property.camera-1.0.14] startup
[6.490s] [ext: omni.kit.property.geometry-2.1.2] startup
[6.493s] [ext: omni.kit.property.light-1.0.14] startup
[6.524s] [ext: omni.kit.property.material-1.14.2] startup
[6.530s] [ext: omni.kit.property.render-1.2.2] startup
[6.531s] [ext: omni.kit.property.transform-1.6.9] startup
[6.534s] [ext: omni.kit.property.bundle-1.5.1] startup
[6.536s] [ext: omni.kit.usdz_export-1.1.0] startup
[6.538s] [ext: omni.kit.tool.asset_importer-5.2.0] startup
[6.543s] [ext: omni.kit.ui.actions-1.0.5] startup
[6.545s] [ext: omni.kit.viewport.menubar.camera-107.0.10] startup
[6.549s] [ext: omni.kit.viewport.menubar.lighting-107.3.2] startup
[6.551s] [ext: omni.kit.viewport.menubar.render-107.0.10] startup
[6.554s] [ext: omni.kit.viewport.menubar.settings-110.0.1] startup
[6.558s] [ext: omni.kit.window.console-1.1.8] startup
[6.562s] [ext: omni.kit.window.status_bar-0.1.11] startup
[6.565s] [ext: omni.kit.window.toolbar-3.0.3] startup
[6.568s] [ext: omni.ocio-0.1.1] startup
[6.570s] [ext: omni.physx.commands-110.1.11] startup
[6.574s] [ext: omni.replicator.replicator_yaml-2.0.12] startup
[6.587s] [ext: omni.rtx.window.settings-0.8.0] startup
[6.592s] [ext: omni.rtx.settings.core-0.7.0] startup
[6.595s] [ext: omni.usd.metrics.assembler.ui-110.1.1] startup
[6.604s] [ext: semantics.schema.editor-2.0.2] startup
[6.607s] [ext: semantics.schema.property-2.0.1] startup
[6.609s] [ext: omni.kit.menu.common-2.0.2] startup
[6.610s] [ext: isaacsim.exp.base-6.0.0] startup
[6.610s] [ext: isaacsim.exp.base.python-6.0.0] startup
[6.611s] Simulation App Starting
[7.720s] Simulation App Startup Complete
[7.729s] app ready
Starting kit application with the following args:  ['/home/liang/isaacsim/exts/isaacsim.simulation_app/isaacsim/simulation_app/simulation_app.py', '/home/liang/isaacsim/apps/isaacsim.exp.base.python.kit', '--/app/tokens/exe-path=/home/liang/isaacsim/kit', '--/persistent/app/viewport/displayOptions=3094', '--/rtx/materialDb/syncLoads=True', '--/rtx/hydra/materialSyncLoads=True', '--/omni.kit.plugin/syncUsdLoads=True', '--/app/renderer/resolution/width=1280', '--/app/renderer/resolution/height=720', '--/app/window/width=1440', '--/app/window/height=900', '--/renderer/multiGpu/enabled=True', '--/app/fastShutdown=True', '--/app/installSignalHandlers=0', '--ext-folder', '/home/liang/isaacsim/exts', '--ext-folder', '/home/liang/isaacsim/apps', '--/physics/cudaDevice=0', '--/plugins/carb.tasking.plugin/threadCount=16', '--/plugins/omni.tbb.globalcontrol/maxThreadCount=16', '--portable', '--no-window', '--/app/window/hideUi=1']
Passing the following args to the base kit application:  []
Warp 1.13.0 initialized:
   CUDA Toolkit 12.9, Driver 13.0
   Devices:
     "cpu"      : "x86_64"
     "cuda:0"   : "NVIDIA GeForce RTX 5070 Ti" (15 GiB, sm_120, mempool enabled)
   Kernel cache:
     /home/liang/.cache/warp/1.13.0
[isaac] DOF=['joint1', 'joint2', 'joint3', 'joint4', 'joint5', 'joint6', 'gripper_joint1', 'gripper_joint2']  手指行程上限=0.0715 m
[isaac] 场景就绪：USD=/home/liang/Documents/code/HyperdualQuaternions_modeling_robotic/reBot-Isaacsim/usd/reBot_B601_DM/reBot_B601_DM.usda
[isaac]           prim=/World/B601  dt=0.0020s  立方体=[0.5084, -0.1309, 0.0225]
[exp1-setpoint] t=  5.00s  pos_err=0.0901 m  ori_err=0.3000 rad  ‖τ‖=5.10 N·m
[exp1-setpoint] t= 10.00s  pos_err=0.0849 m  ori_err=0.2874 rad  ‖τ‖=5.34 N·m
[exp1-setpoint] 完成：1100 行 -> /home/liang/Documents/code/HyperdualQuaternions_modeling_robotic/TNDQ_b601/results/exp1_setpoint.csv
    末端 1s 稳态窗: pos_err=0.0850 m  ori_err=0.2897 rad
    全程峰值: pos_err=0.1488 m  ori_err=0.7075 rad
    力矩饱和 0 步 / 治理触发 47 步 / dither 1010 步 / 墙钟 86.0s
[99.793s] Simulation App Shutting Down
