WARNING: All log messages before absl::InitializeLog() is called are written to STDERR
E0000 00:00:1787323744.224323 3143311 descriptor_database.cc:633] File already exists in database: grpc/health/v1/health.proto
W0000 00:00:1787323744.224375 3143311 message.cc:301] Protobuf GeneratedMessageFactory: File is already registered: grpc/health/v1/health.proto
2026-08-21T14:49:03Z [Info] [carb] Logging to file: /home/liang/isaacsim/kit/logs/Kit/Isaac-Sim Python/6.0/kit_20260821_224903.log
[0.049s] [ext: omni.assets.plugins-0.0.0] startup
[0.050s] [ext: omni.blobkey-1.1.2] startup
[0.050s] [ext: omni.kit.async_engine-0.0.3] startup
[0.290s] [ext: omni.client.lib-1.1.1] startup
[0.297s] [ext: omni.client-1.3.0] startup
[0.299s] [ext: omni.protobuf.lib-1.0.0] startup
[0.300s] [ext: omni.grpc.lib-1.0.0] startup
[0.304s] [ext: omni.metrics.core-0.0.3] startup
[0.304s] [ext: omni.datastore-0.0.0] startup
[0.304s] [ext: omni.gpu_foundation.shadercache.vulkan-1.0.0] startup
[0.308s] [ext: omni.hsscclient-1.1.4] startup
[0.309s] [ext: omni.stats-1.0.1] startup
[0.309s] [ext: omni.ujitso.default-1.0.0] startup
[0.311s] [ext: omni.gpu_foundation-0.0.0] startup
[0.452s] [ext: carb.windowing.plugins-1.0.1] startup
[0.453s] [ext: omni.kit.renderer.init-1.0.1] startup
2026-08-21T14:49:04Z [632ms] [Warning] [omni.rtx] Skipping unsupported non-NVIDIA GPU: AMD Ryzen 7 9700X 8-Core Processor (RADV RAPHAEL_MENDOCINO)
2026-08-21T14:49:04Z [633ms] [Warning] [omni.rtx] Skipping unsupported non-NVIDIA GPU: AMD Ryzen 7 9700X 8-Core Processor (RADV RAPHAEL_MENDOCINO)

|---------------------------------------------------------------------------------------------|
| Driver Version: 580.173.02    | Graphics API: Vulkan
|=============================================================================================|
| GPU | Name                             | Active | LDA | GPU Memory | Vendor-ID | LUID       |
|     |                                  |        |     |            | Device-ID | UUID       |
|     |                                  |        |     |            | Bus-ID    |            |
|---------------------------------------------------------------------------------------------|
| 0   | NVIDIA GeForce RTX 5070 Ti       | Yes: 0 |     | 16303   MB | 10de      | 0          |
|     |                                  |        |     |            | 2c05      | bee4013a.. |
|     |                                  |        |     |            | 1         |            |
|---------------------------------------------------------------------------------------------|
| 1   | AMD Ryzen 7 9700X 8-Core Proce.. |        |     | 10719   MB | 1002      | 0          |
|     |                                  |        |     |            | 13c0      | 00000000.. |
|     |                                  |        |     |            | 13        |            |
|=============================================================================================|
| OS: 24.04.4 LTS (Noble Numbat) ubuntu, Version: 24.04.4, Kernel: 7.0.0-29-generic
| XServer Vendor: The X.Org Foundation, XServer Version: 12101011 (1.21.1.11)
| Processor: AMD Ryzen 7 9700X 8-Core Processor
| Cores: 8 | Logical Cores: 16
|---------------------------------------------------------------------------------------------|
| Total Memory (MB): 31134 | Free Memory: 21686
| Total Page/Swap (MB): 8191 | Free Page/Swap: 8191
|---------------------------------------------------------------------------------------------|
2026-08-21T14:49:04Z [837ms] [Warning] [omni.rtx] CPU performance profile is set to powersave. This profile sets the CPU to the lowest frequency reducing performance.
2026-08-21T14:49:04Z [845ms] [Warning] [omni.rtx] IOMMU is enabled.
[0.966s] [ext: omni.kit.pipapi-0.0.0] startup
[0.967s] [ext: omni.kit.pip_archive-0.0.0] startup
[0.967s] [ext: isaacsim.pip.newton-0.6.0] startup
[0.968s] [ext: omni.pip.compute-1.9.0] startup
[0.968s] [ext: omni.isaac.core_archive-5.3.0] startup
[0.968s] [ext: omni.kit.telemetry-0.5.2] startup
[0.993s] [ext: omni.kit.loop-isaac-1.6.0] startup
[0.994s] [ext: omni.kit.test-2.0.7] startup
[1.045s] [ext: omni.materialx.libs-1.0.9] startup
[1.051s] [ext: omni.gpucompute.plugins-0.0.0] startup
[1.052s] [ext: omni.usd.config-1.0.7] startup
[1.054s] [ext: omni.usd.libs-1.0.3] startup
[1.118s] [ext: omni.iray.libs-0.0.1] startup
[1.121s] [ext: omni.mdl-57.0.3] startup
[1.136s] [ext: omni.mdl.neuraylib-0.2.20] startup
[1.138s] [ext: omni.kit.usd.mdl-1.1.9] startup
[1.223s] [ext: omni.appwindow-1.2.2] startup
[1.225s] [ext: omni.kit.renderer.core-1.2.2] startup
[1.561s] [ext: omni.kit.renderer.capture-2.0.1] startup
[1.563s] [ext: omni.kit.renderer.imgui-2.0.6] startup
[1.602s] [ext: omni.ui-3.1.3] startup
[1.610s] [ext: omni.kit.mainwindow-1.0.3] startup
[1.611s] [ext: carb.audio-0.1.0] startup
[1.613s] [ext: omni.uiaudio-1.0.0] startup
[1.614s] [ext: omni.kit.uiapp-0.0.0] startup
[1.614s] [ext: omni.usd.schema.metrics.assembler-110.1.0] startup
[1.616s] [ext: omni.usd.schema.audio-0.0.1] startup
[1.618s] [ext: omni.usd_resolver-1.0.0] startup
[1.621s] [ext: omni.usd.core-1.8.3] startup
[1.624s] [ext: omni.metropolis.schema-0.0.3] startup
[1.624s] [ext: isaacsim.anim.robot.schema-0.1.1] startup
[1.625s] [ext: omni.usd.schema.anim-0.0.1] startup
[1.638s] [ext: omni.usd.schema.geospatial-0.0.1] startup
[1.640s] [ext: omni.usd.schema.omnigraph-1.0.1] startup
[1.644s] [ext: omni.usd.schema.semantics-0.0.0] startup
[1.646s] [ext: omni.activity.core-1.0.3] startup
[1.647s] [ext: omni.cubric-0.1.0] startup
[1.647s] [ext: omni.graph.exec-0.9.6] startup
[1.648s] [ext: omni.hydra.scene_delegate-0.3.5] startup
[1.650s] [ext: usdrt.scenegraph-7.6.3] startup
[1.670s] [ext: omni.hydra.usdrt_delegate-7.5.2] startup
[1.674s] [ext: omni.inspect-1.0.2] startup
[1.675s] [ext: omni.kit.actions.core-1.0.0] startup
[1.677s] [ext: omni.kit.audiodeviceenum-1.0.2] startup
[1.678s] [ext: omni.kit.commands-1.5.0] startup
[1.680s] [ext: omni.kit.exec.core-0.13.5] startup
[1.681s] [ext: omni.kit.usd_undo-0.1.8] startup
[1.681s] [ext: omni.kit.window.popup_dialog-2.0.25] startup
[1.683s] [ext: omni.kit.widget.nucleus_connector-2.3.1] startup
[1.686s] [ext: omni.timeline-1.1.0] startup
[1.688s] [ext: omni.usd-1.15.2] startup
[1.715s] [ext: omni.graph.core-3.1.2] startup
[1.718s] [ext: omni.kit.notification_manager-1.0.11] startup
[1.719s] [ext: isaacsim.core.deprecation_manager-0.4.2] startup
[1.720s] [ext: isaacsim.replicator.agent.schema-0.1.1] startup
[1.721s] [ext: isaacsim.robot.schema-6.3.6] startup
[1.725s] [ext: isaacsim.robot_motion.schema-0.2.0] startup
[1.725s] [ext: omni.anim.behavior.schema-110.1.0] startup
[1.729s] [ext: omni.anim.graph.schema-110.1.1] startup
[1.733s] [ext: omni.anim.navigation.schema-110.1.0] startup
[1.736s] [ext: omni.behavior.tree.schema-110.1.0] startup
[1.737s] [ext: omni.isaac.ml_archive-3.3.0] startup
[1.737s] [ext: omni.kit.asset_converter-5.1.4] startup
[1.747s] [ext: omni.pip.cloud-1.5.3] startup
[1.749s] [ext: omni.usd.schema.flow-110.0.0] startup
[1.749s] [ext: omni.usd.schema.mujoco-1.1.0] startup
[1.749s] [ext: omni.usd.schema.newton-1.2.0] startup
[1.750s] [ext: omni.usd.schema.omni_lens_distortion-1.0.0] startup
[1.750s] [ext: omni.usd.schema.omni_projectors-1.0.0] startup
[1.751s] [ext: omni.usd.schema.omni_sensors-0.0.0] startup
[1.758s] [ext: omni.usd.schema.omniscripting-1.0.1] startup
[1.761s] [ext: omni.usd.schema.physical_lighting-0.1.0] startup
[1.764s] [ext: omni.usd.schema.physx-110.1.11] startup
[1.789s] [ext: omni.usd.schema.render_settings.rtx-1.0.2] startup
[1.792s] [ext: omni.usd.schema.usd_particle_field-1.0.0] startup
[1.792s] [ext: isaacsim.core.version-2.1.0] startup
[1.793s] [ext: omni.kit.menu.core-1.2.0] startup
[1.793s] [ext: omni.kit.menu.utils-2.2.3] startup
[1.798s] [ext: isaacsim.app.about-2.3.0] startup
[1.803s] [ext: isaacsim.asset.transformer-1.2.3] startup
[1.806s] [ext: omni.scene.optimizer.core-110.1.0] startup
[1.839s] [ext: isaacsim.asset.importer.utils-1.8.0] startup
[1.841s] [ext: omni.convexdecomposition-110.1.11] startup
[1.843s] [ext: omni.physics-110.1.11] startup
[1.845s] [ext: omni.physx.gpu-110.1.11] startup
[1.845s] [ext: omni.physx.foundation-110.1.11] startup
[1.846s] [ext: omni.usdphysics-110.1.11] startup
[1.847s] [ext: omni.physx.cooking-110.1.11] startup
[1.849s] [ext: omni.physx-110.1.11] startup
[1.857s] [ext: omni.physics.physx-110.1.11] startup
[1.859s] [ext: isaacsim.asset.exporter.urdf-2.0.3] startup
[1.864s] [ext: omni.kit.clipboard-1.1.1] startup
[1.865s] [ext: omni.kit.usd.layers-2.6.1] startup
[1.871s] [ext: omni.kit.widget.context_menu-1.4.0] startup
[1.873s] [ext: omni.kit.context_menu-1.9.0] startup
[1.874s] [ext: omni.kit.helper.file_utils-0.1.10] startup
[1.875s] [ext: omni.kit.widget.nucleus_info-2.0.2] startup
[1.875s] [ext: omni.kit.search_core-1.0.8] startup
[1.876s] [ext: omni.kit.widget.path_field-2.0.13] startup
[1.876s] [ext: omni.kit.widget.browser_bar-2.0.10] startup
[1.877s] [ext: omni.kit.widget.filebrowser-2.13.4] startup
[1.880s] [ext: omni.kit.widget.options_menu-1.1.6] startup
[1.882s] [ext: omni.kit.widget.options_button-1.0.3] startup
[1.882s] [ext: omni.kit.widget.search_delegate-1.0.9] startup
[1.883s] [ext: omni.ui.scene-2.0.1] startup
[1.887s] [ext: omni.kit.window.filepicker-2.15.5] startup
[1.896s] [ext: omni.kit.window.file_importer-1.1.21] startup
[1.898s] [ext: omni.kit.material.library-3.1.2] startup
[1.902s] [ext: isaacsim.asset.transformer.rules-1.7.8] startup
[1.910s] [ext: omni.usdex.libs-2.2.2] startup
[1.917s] [ext: isaacsim.asset.importer.mjcf-3.10.0] startup
[1.919s] [ext: isaacsim.asset.importer.urdf-3.11.0] startup
[1.923s] [ext: omni.kit.primitive.mesh-1.1.0] startup
[1.924s] [ext: omni.kit.stage_template.core-1.1.22] startup
[1.925s] [ext: omni.kit.stage_templates-2.0.2] startup
[1.926s] [ext: omni.usd.metrics.assembler-110.1.2] startup
[1.928s] [ext: omni.warp.core-1.13.0] startup
[2.078s] [ext: isaacsim.core.experimental.utils-0.17.1] startup
[2.079s] [ext: omni.physics.stageupdate-110.1.11] startup
[2.080s] [ext: omni.physics.tensors-110.1.11] startup
[2.083s] [ext: omni.physx.tensors-110.1.11] startup
[2.086s] [ext: isaacsim.core.simulation_manager-1.15.4] startup
2026-08-21T14:49:06Z [2,074ms] [Warning] [isaacsim.core.simulation_manager.plugin] USD stage is not available; stage-opened subscription is deferred
2026-08-21T14:49:06Z [2,074ms] [Warning] [isaacsim.core.simulation_manager.plugin] USD stage is not available; stage-opened subscription is deferred
[2.098s] [ext: isaacsim.storage.native-1.9.2] startup
[2.099s] [ext: omni.usd.metrics.assembler.physics-110.1.11] startup
[2.100s] [ext: isaacsim.core.utils-4.1.6] startup
[2.102s] [ext: isaacsim.core.prims-0.11.6] startup
[3.010s] [ext: isaacsim.core.api-5.2.12] startup
[3.016s] [ext: isaacsim.core.cloner-1.7.2] startup
[3.017s] [ext: isaacsim.test.docstring-1.3.1] startup
[3.020s] [ext: isaacsim.core.experimental.prims-1.8.8] startup
[3.042s] [ext: isaacsim.core.experimental.primdata-0.3.2] startup
[3.044s] [ext: omni.graph.tools-1.81.0] startup
[3.063s] [ext: omni.graph-1.142.5] startup
[3.093s] [ext: isaacsim.core.experimental.actuators-0.1.0] startup
[4.784s] [ext: isaacsim.core.experimental.materials-0.7.0] startup
[4.787s] [ext: isaacsim.core.experimental.objects-0.8.0] startup
[4.837s] [ext: omni.hydra.engine.stats-1.0.5] startup
[4.839s] [ext: omni.hydra.rtx.shadercache.vulkan-1.0.0] startup
[4.841s] [ext: omni.index.libs-387500.3473.0] startup
[4.841s] [ext: omni.index-1.0.1] startup
[4.841s] [ext: omni.ujitso.client-0.0.0] startup
[4.842s] [ext: omni.usd.schema.playback-1.0.0] startup
[4.845s] [ext: omni.volume-0.5.2] startup
[4.849s] [ext: omni.hydra.rtx-1.0.3] startup
2026-08-21T14:49:08Z [4,838ms] [Warning] [omni.log] Source: omni.hydra was already registered.
[4.872s] [ext: omni.kit.hydra_texture-1.6.0] startup
[4.876s] [ext: omni.kit.raycast.query-1.2.0] startup
[4.880s] [ext: omni.kit.viewport.legacy_gizmos-1.0.24] startup
[4.882s] [ext: omni.kit.viewport.registry-104.0.6] startup
[4.882s] [ext: omni.kit.viewport.scene_camera_model-1.0.7] startup
[4.885s] [ext: omni.kit.widget.viewport-109.2.0] startup
[4.888s] [ext: omni.kit.window.drop_support-1.0.8] startup
[4.889s] [ext: omni.kit.viewport.window-109.0.2] startup
[4.903s] [ext: omni.kit.viewport.utility-2.0.1] startup
[4.904s] [ext: isaacsim.core.rendering_manager-0.4.2] startup
[4.920s] [ext: omni.graph.action_core-1.1.9] startup
[4.923s] [ext: omni.graph.action_nodes_core-2.10.2] startup
[4.926s] [ext: omni.graph.action_nodes-2.10.3] startup
[4.945s] [ext: omni.graph.action-2.10.2] startup
[4.946s] [ext: omni.graph.image.core-0.6.1] startup
[4.947s] [ext: omni.graph.image.nodes-1.3.1] startup
[4.948s] [ext: omni.graph.nodes_core-2.10.3] startup
[4.952s] [ext: omni.graph.nodes-2.11.1] startup
[4.956s] [ext: omni.kit.hotkeys.core-1.3.12] startup
[4.958s] [ext: omni.kit.property.adapter.core-1.1.1] startup
[4.960s] [ext: omni.kit.property.adapter.usd-1.0.5] startup
[4.961s] [ext: omni.kit.widget.filter-1.1.5] startup
[4.962s] [ext: omni.kit.widget.highlight_label-1.0.3] startup
[4.963s] [ext: omni.kit.widget.searchfield-1.1.8] startup
[4.964s] [ext: omni.kit.window.file_exporter-1.0.36] startup
[4.965s] [ext: omni.kit.widget.stage-4.3.0] startup
[4.972s] [ext: omni.kit.window.content_browser_registry-0.0.6] startup
[4.973s] [ext: omni.kit.window.file-2.0.10] startup
[4.976s] [ext: omni.kit.window.content_browser-3.1.8] startup
[4.984s] [ext: omni.kit.window.property-1.15.1] startup
[4.994s] [ext: omni.kit.property.usd-4.8.1] startup
[5.003s] [ext: omni.graph.scriptnode-2.10.2] startup
[5.011s] [ext: omni.kit.widget.searchable_combobox-1.0.7] startup
[5.012s] [ext: omni.kit.widget.settings-2.0.0] startup
[5.014s] [ext: omni.kit.window.preferences-1.8.3] startup
[5.018s] [ext: omni.kit.viewport.menubar.core-107.2.2] startup
[5.029s] [ext: omni.syntheticdata-0.6.15] startup
[5.050s] [ext: omni.replicator.nv-1.1.1] startup
[5.055s] [ext: omni.videoencoding-0.2.1] startup
[5.057s] [ext: omni.replicator.core-1.13.25] startup
2026-08-21T14:49:08Z [5,042ms] [Warning] [pxr.Semantics] pxr.Semantics is deprecated - please use Semantics instead
2026-08-21T14:49:09Z [5,108ms] [Warning] [omni.replicator.core.scripts.extension] No material configuration file, adding configuration to material settings directly.
[5.251s] [ext: isaacsim.core.nodes-5.10.4] startup
[5.277s] [ext: isaacsim.core.throttling-2.3.3] startup
[5.278s] [ext: omni.kit.manipulator.viewport-107.0.1] startup
[5.279s] [ext: omni.graph.visualization.nodes-2.1.4] startup
[5.291s] [ext: omni.kit.window.extensions-1.5.7] startup
[5.297s] [ext: isaacsim.gui.components-1.8.4] startup
[5.300s] [ext: isaacsim.robot.surface_gripper-3.6.1] startup
[5.311s] [ext: isaacsim.robot.manipulators-3.4.4] startup
[5.320s] [ext: isaacsim.robot_motion.lula-4.1.2] startup
[5.328s] [ext: isaacsim.robot_motion.motion_generation-8.2.8] startup
[5.333s] [ext: isaacsim.cortex.framework-1.0.17] startup
[5.334s] [ext: isaacsim.cortex.behaviors-2.0.16] startup
[5.336s] [ext: isaacsim.examples.base-1.3.1] startup
[5.337s] [ext: omni.kit.widget.zoombar-1.0.7] startup
[5.338s] [ext: omni.kit.browser.core-2.3.18] startup
[5.342s] [ext: omni.kit.browser.folder.core-2.0.2] startup
[5.346s] [ext: omni.kit.widget.stage_icons-1.0.8] startup
[5.347s] [ext: omni.kit.window.stage-2.6.1] startup
[5.350s] [ext: omni.kit.menu.stage-1.2.7] startup
[5.351s] [ext: omni.kit.usd.collect-3.0.5] startup
[5.353s] [ext: omni.kit.widget.prompt-1.0.7] startup
[5.354s] [ext: omni.kit.tool.collect-2.2.19] startup
[5.355s] [ext: isaacsim.examples.browser-0.3.1] startup
[5.358s] [ext: omni.kit.search.files-1.0.4] startup
[5.359s] [ext: omni.kit.widget.calendar-1.0.9] startup
[5.360s] [ext: omni.kit.widget.extended_searchfield-1.0.31] startup
[5.367s] [ext: omni.simready.content.browser-0.3.7] startup
[5.452s] [ext: isaacsim.gui.content_browser-0.4.2] startup
[5.454s] [ext: omni.kit.selection-0.1.6] startup
[5.456s] [ext: isaacsim.gui.menu-2.10.5] startup
[5.463s] [ext: isaacsim.gui.property-1.6.2] startup
[5.469s] [ext: omni.kit.viewport.actions-107.0.2] startup
[5.472s] [ext: omni.kit.viewport.menubar.display-107.1.3] startup
[5.474s] [ext: isaacsim.gui.sensors.icon-2.2.0] startup
[5.477s] [ext: omni.behavior.scripting.core-110.1.0] startup
[5.480s] [ext: isaacsim.replicator.behavior-1.5.3] startup
[5.481s] [ext: isaacsim.replicator.experimental.domain_randomization-1.2.4] startup
[5.494s] [ext: isaacsim.replicator.domain_randomization-1.2.1] startup
[5.559s] [ext: isaacsim.replicator.writers-1.5.3] startup
[5.580s] [ext: isaacsim.robot.experimental.wheeled_robots-0.2.9] startup
[5.599s] [ext: isaacsim.robot.policy.examples-5.2.11] startup
[5.616s] [ext: isaacsim.robot.wheeled_robots-5.2.3] startup
[5.619s] [ext: isaacsim.robot.wheeled_robots.nodes-0.1.2] startup
[5.635s] [ext: isaacsim.robot_motion.experimental.motion_generation-6.1.2] startup
[5.645s] [ext: isaacsim.robot_motion.cumotion-1.3.0] startup
[5.657s] [ext: omni.kit.numpy.common-0.1.3] startup
[5.659s] [ext: isaacsim.sensors.camera-1.7.8] startup
[5.682s] [ext: isaacsim.sensors.experimental.physics-3.0.1] startup
[5.689s] [ext: omni.sensors.net-1.0.1] startup
[5.692s] [ext: omni.sensors.nv.common-3.0.0] startup
[5.702s] [ext: omni.sensors.nv.materials-2.0.0] startup
[5.704s] [ext: omni.sensors.nv.acoustic-3.0.0] startup
[5.707s] [ext: omni.sensors.nv.ids-2.0.1] startup
[5.709s] [ext: omni.sensors.nv.lidar-3.0.0] startup
[5.713s] [ext: omni.sensors.nv.radar-3.0.0] startup
[5.715s] [ext: isaacsim.sensors.experimental.rtx-1.4.3] startup
[5.951s] [ext: isaacsim.sensors.physics.nodes-1.5.2] startup
[5.956s] [ext: isaacsim.util.debug_draw-3.2.2] startup
[5.962s] [ext: isaacsim.sensors.physx-2.5.4] startup
[5.969s] [ext: isaacsim.sensors.rtx-15.17.0] startup
[5.979s] [ext: isaacsim.simulation_app-2.18.3] startup
[5.980s] [ext: omni.anim.curve.core-1.6.0] startup
[5.988s] [ext: omni.graph.ui_nodes-2.10.5] startup
[6.010s] [ext: omni.hydra.scene_api-0.1.3] startup
[6.014s] [ext: omni.kit.manipulator.camera-110.0.0] startup
[6.017s] [ext: omni.kit.manipulator.selector-1.1.4] startup
[6.018s] [ext: omni.kit.manipulator.transform-107.0.0] startup
[6.021s] [ext: omni.kit.widget.toolbar-2.1.0] startup
[6.027s] [ext: omni.kit.manipulator.tool.snap-1.5.14] startup
[6.031s] [ext: omni.kit.viewport.manipulator.transform-107.0.4] startup
[6.032s] [ext: omni.kit.manipulator.prim.core-108.0.2] startup
[6.037s] [ext: omni.kit.manipulator.prim.usd-107.0.3] startup
[6.038s] [ext: omni.kit.manipulator.prim-108.0.0] startup
[6.038s] [ext: omni.kit.manipulator.selection-109.0.1] startup
[6.039s] [ext: omni.kit.menu.create-2.0.2] startup
[6.040s] [ext: omni.kit.property.audio-1.0.16] startup
[6.044s] [ext: omni.kit.property.camera-1.0.14] startup
[6.045s] [ext: omni.kit.property.geometry-2.1.2] startup
[6.048s] [ext: omni.kit.property.light-1.0.14] startup
2026-08-21T14:49:09Z [6,046ms] [Warning] [omni.usd] Encountered USD Warnings but USD Diagnostics are currently muted. To view USD Warnings, please set the '/persistent/app/usd/muteUsdDiagnostics' setting to false in Preferences page.
[6.076s] [ext: omni.kit.property.material-1.14.2] startup
[6.082s] [ext: omni.kit.property.render-1.2.2] startup
[6.083s] [ext: omni.kit.property.transform-1.6.9] startup
[6.086s] [ext: omni.kit.property.bundle-1.5.1] startup
[6.087s] [ext: omni.kit.usdz_export-1.1.0] startup
[6.089s] [ext: omni.kit.tool.asset_importer-5.2.0] startup
[6.095s] [ext: omni.kit.ui.actions-1.0.5] startup
[6.096s] [ext: omni.kit.viewport.menubar.camera-107.0.10] startup
[6.100s] [ext: omni.kit.viewport.menubar.lighting-107.3.2] startup
[6.102s] [ext: omni.kit.viewport.menubar.render-107.0.10] startup
[6.104s] [ext: omni.kit.viewport.menubar.settings-110.0.1] startup
[6.108s] [ext: omni.kit.window.console-1.1.8] startup
[6.112s] [ext: omni.kit.window.status_bar-0.1.11] startup
[6.114s] [ext: omni.kit.window.toolbar-3.0.3] startup
[6.116s] [ext: omni.ocio-0.1.1] startup
[6.117s] [ext: omni.physx.commands-110.1.11] startup
[6.125s] [ext: omni.replicator.replicator_yaml-2.0.12] startup
[6.134s] [ext: omni.rtx.window.settings-0.8.0] startup
[6.138s] [ext: omni.rtx.settings.core-0.7.0] startup
[6.141s] [ext: omni.usd.metrics.assembler.ui-110.1.1] startup
[6.147s] [ext: semantics.schema.editor-2.0.2] startup
[6.150s] [ext: semantics.schema.property-2.0.1] startup
[6.151s] [ext: omni.kit.menu.common-2.0.2] startup
[6.152s] [ext: isaacsim.exp.base-6.0.0] startup
[6.152s] [ext: isaacsim.exp.base.python-6.0.0] startup
[6.154s] Simulation App Starting
[7.202s] Simulation App Startup Complete
[7.209s] app ready
Starting kit application with the following args:  ['/home/liang/isaacsim/exts/isaacsim.simulation_app/isaacsim/simulation_app/simulation_app.py', '/home/liang/isaacsim/apps/isaacsim.exp.base.python.kit', '--/app/tokens/exe-path=/home/liang/isaacsim/kit', '--/persistent/app/viewport/displayOptions=3094', '--/rtx/materialDb/syncLoads=True', '--/rtx/hydra/materialSyncLoads=True', '--/omni.kit.plugin/syncUsdLoads=True', '--/app/renderer/resolution/width=1280', '--/app/renderer/resolution/height=720', '--/app/window/width=1440', '--/app/window/height=900', '--/renderer/multiGpu/enabled=True', '--/app/fastShutdown=True', '--/app/installSignalHandlers=0', '--ext-folder', '/home/liang/isaacsim/exts', '--ext-folder', '/home/liang/isaacsim/apps', '--/physics/cudaDevice=0', '--/plugins/carb.tasking.plugin/threadCount=16', '--/plugins/omni.tbb.globalcontrol/maxThreadCount=16', '--portable', '--no-window', '--/app/window/hideUi=1']
Passing the following args to the base kit application:  ['--csv', 'TNDQ_b601/results/exp1_setpoint.csv']
Warp 1.13.0 initialized:
   CUDA Toolkit 12.9, Driver 13.0
   Devices:
     "cpu"      : "x86_64"
     "cuda:0"   : "NVIDIA GeForce RTX 5070 Ti" (15 GiB, sm_120, mempool enabled)
   Kernel cache:
     /home/liang/.cache/warp/1.13.0
[isaac] DOF=['joint1', 'joint2', 'joint3', 'joint4', 'joint5', 'joint6', 'gripper_joint1', 'gripper_joint2']  手指行程上限=0.0715 m
[isaac] 场景就绪：USD=/home/liang/Documents/code/HyperdualQuaternions_modeling_robotic/reBot-Isaacsim/usd/reBot_B601_DM/reBot_B601_DM.usda
[isaac]           prim=/World/B601  dt=0.0020s  立方体=[0.5084, -0.1309, 0.0225]
[exp1-setpoint] 完成：461 行 -> /home/liang/Documents/code/HyperdualQuaternions_modeling_robotic/TNDQ_b601/results/exp1_setpoint.csv
    末端 1s 稳态窗: pos_err=nan m  ori_err=nan rad
    全程峰值: pos_err=0.3402 m  ori_err=1.7928 rad
    力矩饱和 0 步 / 治理触发 43 步 / dither 902 步 / 墙钟 52.3s
    [abort] t=4.606s 关节 [3] 超限位（安全终止）
[70.131s] Simulation App Shutting Down
