WARNING: All log messages before absl::InitializeLog() is called are written to STDERR
E0000 00:00:1787308585.961630 1361850 descriptor_database.cc:633] File already exists in database: grpc/health/v1/health.proto
W0000 00:00:1787308585.961654 1361850 message.cc:301] Protobuf GeneratedMessageFactory: File is already registered: grpc/health/v1/health.proto
2026-08-21T10:36:25Z [Info] [carb] Logging to file: /home/liang/isaacsim/kit/logs/Kit/Isaac-Sim Python/6.0/kit_20260821_183625.log
[0.047s] [ext: omni.assets.plugins-0.0.0] startup
[0.048s] [ext: omni.blobkey-1.1.2] startup
[0.048s] [ext: omni.kit.async_engine-0.0.3] startup
[0.291s] [ext: omni.client.lib-1.1.1] startup
[0.299s] [ext: omni.client-1.3.0] startup
[0.301s] [ext: omni.protobuf.lib-1.0.0] startup
[0.302s] [ext: omni.grpc.lib-1.0.0] startup
[0.306s] [ext: omni.metrics.core-0.0.3] startup
[0.306s] [ext: omni.datastore-0.0.0] startup
[0.307s] [ext: omni.gpu_foundation.shadercache.vulkan-1.0.0] startup
[0.310s] [ext: omni.hsscclient-1.1.4] startup
[0.311s] [ext: omni.stats-1.0.1] startup
[0.311s] [ext: omni.ujitso.default-1.0.0] startup
[0.313s] [ext: omni.gpu_foundation-0.0.0] startup
[0.464s] [ext: carb.windowing.plugins-1.0.1] startup
[0.464s] [ext: omni.kit.renderer.init-1.0.1] startup

|---------------------------------------------------------------------------------------------|
| Driver Version: 580.173.02    | Graphics API: Vulkan
|=============================================================================================|
| GPU | Name                             | Active | LDA | GPU Memory | Vendor-ID | LUID       |
|     |                                  |        |     |            | Device-ID | UUID       |
|     |                                  |        |     |            | Bus-ID    |            |
|---------------------------------------------------------------------------------------------|
| 0   | NVIDIA GeForce RTX 5070 Ti       | Yes: 0 |     | 16303   MB | 10de      | 0          |
|     |                                  |        |     |            | 2c05      | bee4013a.. |
|     |                                  |        |     |            | 1         |            |
|---------------------------------------------------------------------------------------------|
| 1   | AMD Ryzen 7 9700X 8-Core Proce.. |        |     | 10719   MB | 1002      | 0          |
|     |                                  |        |     |            | 13c0      | 00000000.. |
|     |                                  |        |     |            | 13        |            |
|=============================================================================================|
| OS: 24.04.4 LTS (Noble Numbat) ubuntu, Version: 24.04.4, Kernel: 7.0.0-29-generic
| XServer Vendor: The X.Org Foundation, XServer Version: 12101011 (1.21.1.11)
| Processor: AMD Ryzen 7 9700X 8-Core Processor
| Cores: 8 | Logical Cores: 16
|---------------------------------------------------------------------------------------------|
| Total Memory (MB): 31134 | Free Memory: 17148
| Total Page/Swap (MB): 8191 | Free Page/Swap: 8191
|---------------------------------------------------------------------------------------------|
[1.003s] [ext: omni.kit.pipapi-0.0.0] startup
[1.004s] [ext: omni.kit.pip_archive-0.0.0] startup
[1.005s] [ext: isaacsim.pip.newton-0.6.0] startup
[1.005s] [ext: omni.pip.compute-1.9.0] startup
[1.005s] [ext: omni.isaac.core_archive-5.3.0] startup
[1.005s] [ext: omni.kit.telemetry-0.5.2] startup
[1.032s] [ext: omni.kit.loop-isaac-1.6.0] startup
[1.033s] [ext: omni.kit.test-2.0.7] startup
[1.083s] [ext: omni.materialx.libs-1.0.9] startup
[1.090s] [ext: omni.gpucompute.plugins-0.0.0] startup
[1.090s] [ext: omni.usd.config-1.0.7] startup
[1.093s] [ext: omni.usd.libs-1.0.3] startup
[1.155s] [ext: omni.iray.libs-0.0.1] startup
[1.158s] [ext: omni.mdl-57.0.3] startup
[1.175s] [ext: omni.mdl.neuraylib-0.2.20] startup
[1.177s] [ext: omni.kit.usd.mdl-1.1.9] startup
[1.263s] [ext: omni.appwindow-1.2.2] startup
[1.264s] [ext: omni.kit.renderer.core-1.2.2] startup
[1.640s] [ext: omni.kit.renderer.capture-2.0.1] startup
[1.641s] [ext: omni.kit.renderer.imgui-2.0.6] startup
[1.684s] [ext: omni.ui-3.1.3] startup
[1.691s] [ext: omni.kit.mainwindow-1.0.3] startup
[1.692s] [ext: carb.audio-0.1.0] startup
[1.694s] [ext: omni.uiaudio-1.0.0] startup
[1.695s] [ext: omni.kit.uiapp-0.0.0] startup
[1.695s] [ext: omni.usd.schema.metrics.assembler-110.1.0] startup
[1.697s] [ext: omni.usd.schema.audio-0.0.1] startup
[1.701s] [ext: omni.usd_resolver-1.0.0] startup
[1.704s] [ext: omni.usd.core-1.8.3] startup
[1.706s] [ext: omni.metropolis.schema-0.0.3] startup
[1.707s] [ext: isaacsim.anim.robot.schema-0.1.1] startup
[1.708s] [ext: omni.usd.schema.anim-0.0.1] startup
[1.722s] [ext: omni.usd.schema.geospatial-0.0.1] startup
[1.724s] [ext: omni.usd.schema.omnigraph-1.0.1] startup
[1.728s] [ext: omni.usd.schema.semantics-0.0.0] startup
[1.730s] [ext: omni.activity.core-1.0.3] startup
[1.731s] [ext: omni.cubric-0.1.0] startup
[1.731s] [ext: omni.graph.exec-0.9.6] startup
[1.732s] [ext: omni.hydra.scene_delegate-0.3.5] startup
[1.734s] [ext: usdrt.scenegraph-7.6.3] startup
[1.753s] [ext: omni.hydra.usdrt_delegate-7.5.2] startup
[1.757s] [ext: omni.inspect-1.0.2] startup
[1.758s] [ext: omni.kit.actions.core-1.0.0] startup
[1.759s] [ext: omni.kit.audiodeviceenum-1.0.2] startup
[1.760s] [ext: omni.kit.commands-1.5.0] startup
[1.763s] [ext: omni.kit.exec.core-0.13.5] startup
[1.764s] [ext: omni.kit.usd_undo-0.1.8] startup
[1.764s] [ext: omni.kit.window.popup_dialog-2.0.25] startup
[1.767s] [ext: omni.kit.widget.nucleus_connector-2.3.1] startup
[1.769s] [ext: omni.timeline-1.1.0] startup
[1.771s] [ext: omni.usd-1.15.2] startup
[1.801s] [ext: omni.graph.core-3.1.2] startup
[1.804s] [ext: omni.kit.notification_manager-1.0.11] startup
[1.805s] [ext: isaacsim.core.deprecation_manager-0.4.2] startup
[1.806s] [ext: isaacsim.replicator.agent.schema-0.1.1] startup
[1.807s] [ext: isaacsim.robot.schema-6.3.6] startup
[1.810s] [ext: isaacsim.robot_motion.schema-0.2.0] startup
[1.811s] [ext: omni.anim.behavior.schema-110.1.0] startup
[1.815s] [ext: omni.anim.graph.schema-110.1.1] startup
[1.820s] [ext: omni.anim.navigation.schema-110.1.0] startup
[1.823s] [ext: omni.behavior.tree.schema-110.1.0] startup
[1.823s] [ext: omni.isaac.ml_archive-3.3.0] startup
[1.824s] [ext: omni.kit.asset_converter-5.1.4] startup
[1.835s] [ext: omni.pip.cloud-1.5.3] startup
[1.837s] [ext: omni.usd.schema.flow-110.0.0] startup
[1.837s] [ext: omni.usd.schema.mujoco-1.1.0] startup
[1.837s] [ext: omni.usd.schema.newton-1.2.0] startup
[1.838s] [ext: omni.usd.schema.omni_lens_distortion-1.0.0] startup
[1.839s] [ext: omni.usd.schema.omni_projectors-1.0.0] startup
[1.839s] [ext: omni.usd.schema.omni_sensors-0.0.0] startup
[1.846s] [ext: omni.usd.schema.omniscripting-1.0.1] startup
[1.850s] [ext: omni.usd.schema.physical_lighting-0.1.0] startup
[1.853s] [ext: omni.usd.schema.physx-110.1.11] startup
[1.878s] [ext: omni.usd.schema.render_settings.rtx-1.0.2] startup
[1.883s] [ext: omni.usd.schema.usd_particle_field-1.0.0] startup
[1.883s] [ext: isaacsim.core.version-2.1.0] startup
[1.884s] [ext: omni.kit.menu.core-1.2.0] startup
[1.885s] [ext: omni.kit.menu.utils-2.2.3] startup
[1.890s] [ext: isaacsim.app.about-2.3.0] startup
[1.894s] [ext: isaacsim.asset.transformer-1.2.3] startup
[1.897s] [ext: omni.scene.optimizer.core-110.1.0] startup
[1.934s] [ext: isaacsim.asset.importer.utils-1.8.0] startup
[1.936s] [ext: omni.convexdecomposition-110.1.11] startup
[1.938s] [ext: omni.physics-110.1.11] startup
[1.940s] [ext: omni.physx.gpu-110.1.11] startup
[1.940s] [ext: omni.physx.foundation-110.1.11] startup
[1.941s] [ext: omni.usdphysics-110.1.11] startup
[1.943s] [ext: omni.physx.cooking-110.1.11] startup
[1.944s] [ext: omni.physx-110.1.11] startup
[1.953s] [ext: omni.physics.physx-110.1.11] startup
[1.955s] [ext: isaacsim.asset.exporter.urdf-2.0.3] startup
[1.961s] [ext: omni.kit.clipboard-1.1.1] startup
[1.962s] [ext: omni.kit.usd.layers-2.6.1] startup
[1.969s] [ext: omni.kit.widget.context_menu-1.4.0] startup
[1.970s] [ext: omni.kit.context_menu-1.9.0] startup
[1.971s] [ext: omni.kit.helper.file_utils-0.1.10] startup
[1.973s] [ext: omni.kit.widget.nucleus_info-2.0.2] startup
[1.973s] [ext: omni.kit.search_core-1.0.8] startup
[1.974s] [ext: omni.kit.widget.path_field-2.0.13] startup
[1.975s] [ext: omni.kit.widget.browser_bar-2.0.10] startup
[1.975s] [ext: omni.kit.widget.filebrowser-2.13.4] startup
[1.978s] [ext: omni.kit.widget.options_menu-1.1.6] startup
[1.980s] [ext: omni.kit.widget.options_button-1.0.3] startup
[1.981s] [ext: omni.kit.widget.search_delegate-1.0.9] startup
[1.982s] [ext: omni.ui.scene-2.0.1] startup
[1.986s] [ext: omni.kit.window.filepicker-2.15.5] startup
[1.996s] [ext: omni.kit.window.file_importer-1.1.21] startup
[1.998s] [ext: omni.kit.material.library-3.1.2] startup
[2.003s] [ext: isaacsim.asset.transformer.rules-1.7.8] startup
[2.011s] [ext: omni.usdex.libs-2.2.2] startup
[2.019s] [ext: isaacsim.asset.importer.mjcf-3.10.0] startup
[2.021s] [ext: isaacsim.asset.importer.urdf-3.11.0] startup
[2.025s] [ext: omni.kit.primitive.mesh-1.1.0] startup
[2.027s] [ext: omni.kit.stage_template.core-1.1.22] startup
[2.027s] [ext: omni.kit.stage_templates-2.0.2] startup
[2.029s] [ext: omni.usd.metrics.assembler-110.1.2] startup
[2.032s] [ext: omni.warp.core-1.13.0] startup
[2.197s] [ext: isaacsim.core.experimental.utils-0.17.1] startup
[2.198s] [ext: omni.physics.stageupdate-110.1.11] startup
[2.200s] [ext: omni.physics.tensors-110.1.11] startup
[2.204s] [ext: omni.physx.tensors-110.1.11] startup
[2.207s] [ext: isaacsim.core.simulation_manager-1.15.4] startup
[2.220s] [ext: isaacsim.storage.native-1.9.2] startup
[2.221s] [ext: omni.usd.metrics.assembler.physics-110.1.11] startup
[2.222s] [ext: isaacsim.core.utils-4.1.6] startup
[2.224s] [ext: isaacsim.core.prims-0.11.6] startup
[3.196s] [ext: isaacsim.core.api-5.2.12] startup
[3.202s] [ext: isaacsim.core.cloner-1.7.2] startup
[3.203s] [ext: isaacsim.test.docstring-1.3.1] startup
[3.208s] [ext: isaacsim.core.experimental.prims-1.8.8] startup
[3.228s] [ext: isaacsim.core.experimental.primdata-0.3.2] startup
[3.230s] [ext: omni.graph.tools-1.81.0] startup
[3.249s] [ext: omni.graph-1.142.5] startup
[3.284s] [ext: isaacsim.core.experimental.actuators-0.1.0] startup
[5.080s] [ext: isaacsim.core.experimental.materials-0.7.0] startup
[5.083s] [ext: isaacsim.core.experimental.objects-0.8.0] startup
[5.141s] [ext: omni.hydra.engine.stats-1.0.5] startup
[5.143s] [ext: omni.hydra.rtx.shadercache.vulkan-1.0.0] startup
[5.144s] [ext: omni.index.libs-387500.3473.0] startup
[5.144s] [ext: omni.index-1.0.1] startup
[5.145s] [ext: omni.ujitso.client-0.0.0] startup
[5.145s] [ext: omni.usd.schema.playback-1.0.0] startup
[5.148s] [ext: omni.volume-0.5.2] startup
[5.152s] [ext: omni.hydra.rtx-1.0.3] startup
[5.176s] [ext: omni.kit.hydra_texture-1.6.0] startup
[5.179s] [ext: omni.kit.raycast.query-1.2.0] startup
[5.184s] [ext: omni.kit.viewport.legacy_gizmos-1.0.24] startup
[5.186s] [ext: omni.kit.viewport.registry-104.0.6] startup
[5.187s] [ext: omni.kit.viewport.scene_camera_model-1.0.7] startup
[5.191s] [ext: omni.kit.widget.viewport-109.2.0] startup
[5.194s] [ext: omni.kit.window.drop_support-1.0.8] startup
[5.195s] [ext: omni.kit.viewport.window-109.0.2] startup
[5.211s] [ext: omni.kit.viewport.utility-2.0.1] startup
[5.211s] [ext: isaacsim.core.rendering_manager-0.4.2] startup
[5.229s] [ext: omni.graph.action_core-1.1.9] startup
[5.231s] [ext: omni.graph.action_nodes_core-2.10.2] startup
[5.233s] [ext: omni.graph.action_nodes-2.10.3] startup
[5.250s] [ext: omni.graph.action-2.10.2] startup
[5.251s] [ext: omni.graph.image.core-0.6.1] startup
[5.252s] [ext: omni.graph.image.nodes-1.3.1] startup
[5.253s] [ext: omni.graph.nodes_core-2.10.3] startup
[5.258s] [ext: omni.graph.nodes-2.11.1] startup
[5.263s] [ext: omni.kit.hotkeys.core-1.3.12] startup
[5.264s] [ext: omni.kit.property.adapter.core-1.1.1] startup
[5.266s] [ext: omni.kit.property.adapter.usd-1.0.5] startup
[5.268s] [ext: omni.kit.widget.filter-1.1.5] startup
[5.268s] [ext: omni.kit.widget.highlight_label-1.0.3] startup
[5.269s] [ext: omni.kit.widget.searchfield-1.1.8] startup
[5.270s] [ext: omni.kit.window.file_exporter-1.0.36] startup
[5.271s] [ext: omni.kit.widget.stage-4.3.0] startup
[5.279s] [ext: omni.kit.window.content_browser_registry-0.0.6] startup
[5.280s] [ext: omni.kit.window.file-2.0.10] startup
[5.282s] [ext: omni.kit.window.content_browser-3.1.8] startup
[5.291s] [ext: omni.kit.window.property-1.15.1] startup
[5.301s] [ext: omni.kit.property.usd-4.8.1] startup
[5.311s] [ext: omni.graph.scriptnode-2.10.2] startup
[5.319s] [ext: omni.kit.widget.searchable_combobox-1.0.7] startup
[5.320s] [ext: omni.kit.widget.settings-2.0.0] startup
[5.322s] [ext: omni.kit.window.preferences-1.8.3] startup
[5.327s] [ext: omni.kit.viewport.menubar.core-107.2.2] startup
[5.338s] [ext: omni.syntheticdata-0.6.15] startup
[5.363s] [ext: omni.replicator.nv-1.1.1] startup
[5.368s] [ext: omni.videoencoding-0.2.1] startup
[5.370s] [ext: omni.replicator.core-1.13.25] startup
[5.563s] [ext: isaacsim.core.nodes-5.10.4] startup
[5.590s] [ext: isaacsim.core.throttling-2.3.3] startup
[5.592s] [ext: omni.kit.manipulator.viewport-107.0.1] startup
[5.593s] [ext: omni.graph.visualization.nodes-2.1.4] startup
[5.605s] [ext: omni.kit.window.extensions-1.5.7] startup
[5.610s] [ext: isaacsim.gui.components-1.8.4] startup
[5.614s] [ext: isaacsim.robot.surface_gripper-3.6.1] startup
[5.624s] [ext: isaacsim.robot.manipulators-3.4.4] startup
[5.634s] [ext: isaacsim.robot_motion.lula-4.1.2] startup
[5.642s] [ext: isaacsim.robot_motion.motion_generation-8.2.8] startup
[5.647s] [ext: isaacsim.cortex.framework-1.0.17] startup
[5.648s] [ext: isaacsim.cortex.behaviors-2.0.16] startup
[5.650s] [ext: isaacsim.examples.base-1.3.1] startup
[5.651s] [ext: omni.kit.widget.zoombar-1.0.7] startup
[5.652s] [ext: omni.kit.browser.core-2.3.18] startup
[5.657s] [ext: omni.kit.browser.folder.core-2.0.2] startup
[5.661s] [ext: omni.kit.widget.stage_icons-1.0.8] startup
[5.662s] [ext: omni.kit.window.stage-2.6.1] startup
[5.665s] [ext: omni.kit.menu.stage-1.2.7] startup
[5.666s] [ext: omni.kit.usd.collect-3.0.5] startup
[5.669s] [ext: omni.kit.widget.prompt-1.0.7] startup
[5.670s] [ext: omni.kit.tool.collect-2.2.19] startup
[5.673s] [ext: isaacsim.examples.browser-0.3.1] startup
[5.675s] [ext: omni.kit.search.files-1.0.4] startup
[5.676s] [ext: omni.kit.widget.calendar-1.0.9] startup
[5.678s] [ext: omni.kit.widget.extended_searchfield-1.0.31] startup
[5.685s] [ext: omni.simready.content.browser-0.3.7] startup
[5.770s] [ext: isaacsim.gui.content_browser-0.4.2] startup
[5.773s] [ext: omni.kit.selection-0.1.6] startup
[5.774s] [ext: isaacsim.gui.menu-2.10.5] startup
[5.781s] [ext: isaacsim.gui.property-1.6.2] startup
[5.787s] [ext: omni.kit.viewport.actions-107.0.2] startup
[5.791s] [ext: omni.kit.viewport.menubar.display-107.1.3] startup
[5.793s] [ext: isaacsim.gui.sensors.icon-2.2.0] startup
[5.796s] [ext: omni.behavior.scripting.core-110.1.0] startup
[5.798s] [ext: isaacsim.replicator.behavior-1.5.3] startup
[5.799s] [ext: isaacsim.replicator.experimental.domain_randomization-1.2.4] startup
[5.812s] [ext: isaacsim.replicator.domain_randomization-1.2.1] startup
[5.880s] [ext: isaacsim.replicator.writers-1.5.3] startup
[5.904s] [ext: isaacsim.robot.experimental.wheeled_robots-0.2.9] startup
[5.923s] [ext: isaacsim.robot.policy.examples-5.2.11] startup
[5.939s] [ext: isaacsim.robot.wheeled_robots-5.2.3] startup
[5.943s] [ext: isaacsim.robot.wheeled_robots.nodes-0.1.2] startup
[5.960s] [ext: isaacsim.robot_motion.experimental.motion_generation-6.1.2] startup
[5.971s] [ext: isaacsim.robot_motion.cumotion-1.3.0] startup
[5.984s] [ext: omni.kit.numpy.common-0.1.3] startup
[5.986s] [ext: isaacsim.sensors.camera-1.7.8] startup
[6.013s] [ext: isaacsim.sensors.experimental.physics-3.0.1] startup
[6.021s] [ext: omni.sensors.net-1.0.1] startup
[6.024s] [ext: omni.sensors.nv.common-3.0.0] startup
[6.033s] [ext: omni.sensors.nv.materials-2.0.0] startup
[6.036s] [ext: omni.sensors.nv.acoustic-3.0.0] startup
[6.039s] [ext: omni.sensors.nv.ids-2.0.1] startup
[6.055s] [ext: omni.sensors.nv.lidar-3.0.0] startup
[6.058s] [ext: omni.sensors.nv.radar-3.0.0] startup
[6.060s] [ext: isaacsim.sensors.experimental.rtx-1.4.3] startup
[6.297s] [ext: isaacsim.sensors.physics.nodes-1.5.2] startup
[6.301s] [ext: isaacsim.util.debug_draw-3.2.2] startup
[6.308s] [ext: isaacsim.sensors.physx-2.5.4] startup
[6.321s] [ext: isaacsim.sensors.rtx-15.17.0] startup
[6.338s] [ext: isaacsim.simulation_app-2.18.3] startup
[6.338s] [ext: omni.anim.curve.core-1.6.0] startup
[6.351s] [ext: omni.graph.ui_nodes-2.10.5] startup
[6.382s] [ext: omni.hydra.scene_api-0.1.3] startup
[6.388s] [ext: omni.kit.manipulator.camera-110.0.0] startup
[6.393s] [ext: omni.kit.manipulator.selector-1.1.4] startup
[6.394s] [ext: omni.kit.manipulator.transform-107.0.0] startup
[6.397s] [ext: omni.kit.widget.toolbar-2.1.0] startup
[6.403s] [ext: omni.kit.manipulator.tool.snap-1.5.14] startup
[6.409s] [ext: omni.kit.viewport.manipulator.transform-107.0.4] startup
[6.411s] [ext: omni.kit.manipulator.prim.core-108.0.2] startup
[6.416s] [ext: omni.kit.manipulator.prim.usd-107.0.3] startup
[6.417s] [ext: omni.kit.manipulator.prim-108.0.0] startup
[6.417s] [ext: omni.kit.manipulator.selection-109.0.1] startup
[6.418s] [ext: omni.kit.menu.create-2.0.2] startup
[6.420s] [ext: omni.kit.property.audio-1.0.16] startup
[6.424s] [ext: omni.kit.property.camera-1.0.14] startup
[6.425s] [ext: omni.kit.property.geometry-2.1.2] startup
[6.428s] [ext: omni.kit.property.light-1.0.14] startup
[6.461s] [ext: omni.kit.property.material-1.14.2] startup
[6.466s] [ext: omni.kit.property.render-1.2.2] startup
[6.468s] [ext: omni.kit.property.transform-1.6.9] startup
[6.471s] [ext: omni.kit.property.bundle-1.5.1] startup
[6.473s] [ext: omni.kit.usdz_export-1.1.0] startup
[6.475s] [ext: omni.kit.tool.asset_importer-5.2.0] startup
[6.480s] [ext: omni.kit.ui.actions-1.0.5] startup
[6.482s] [ext: omni.kit.viewport.menubar.camera-107.0.10] startup
[6.487s] [ext: omni.kit.viewport.menubar.lighting-107.3.2] startup
[6.490s] [ext: omni.kit.viewport.menubar.render-107.0.10] startup
[6.492s] [ext: omni.kit.viewport.menubar.settings-110.0.1] startup
[6.495s] [ext: omni.kit.window.console-1.1.8] startup
[6.498s] [ext: omni.kit.window.status_bar-0.1.11] startup
[6.500s] [ext: omni.kit.window.toolbar-3.0.3] startup
[6.502s] [ext: omni.ocio-0.1.1] startup
[6.503s] [ext: omni.physx.commands-110.1.11] startup
[6.507s] [ext: omni.replicator.replicator_yaml-2.0.12] startup
[6.518s] [ext: omni.rtx.window.settings-0.8.0] startup
[6.523s] [ext: omni.rtx.settings.core-0.7.0] startup
[6.525s] [ext: omni.usd.metrics.assembler.ui-110.1.1] startup
[6.531s] [ext: semantics.schema.editor-2.0.2] startup
[6.533s] [ext: semantics.schema.property-2.0.1] startup
[6.534s] [ext: omni.kit.menu.common-2.0.2] startup
[6.535s] [ext: isaacsim.exp.base-6.0.0] startup
[6.536s] [ext: isaacsim.exp.base.python-6.0.0] startup
[6.538s] Simulation App Starting
[7.643s] Simulation App Startup Complete
[7.651s] app ready
Starting kit application with the following args:  ['/home/liang/isaacsim/exts/isaacsim.simulation_app/isaacsim/simulation_app/simulation_app.py', '/home/liang/isaacsim/apps/isaacsim.exp.base.python.kit', '--/app/tokens/exe-path=/home/liang/isaacsim/kit', '--/persistent/app/viewport/displayOptions=3094', '--/rtx/materialDb/syncLoads=True', '--/rtx/hydra/materialSyncLoads=True', '--/omni.kit.plugin/syncUsdLoads=True', '--/app/renderer/resolution/width=1280', '--/app/renderer/resolution/height=720', '--/app/window/width=1440', '--/app/window/height=900', '--/renderer/multiGpu/enabled=True', '--/app/fastShutdown=True', '--/app/installSignalHandlers=0', '--ext-folder', '/home/liang/isaacsim/exts', '--ext-folder', '/home/liang/isaacsim/apps', '--/physics/cudaDevice=0', '--/plugins/carb.tasking.plugin/threadCount=16', '--/plugins/omni.tbb.globalcontrol/maxThreadCount=16', '--portable', '--no-window', '--/app/window/hideUi=1']
Passing the following args to the base kit application:  []
Warp 1.13.0 initialized:
   CUDA Toolkit 12.9, Driver 13.0
   Devices:
     "cpu"      : "x86_64"
     "cuda:0"   : "NVIDIA GeForce RTX 5070 Ti" (15 GiB, sm_120, mempool enabled)
   Kernel cache:
     /home/liang/.cache/warp/1.13.0
[isaac] DOF=['joint1', 'joint2', 'joint3', 'joint4', 'joint5', 'joint6', 'gripper_joint1', 'gripper_joint2']  手指行程上限=0.0715 m
[isaac] 场景就绪：USD=/home/liang/Documents/code/HyperdualQuaternions_modeling_robotic/reBot-Isaacsim/usd/reBot_B601_DM/reBot_B601_DM.usda
[isaac]           prim=/World/B601  dt=0.0020s  立方体=[0.5084, -0.1309, 0.0225]
[exp1-setpoint] t=  5.00s  pos_err=0.0986 m  ori_err=0.2555 rad  ‖τ‖=4.16 N·m
[exp1-setpoint] t= 10.00s  pos_err=0.1017 m  ori_err=0.2743 rad  ‖τ‖=4.20 N·m
[exp1-setpoint] 完成：1100 行 -> /home/liang/Documents/code/HyperdualQuaternions_modeling_robotic/TNDQ_b601/results/exp1_setpoint.csv
    末端 1s 稳态窗: pos_err=0.0996 m  ori_err=0.2630 rad
    全程峰值: pos_err=0.1019 m  ori_err=0.2754 rad
    力矩饱和 0 步 / 治理触发 0 步 / dither 438 步 / 墙钟 84.5s
[104.621s] Simulation App Shutting Down
