WARNING: All log messages before absl::InitializeLog() is called are written to STDERR
E0000 00:00:1787324816.296566 3269234 descriptor_database.cc:633] File already exists in database: grpc/health/v1/health.proto
W0000 00:00:1787324816.296645 3269234 message.cc:301] Protobuf GeneratedMessageFactory: File is already registered: grpc/health/v1/health.proto
2026-08-21T15:06:56Z [Info] [carb] Logging to file: /home/liang/isaacsim/kit/logs/Kit/Isaac-Sim Python/6.0/kit_20260821_230656.log
[0.044s] [ext: omni.assets.plugins-0.0.0] startup
[0.045s] [ext: omni.blobkey-1.1.2] startup
[0.045s] [ext: omni.kit.async_engine-0.0.3] startup
[0.283s] [ext: omni.client.lib-1.1.1] startup
[0.290s] [ext: omni.client-1.3.0] startup
[0.292s] [ext: omni.protobuf.lib-1.0.0] startup
[0.293s] [ext: omni.grpc.lib-1.0.0] startup
[0.297s] [ext: omni.metrics.core-0.0.3] startup
[0.297s] [ext: omni.datastore-0.0.0] startup
[0.298s] [ext: omni.gpu_foundation.shadercache.vulkan-1.0.0] startup
[0.302s] [ext: omni.hsscclient-1.1.4] startup
[0.302s] [ext: omni.stats-1.0.1] startup
[0.303s] [ext: omni.ujitso.default-1.0.0] startup
[0.305s] [ext: omni.gpu_foundation-0.0.0] startup
[0.450s] [ext: carb.windowing.plugins-1.0.1] startup
[0.451s] [ext: omni.kit.renderer.init-1.0.1] startup
2026-08-21T15:06:56Z [631ms] [Warning] [omni.rtx] Skipping unsupported non-NVIDIA GPU: AMD Ryzen 7 9700X 8-Core Processor (RADV RAPHAEL_MENDOCINO)
2026-08-21T15:06:56Z [631ms] [Warning] [omni.rtx] Skipping unsupported non-NVIDIA GPU: AMD Ryzen 7 9700X 8-Core Processor (RADV RAPHAEL_MENDOCINO)

|---------------------------------------------------------------------------------------------|
| Driver Version: 580.173.02    | Graphics API: Vulkan
|=============================================================================================|
| GPU | Name                             | Active | LDA | GPU Memory | Vendor-ID | LUID       |
|     |                                  |        |     |            | Device-ID | UUID       |
|     |                                  |        |     |            | Bus-ID    |            |
|---------------------------------------------------------------------------------------------|
| 0   | NVIDIA GeForce RTX 5070 Ti       | Yes: 0 |     | 16303   MB | 10de      | 0          |
|     |                                  |        |     |            | 2c05      | bee4013a.. |
|     |                                  |        |     |            | 1         |            |
|---------------------------------------------------------------------------------------------|
| 1   | AMD Ryzen 7 9700X 8-Core Proce.. |        |     | 10719   MB | 1002      | 0          |
|     |                                  |        |     |            | 13c0      | 00000000.. |
|     |                                  |        |     |            | 13        |            |
|=============================================================================================|
| OS: 24.04.4 LTS (Noble Numbat) ubuntu, Version: 24.04.4, Kernel: 7.0.0-29-generic
| XServer Vendor: The X.Org Foundation, XServer Version: 12101011 (1.21.1.11)
| Processor: AMD Ryzen 7 9700X 8-Core Processor
| Cores: 8 | Logical Cores: 16
|---------------------------------------------------------------------------------------------|
| Total Memory (MB): 31134 | Free Memory: 21403
| Total Page/Swap (MB): 8191 | Free Page/Swap: 8191
|---------------------------------------------------------------------------------------------|
2026-08-21T15:06:56Z [835ms] [Warning] [omni.rtx] CPU performance profile is set to powersave. This profile sets the CPU to the lowest frequency reducing performance.
2026-08-21T15:06:56Z [843ms] [Warning] [omni.rtx] IOMMU is enabled.
[0.960s] [ext: omni.kit.pipapi-0.0.0] startup
[0.962s] [ext: omni.kit.pip_archive-0.0.0] startup
[0.962s] [ext: isaacsim.pip.newton-0.6.0] startup
[0.962s] [ext: omni.pip.compute-1.9.0] startup
[0.962s] [ext: omni.isaac.core_archive-5.3.0] startup
[0.963s] [ext: omni.kit.telemetry-0.5.2] startup
[0.990s] [ext: omni.kit.loop-isaac-1.6.0] startup
[0.991s] [ext: omni.kit.test-2.0.7] startup
[1.043s] [ext: omni.materialx.libs-1.0.9] startup
[1.048s] [ext: omni.gpucompute.plugins-0.0.0] startup
[1.049s] [ext: omni.usd.config-1.0.7] startup
[1.051s] [ext: omni.usd.libs-1.0.3] startup
[1.112s] [ext: omni.iray.libs-0.0.1] startup
[1.116s] [ext: omni.mdl-57.0.3] startup
[1.131s] [ext: omni.mdl.neuraylib-0.2.20] startup
[1.133s] [ext: omni.kit.usd.mdl-1.1.9] startup
[1.215s] [ext: omni.appwindow-1.2.2] startup
[1.217s] [ext: omni.kit.renderer.core-1.2.2] startup
[1.557s] [ext: omni.kit.renderer.capture-2.0.1] startup
[1.558s] [ext: omni.kit.renderer.imgui-2.0.6] startup
[1.597s] [ext: omni.ui-3.1.3] startup
[1.605s] [ext: omni.kit.mainwindow-1.0.3] startup
[1.606s] [ext: carb.audio-0.1.0] startup
[1.608s] [ext: omni.uiaudio-1.0.0] startup
[1.608s] [ext: omni.kit.uiapp-0.0.0] startup
[1.608s] [ext: omni.usd.schema.metrics.assembler-110.1.0] startup
[1.610s] [ext: omni.usd.schema.audio-0.0.1] startup
[1.612s] [ext: omni.usd_resolver-1.0.0] startup
[1.615s] [ext: omni.usd.core-1.8.3] startup
[1.618s] [ext: omni.metropolis.schema-0.0.3] startup
[1.619s] [ext: isaacsim.anim.robot.schema-0.1.1] startup
[1.620s] [ext: omni.usd.schema.anim-0.0.1] startup
[1.633s] [ext: omni.usd.schema.geospatial-0.0.1] startup
[1.636s] [ext: omni.usd.schema.omnigraph-1.0.1] startup
[1.640s] [ext: omni.usd.schema.semantics-0.0.0] startup
[1.642s] [ext: omni.activity.core-1.0.3] startup
[1.643s] [ext: omni.cubric-0.1.0] startup
[1.643s] [ext: omni.graph.exec-0.9.6] startup
[1.643s] [ext: omni.hydra.scene_delegate-0.3.5] startup
[1.646s] [ext: usdrt.scenegraph-7.6.3] startup
[1.665s] [ext: omni.hydra.usdrt_delegate-7.5.2] startup
[1.670s] [ext: omni.inspect-1.0.2] startup
[1.671s] [ext: omni.kit.actions.core-1.0.0] startup
[1.672s] [ext: omni.kit.audiodeviceenum-1.0.2] startup
[1.673s] [ext: omni.kit.commands-1.5.0] startup
[1.675s] [ext: omni.kit.exec.core-0.13.5] startup
[1.676s] [ext: omni.kit.usd_undo-0.1.8] startup
[1.676s] [ext: omni.kit.window.popup_dialog-2.0.25] startup
[1.679s] [ext: omni.kit.widget.nucleus_connector-2.3.1] startup
[1.681s] [ext: omni.timeline-1.1.0] startup
[1.683s] [ext: omni.usd-1.15.2] startup
[1.710s] [ext: omni.graph.core-3.1.2] startup
[1.713s] [ext: omni.kit.notification_manager-1.0.11] startup
[1.714s] [ext: isaacsim.core.deprecation_manager-0.4.2] startup
[1.715s] [ext: isaacsim.replicator.agent.schema-0.1.1] startup
[1.715s] [ext: isaacsim.robot.schema-6.3.6] startup
[1.721s] [ext: isaacsim.robot_motion.schema-0.2.0] startup
[1.722s] [ext: omni.anim.behavior.schema-110.1.0] startup
[1.725s] [ext: omni.anim.graph.schema-110.1.1] startup
[1.729s] [ext: omni.anim.navigation.schema-110.1.0] startup
[1.731s] [ext: omni.behavior.tree.schema-110.1.0] startup
[1.732s] [ext: omni.isaac.ml_archive-3.3.0] startup
[1.732s] [ext: omni.kit.asset_converter-5.1.4] startup
[1.742s] [ext: omni.pip.cloud-1.5.3] startup
[1.744s] [ext: omni.usd.schema.flow-110.0.0] startup
[1.744s] [ext: omni.usd.schema.mujoco-1.1.0] startup
[1.745s] [ext: omni.usd.schema.newton-1.2.0] startup
[1.745s] [ext: omni.usd.schema.omni_lens_distortion-1.0.0] startup
[1.746s] [ext: omni.usd.schema.omni_projectors-1.0.0] startup
[1.746s] [ext: omni.usd.schema.omni_sensors-0.0.0] startup
[1.753s] [ext: omni.usd.schema.omniscripting-1.0.1] startup
[1.756s] [ext: omni.usd.schema.physical_lighting-0.1.0] startup
[1.759s] [ext: omni.usd.schema.physx-110.1.11] startup
[1.784s] [ext: omni.usd.schema.render_settings.rtx-1.0.2] startup
[1.788s] [ext: omni.usd.schema.usd_particle_field-1.0.0] startup
[1.788s] [ext: isaacsim.core.version-2.1.0] startup
[1.789s] [ext: omni.kit.menu.core-1.2.0] startup
[1.789s] [ext: omni.kit.menu.utils-2.2.3] startup
[1.795s] [ext: isaacsim.app.about-2.3.0] startup
[1.799s] [ext: isaacsim.asset.transformer-1.2.3] startup
[1.802s] [ext: omni.scene.optimizer.core-110.1.0] startup
[1.835s] [ext: isaacsim.asset.importer.utils-1.8.0] startup
[1.837s] [ext: omni.convexdecomposition-110.1.11] startup
[1.838s] [ext: omni.physics-110.1.11] startup
[1.841s] [ext: omni.physx.gpu-110.1.11] startup
[1.841s] [ext: omni.physx.foundation-110.1.11] startup
[1.842s] [ext: omni.usdphysics-110.1.11] startup
[1.843s] [ext: omni.physx.cooking-110.1.11] startup
[1.844s] [ext: omni.physx-110.1.11] startup
[1.852s] [ext: omni.physics.physx-110.1.11] startup
[1.854s] [ext: isaacsim.asset.exporter.urdf-2.0.3] startup
[1.860s] [ext: omni.kit.clipboard-1.1.1] startup
[1.860s] [ext: omni.kit.usd.layers-2.6.1] startup
[1.866s] [ext: omni.kit.widget.context_menu-1.4.0] startup
[1.868s] [ext: omni.kit.context_menu-1.9.0] startup
[1.869s] [ext: omni.kit.helper.file_utils-0.1.10] startup
[1.870s] [ext: omni.kit.widget.nucleus_info-2.0.2] startup
[1.870s] [ext: omni.kit.search_core-1.0.8] startup
[1.871s] [ext: omni.kit.widget.path_field-2.0.13] startup
[1.871s] [ext: omni.kit.widget.browser_bar-2.0.10] startup
[1.872s] [ext: omni.kit.widget.filebrowser-2.13.4] startup
[1.875s] [ext: omni.kit.widget.options_menu-1.1.6] startup
[1.877s] [ext: omni.kit.widget.options_button-1.0.3] startup
[1.877s] [ext: omni.kit.widget.search_delegate-1.0.9] startup
[1.878s] [ext: omni.ui.scene-2.0.1] startup
[1.882s] [ext: omni.kit.window.filepicker-2.15.5] startup
[1.891s] [ext: omni.kit.window.file_importer-1.1.21] startup
[1.892s] [ext: omni.kit.material.library-3.1.2] startup
[1.897s] [ext: isaacsim.asset.transformer.rules-1.7.8] startup
[1.906s] [ext: omni.usdex.libs-2.2.2] startup
[1.912s] [ext: isaacsim.asset.importer.mjcf-3.10.0] startup
[1.914s] [ext: isaacsim.asset.importer.urdf-3.11.0] startup
[1.917s] [ext: omni.kit.primitive.mesh-1.1.0] startup
[1.919s] [ext: omni.kit.stage_template.core-1.1.22] startup
[1.920s] [ext: omni.kit.stage_templates-2.0.2] startup
[1.921s] [ext: omni.usd.metrics.assembler-110.1.2] startup
[1.924s] [ext: omni.warp.core-1.13.0] startup
[2.078s] [ext: isaacsim.core.experimental.utils-0.17.1] startup
[2.079s] [ext: omni.physics.stageupdate-110.1.11] startup
[2.080s] [ext: omni.physics.tensors-110.1.11] startup
[2.085s] [ext: omni.physx.tensors-110.1.11] startup
[2.088s] [ext: isaacsim.core.simulation_manager-1.15.4] startup
2026-08-21T15:06:58Z [2,079ms] [Warning] [isaacsim.core.simulation_manager.plugin] USD stage is not available; stage-opened subscription is deferred
2026-08-21T15:06:58Z [2,079ms] [Warning] [isaacsim.core.simulation_manager.plugin] USD stage is not available; stage-opened subscription is deferred
[2.101s] [ext: isaacsim.storage.native-1.9.2] startup
[2.102s] [ext: omni.usd.metrics.assembler.physics-110.1.11] startup
[2.104s] [ext: isaacsim.core.utils-4.1.6] startup
[2.106s] [ext: isaacsim.core.prims-0.11.6] startup
[2.996s] [ext: isaacsim.core.api-5.2.12] startup
[3.003s] [ext: isaacsim.core.cloner-1.7.2] startup
[3.004s] [ext: isaacsim.test.docstring-1.3.1] startup
[3.007s] [ext: isaacsim.core.experimental.prims-1.8.8] startup
[3.028s] [ext: isaacsim.core.experimental.primdata-0.3.2] startup
[3.029s] [ext: omni.graph.tools-1.81.0] startup
[3.050s] [ext: omni.graph-1.142.5] startup
[3.080s] [ext: isaacsim.core.experimental.actuators-0.1.0] startup
[4.741s] [ext: isaacsim.core.experimental.materials-0.7.0] startup
[4.743s] [ext: isaacsim.core.experimental.objects-0.8.0] startup
[4.794s] [ext: omni.hydra.engine.stats-1.0.5] startup
[4.796s] [ext: omni.hydra.rtx.shadercache.vulkan-1.0.0] startup
[4.797s] [ext: omni.index.libs-387500.3473.0] startup
[4.797s] [ext: omni.index-1.0.1] startup
[4.798s] [ext: omni.ujitso.client-0.0.0] startup
[4.798s] [ext: omni.usd.schema.playback-1.0.0] startup
[4.802s] [ext: omni.volume-0.5.2] startup
[4.806s] [ext: omni.hydra.rtx-1.0.3] startup
2026-08-21T15:07:00Z [4,797ms] [Warning] [omni.log] Source: omni.hydra was already registered.
[4.829s] [ext: omni.kit.hydra_texture-1.6.0] startup
[4.833s] [ext: omni.kit.raycast.query-1.2.0] startup
[4.837s] [ext: omni.kit.viewport.legacy_gizmos-1.0.24] startup
[4.839s] [ext: omni.kit.viewport.registry-104.0.6] startup
[4.840s] [ext: omni.kit.viewport.scene_camera_model-1.0.7] startup
[4.843s] [ext: omni.kit.widget.viewport-109.2.0] startup
[4.846s] [ext: omni.kit.window.drop_support-1.0.8] startup
[4.847s] [ext: omni.kit.viewport.window-109.0.2] startup
[4.861s] [ext: omni.kit.viewport.utility-2.0.1] startup
[4.862s] [ext: isaacsim.core.rendering_manager-0.4.2] startup
[4.880s] [ext: omni.graph.action_core-1.1.9] startup
[4.883s] [ext: omni.graph.action_nodes_core-2.10.2] startup
[4.885s] [ext: omni.graph.action_nodes-2.10.3] startup
[4.901s] [ext: omni.graph.action-2.10.2] startup
[4.902s] [ext: omni.graph.image.core-0.6.1] startup
[4.903s] [ext: omni.graph.image.nodes-1.3.1] startup
[4.904s] [ext: omni.graph.nodes_core-2.10.3] startup
[4.908s] [ext: omni.graph.nodes-2.11.1] startup
[4.912s] [ext: omni.kit.hotkeys.core-1.3.12] startup
[4.914s] [ext: omni.kit.property.adapter.core-1.1.1] startup
[4.916s] [ext: omni.kit.property.adapter.usd-1.0.5] startup
[4.917s] [ext: omni.kit.widget.filter-1.1.5] startup
[4.918s] [ext: omni.kit.widget.highlight_label-1.0.3] startup
[4.919s] [ext: omni.kit.widget.searchfield-1.1.8] startup
[4.920s] [ext: omni.kit.window.file_exporter-1.0.36] startup
[4.921s] [ext: omni.kit.widget.stage-4.3.0] startup
[4.927s] [ext: omni.kit.window.content_browser_registry-0.0.6] startup
[4.928s] [ext: omni.kit.window.file-2.0.10] startup
[4.930s] [ext: omni.kit.window.content_browser-3.1.8] startup
[4.939s] [ext: omni.kit.window.property-1.15.1] startup
[4.948s] [ext: omni.kit.property.usd-4.8.1] startup
[4.957s] [ext: omni.graph.scriptnode-2.10.2] startup
[4.965s] [ext: omni.kit.widget.searchable_combobox-1.0.7] startup
[4.967s] [ext: omni.kit.widget.settings-2.0.0] startup
[4.970s] [ext: omni.kit.window.preferences-1.8.3] startup
[4.974s] [ext: omni.kit.viewport.menubar.core-107.2.2] startup
[4.984s] [ext: omni.syntheticdata-0.6.15] startup
[5.007s] [ext: omni.replicator.nv-1.1.1] startup
[5.011s] [ext: omni.videoencoding-0.2.1] startup
[5.013s] [ext: omni.replicator.core-1.13.25] startup
2026-08-21T15:07:01Z [5,000ms] [Warning] [pxr.Semantics] pxr.Semantics is deprecated - please use Semantics instead
2026-08-21T15:07:01Z [5,064ms] [Warning] [omni.replicator.core.scripts.extension] No material configuration file, adding configuration to material settings directly.
[5.206s] [ext: isaacsim.core.nodes-5.10.4] startup
[5.230s] [ext: isaacsim.core.throttling-2.3.3] startup
[5.232s] [ext: omni.kit.manipulator.viewport-107.0.1] startup
[5.233s] [ext: omni.graph.visualization.nodes-2.1.4] startup
[5.244s] [ext: omni.kit.window.extensions-1.5.7] startup
[5.250s] [ext: isaacsim.gui.components-1.8.4] startup
[5.254s] [ext: isaacsim.robot.surface_gripper-3.6.1] startup
[5.263s] [ext: isaacsim.robot.manipulators-3.4.4] startup
[5.272s] [ext: isaacsim.robot_motion.lula-4.1.2] startup
[5.277s] [ext: isaacsim.robot_motion.motion_generation-8.2.8] startup
[5.283s] [ext: isaacsim.cortex.framework-1.0.17] startup
[5.285s] [ext: isaacsim.cortex.behaviors-2.0.16] startup
[5.286s] [ext: isaacsim.examples.base-1.3.1] startup
[5.288s] [ext: omni.kit.widget.zoombar-1.0.7] startup
[5.288s] [ext: omni.kit.browser.core-2.3.18] startup
[5.291s] [ext: omni.kit.browser.folder.core-2.0.2] startup
[5.295s] [ext: omni.kit.widget.stage_icons-1.0.8] startup
[5.295s] [ext: omni.kit.window.stage-2.6.1] startup
[5.299s] [ext: omni.kit.menu.stage-1.2.7] startup
[5.301s] [ext: omni.kit.usd.collect-3.0.5] startup
[5.303s] [ext: omni.kit.widget.prompt-1.0.7] startup
[5.304s] [ext: omni.kit.tool.collect-2.2.19] startup
[5.306s] [ext: isaacsim.examples.browser-0.3.1] startup
[5.308s] [ext: omni.kit.search.files-1.0.4] startup
[5.308s] [ext: omni.kit.widget.calendar-1.0.9] startup
[5.309s] [ext: omni.kit.widget.extended_searchfield-1.0.31] startup
[5.317s] [ext: omni.simready.content.browser-0.3.7] startup
[5.400s] [ext: isaacsim.gui.content_browser-0.4.2] startup
[5.402s] [ext: omni.kit.selection-0.1.6] startup
[5.403s] [ext: isaacsim.gui.menu-2.10.5] startup
[5.410s] [ext: isaacsim.gui.property-1.6.2] startup
[5.415s] [ext: omni.kit.viewport.actions-107.0.2] startup
[5.419s] [ext: omni.kit.viewport.menubar.display-107.1.3] startup
[5.421s] [ext: isaacsim.gui.sensors.icon-2.2.0] startup
[5.423s] [ext: omni.behavior.scripting.core-110.1.0] startup
[5.425s] [ext: isaacsim.replicator.behavior-1.5.3] startup
[5.426s] [ext: isaacsim.replicator.experimental.domain_randomization-1.2.4] startup
[5.439s] [ext: isaacsim.replicator.domain_randomization-1.2.1] startup
[5.505s] [ext: isaacsim.replicator.writers-1.5.3] startup
[5.524s] [ext: isaacsim.robot.experimental.wheeled_robots-0.2.9] startup
[5.543s] [ext: isaacsim.robot.policy.examples-5.2.11] startup
[5.559s] [ext: isaacsim.robot.wheeled_robots-5.2.3] startup
[5.562s] [ext: isaacsim.robot.wheeled_robots.nodes-0.1.2] startup
[5.577s] [ext: isaacsim.robot_motion.experimental.motion_generation-6.1.2] startup
[5.588s] [ext: isaacsim.robot_motion.cumotion-1.3.0] startup
[5.599s] [ext: omni.kit.numpy.common-0.1.3] startup
[5.601s] [ext: isaacsim.sensors.camera-1.7.8] startup
[5.625s] [ext: isaacsim.sensors.experimental.physics-3.0.1] startup
[5.632s] [ext: omni.sensors.net-1.0.1] startup
[5.635s] [ext: omni.sensors.nv.common-3.0.0] startup
[5.644s] [ext: omni.sensors.nv.materials-2.0.0] startup
[5.647s] [ext: omni.sensors.nv.acoustic-3.0.0] startup
[5.649s] [ext: omni.sensors.nv.ids-2.0.1] startup
[5.651s] [ext: omni.sensors.nv.lidar-3.0.0] startup
[5.655s] [ext: omni.sensors.nv.radar-3.0.0] startup
[5.657s] [ext: isaacsim.sensors.experimental.rtx-1.4.3] startup
[5.891s] [ext: isaacsim.sensors.physics.nodes-1.5.2] startup
[5.896s] [ext: isaacsim.util.debug_draw-3.2.2] startup
[5.902s] [ext: isaacsim.sensors.physx-2.5.4] startup
[5.908s] [ext: isaacsim.sensors.rtx-15.17.0] startup
[5.918s] [ext: isaacsim.simulation_app-2.18.3] startup
[5.919s] [ext: omni.anim.curve.core-1.6.0] startup
[5.927s] [ext: omni.graph.ui_nodes-2.10.5] startup
[5.948s] [ext: omni.hydra.scene_api-0.1.3] startup
[5.953s] [ext: omni.kit.manipulator.camera-110.0.0] startup
[5.957s] [ext: omni.kit.manipulator.selector-1.1.4] startup
[5.958s] [ext: omni.kit.manipulator.transform-107.0.0] startup
[5.961s] [ext: omni.kit.widget.toolbar-2.1.0] startup
[5.967s] [ext: omni.kit.manipulator.tool.snap-1.5.14] startup
[5.971s] [ext: omni.kit.viewport.manipulator.transform-107.0.4] startup
[5.973s] [ext: omni.kit.manipulator.prim.core-108.0.2] startup
[5.977s] [ext: omni.kit.manipulator.prim.usd-107.0.3] startup
[5.978s] [ext: omni.kit.manipulator.prim-108.0.0] startup
[5.978s] [ext: omni.kit.manipulator.selection-109.0.1] startup
[5.979s] [ext: omni.kit.menu.create-2.0.2] startup
[5.981s] [ext: omni.kit.property.audio-1.0.16] startup
[5.985s] [ext: omni.kit.property.camera-1.0.14] startup
[5.986s] [ext: omni.kit.property.geometry-2.1.2] startup
[5.989s] [ext: omni.kit.property.light-1.0.14] startup
2026-08-21T15:07:02Z [5,989ms] [Warning] [omni.usd] Encountered USD Warnings but USD Diagnostics are currently muted. To view USD Warnings, please set the '/persistent/app/usd/muteUsdDiagnostics' setting to false in Preferences page.
[6.016s] [ext: omni.kit.property.material-1.14.2] startup
[6.021s] [ext: omni.kit.property.render-1.2.2] startup
[6.023s] [ext: omni.kit.property.transform-1.6.9] startup
[6.025s] [ext: omni.kit.property.bundle-1.5.1] startup
[6.026s] [ext: omni.kit.usdz_export-1.1.0] startup
[6.028s] [ext: omni.kit.tool.asset_importer-5.2.0] startup
[6.034s] [ext: omni.kit.ui.actions-1.0.5] startup
[6.035s] [ext: omni.kit.viewport.menubar.camera-107.0.10] startup
[6.039s] [ext: omni.kit.viewport.menubar.lighting-107.3.2] startup
[6.041s] [ext: omni.kit.viewport.menubar.render-107.0.10] startup
[6.043s] [ext: omni.kit.viewport.menubar.settings-110.0.1] startup
[6.045s] [ext: omni.kit.window.console-1.1.8] startup
[6.050s] [ext: omni.kit.window.status_bar-0.1.11] startup
[6.052s] [ext: omni.kit.window.toolbar-3.0.3] startup
[6.054s] [ext: omni.ocio-0.1.1] startup
[6.055s] [ext: omni.physx.commands-110.1.11] startup
[6.061s] [ext: omni.replicator.replicator_yaml-2.0.12] startup
[6.070s] [ext: omni.rtx.window.settings-0.8.0] startup
[6.074s] [ext: omni.rtx.settings.core-0.7.0] startup
[6.077s] [ext: omni.usd.metrics.assembler.ui-110.1.1] startup
[6.084s] [ext: semantics.schema.editor-2.0.2] startup
[6.087s] [ext: semantics.schema.property-2.0.1] startup
[6.089s] [ext: omni.kit.menu.common-2.0.2] startup
[6.090s] [ext: isaacsim.exp.base-6.0.0] startup
[6.090s] [ext: isaacsim.exp.base.python-6.0.0] startup
[6.091s] Simulation App Starting
[7.152s] Simulation App Startup Complete
[7.161s] app ready
Starting kit application with the following args:  ['/home/liang/isaacsim/exts/isaacsim.simulation_app/isaacsim/simulation_app/simulation_app.py', '/home/liang/isaacsim/apps/isaacsim.exp.base.python.kit', '--/app/tokens/exe-path=/home/liang/isaacsim/kit', '--/persistent/app/viewport/displayOptions=3094', '--/rtx/materialDb/syncLoads=True', '--/rtx/hydra/materialSyncLoads=True', '--/omni.kit.plugin/syncUsdLoads=True', '--/app/renderer/resolution/width=1280', '--/app/renderer/resolution/height=720', '--/app/window/width=1440', '--/app/window/height=900', '--/renderer/multiGpu/enabled=True', '--/app/fastShutdown=True', '--/app/installSignalHandlers=0', '--ext-folder', '/home/liang/isaacsim/exts', '--ext-folder', '/home/liang/isaacsim/apps', '--/physics/cudaDevice=0', '--/plugins/carb.tasking.plugin/threadCount=16', '--/plugins/omni.tbb.globalcontrol/maxThreadCount=16', '--portable', '--no-window', '--/app/window/hideUi=1']
Passing the following args to the base kit application:  ['--csv', 'TNDQ_b601/results/exp1_setpoint.csv']
Warp 1.13.0 initialized:
   CUDA Toolkit 12.9, Driver 13.0
   Devices:
     "cpu"      : "x86_64"
     "cuda:0"   : "NVIDIA GeForce RTX 5070 Ti" (15 GiB, sm_120, mempool enabled)
   Kernel cache:
     /home/liang/.cache/warp/1.13.0
[isaac] DOF=['joint1', 'joint2', 'joint3', 'joint4', 'joint5', 'joint6', 'gripper_joint1', 'gripper_joint2']  手指行程上限=0.0715 m
[isaac] 场景就绪：USD=/home/liang/Documents/code/HyperdualQuaternions_modeling_robotic/reBot-Isaacsim/usd/reBot_B601_DM/reBot_B601_DM.usda
[isaac]           prim=/World/B601  dt=0.0020s  立方体=[0.5084, -0.1309, 0.0225]
[exp1-setpoint] t=  5.00s  pos_err=0.0995 m  ori_err=0.3133 rad  ‖τ‖=4.93 N·m
[exp1-setpoint] t= 10.00s  pos_err=0.0994 m  ori_err=0.3195 rad  ‖τ‖=6.16 N·m
[exp1-setpoint] 完成：1100 行 -> /home/liang/Documents/code/HyperdualQuaternions_modeling_robotic/TNDQ_b601/results/exp1_setpoint.csv
    末端 1s 稳态窗: pos_err=0.0953 m  ori_err=0.2904 rad
    全程峰值: pos_err=0.1002 m  ori_err=0.3203 rad
    力矩饱和 0 步 / 治理触发 0 步 / dither 136 步 / 墙钟 135.7s
[148.569s] Simulation App Shutting Down
