WARNING: All log messages before absl::InitializeLog() is called are written to STDERR
E0000 00:00:1787303162.156661  731028 descriptor_database.cc:633] File already exists in database: grpc/health/v1/health.proto
W0000 00:00:1787303162.156728  731028 message.cc:301] Protobuf GeneratedMessageFactory: File is already registered: grpc/health/v1/health.proto
2026-08-21T09:06:01Z [Info] [carb] Logging to file: /home/liang/isaacsim/kit/logs/Kit/Isaac-Sim Python/6.0/kit_20260821_170601.log
[0.044s] [ext: omni.assets.plugins-0.0.0] startup
[0.045s] [ext: omni.blobkey-1.1.2] startup
[0.045s] [ext: omni.kit.async_engine-0.0.3] startup
[0.294s] [ext: omni.client.lib-1.1.1] startup
[0.303s] [ext: omni.client-1.3.0] startup
[0.306s] [ext: omni.protobuf.lib-1.0.0] startup
[0.307s] [ext: omni.grpc.lib-1.0.0] startup
[0.310s] [ext: omni.metrics.core-0.0.3] startup
[0.311s] [ext: omni.datastore-0.0.0] startup
[0.311s] [ext: omni.gpu_foundation.shadercache.vulkan-1.0.0] startup
[0.316s] [ext: omni.hsscclient-1.1.4] startup
[0.316s] [ext: omni.stats-1.0.1] startup
[0.317s] [ext: omni.ujitso.default-1.0.0] startup
[0.318s] [ext: omni.gpu_foundation-0.0.0] startup
[0.469s] [ext: carb.windowing.plugins-1.0.1] startup
[0.469s] [ext: omni.kit.renderer.init-1.0.1] startup
2026-08-21T09:06:02Z [671ms] [Warning] [omni.rtx] Skipping unsupported non-NVIDIA GPU: AMD Ryzen 7 9700X 8-Core Processor (RADV RAPHAEL_MENDOCINO)
2026-08-21T09:06:02Z [672ms] [Warning] [omni.rtx] Skipping unsupported non-NVIDIA GPU: AMD Ryzen 7 9700X 8-Core Processor (RADV RAPHAEL_MENDOCINO)

|---------------------------------------------------------------------------------------------|
| Driver Version: 580.173.02    | Graphics API: Vulkan
|=============================================================================================|
| GPU | Name                             | Active | LDA | GPU Memory | Vendor-ID | LUID       |
|     |                                  |        |     |            | Device-ID | UUID       |
|     |                                  |        |     |            | Bus-ID    |            |
|---------------------------------------------------------------------------------------------|
| 0   | NVIDIA GeForce RTX 5070 Ti       | Yes: 0 |     | 16303   MB | 10de      | 0          |
|     |                                  |        |     |            | 2c05      | bee4013a.. |
|     |                                  |        |     |            | 1         |            |
|---------------------------------------------------------------------------------------------|
| 1   | AMD Ryzen 7 9700X 8-Core Proce.. |        |     | 10719   MB | 1002      | 0          |
|     |                                  |        |     |            | 13c0      | 00000000.. |
|     |                                  |        |     |            | 13        |            |
|=============================================================================================|
| OS: 24.04.4 LTS (Noble Numbat) ubuntu, Version: 24.04.4, Kernel: 7.0.0-29-generic
| XServer Vendor: The X.Org Foundation, XServer Version: 12101011 (1.21.1.11)
| Processor: AMD Ryzen 7 9700X 8-Core Processor
| Cores: 8 | Logical Cores: 16
|---------------------------------------------------------------------------------------------|
| Total Memory (MB): 31134 | Free Memory: 17906
| Total Page/Swap (MB): 8191 | Free Page/Swap: 8191
|---------------------------------------------------------------------------------------------|
2026-08-21T09:06:02Z [884ms] [Warning] [omni.rtx] CPU performance profile is set to powersave. This profile sets the CPU to the lowest frequency reducing performance.
2026-08-21T09:06:02Z [892ms] [Warning] [omni.rtx] IOMMU is enabled.
[1.004s] [ext: omni.kit.pipapi-0.0.0] startup
[1.005s] [ext: omni.kit.pip_archive-0.0.0] startup
[1.005s] [ext: isaacsim.pip.newton-0.6.0] startup
[1.005s] [ext: omni.pip.compute-1.9.0] startup
[1.005s] [ext: omni.isaac.core_archive-5.3.0] startup
[1.006s] [ext: omni.kit.telemetry-0.5.2] startup
[1.035s] [ext: omni.kit.loop-isaac-1.6.0] startup
[1.036s] [ext: omni.kit.test-2.0.7] startup
[1.088s] [ext: omni.materialx.libs-1.0.9] startup
[1.096s] [ext: omni.gpucompute.plugins-0.0.0] startup
[1.096s] [ext: omni.usd.config-1.0.7] startup
[1.099s] [ext: omni.usd.libs-1.0.3] startup
[1.159s] [ext: omni.iray.libs-0.0.1] startup
[1.161s] [ext: omni.mdl-57.0.3] startup
[1.177s] [ext: omni.mdl.neuraylib-0.2.20] startup
[1.178s] [ext: omni.kit.usd.mdl-1.1.9] startup
[1.272s] [ext: omni.appwindow-1.2.2] startup
[1.274s] [ext: omni.kit.renderer.core-1.2.2] startup
[1.622s] [ext: omni.kit.renderer.capture-2.0.1] startup
[1.623s] [ext: omni.kit.renderer.imgui-2.0.6] startup
[1.661s] [ext: omni.ui-3.1.3] startup
[1.670s] [ext: omni.kit.mainwindow-1.0.3] startup
[1.671s] [ext: carb.audio-0.1.0] startup
[1.673s] [ext: omni.uiaudio-1.0.0] startup
[1.674s] [ext: omni.kit.uiapp-0.0.0] startup
[1.674s] [ext: omni.usd.schema.metrics.assembler-110.1.0] startup
[1.676s] [ext: omni.usd.schema.audio-0.0.1] startup
[1.678s] [ext: omni.usd_resolver-1.0.0] startup
[1.681s] [ext: omni.usd.core-1.8.3] startup
[1.684s] [ext: omni.metropolis.schema-0.0.3] startup
[1.685s] [ext: isaacsim.anim.robot.schema-0.1.1] startup
[1.686s] [ext: omni.usd.schema.anim-0.0.1] startup
[1.701s] [ext: omni.usd.schema.geospatial-0.0.1] startup
[1.703s] [ext: omni.usd.schema.omnigraph-1.0.1] startup
[1.708s] [ext: omni.usd.schema.semantics-0.0.0] startup
[1.709s] [ext: omni.activity.core-1.0.3] startup
[1.711s] [ext: omni.cubric-0.1.0] startup
[1.711s] [ext: omni.graph.exec-0.9.6] startup
[1.711s] [ext: omni.hydra.scene_delegate-0.3.5] startup
[1.714s] [ext: usdrt.scenegraph-7.6.3] startup
[1.735s] [ext: omni.hydra.usdrt_delegate-7.5.2] startup
[1.740s] [ext: omni.inspect-1.0.2] startup
[1.741s] [ext: omni.kit.actions.core-1.0.0] startup
[1.742s] [ext: omni.kit.audiodeviceenum-1.0.2] startup
[1.743s] [ext: omni.kit.commands-1.5.0] startup
[1.746s] [ext: omni.kit.exec.core-0.13.5] startup
[1.747s] [ext: omni.kit.usd_undo-0.1.8] startup
[1.747s] [ext: omni.kit.window.popup_dialog-2.0.25] startup
[1.751s] [ext: omni.kit.widget.nucleus_connector-2.3.1] startup
[1.753s] [ext: omni.timeline-1.1.0] startup
[1.755s] [ext: omni.usd-1.15.2] startup
[1.786s] [ext: omni.graph.core-3.1.2] startup
[1.789s] [ext: omni.kit.notification_manager-1.0.11] startup
[1.790s] [ext: isaacsim.core.deprecation_manager-0.4.2] startup
[1.790s] [ext: isaacsim.replicator.agent.schema-0.1.1] startup
[1.791s] [ext: isaacsim.robot.schema-6.3.6] startup
[1.795s] [ext: isaacsim.robot_motion.schema-0.2.0] startup
[1.795s] [ext: omni.anim.behavior.schema-110.1.0] startup
[1.799s] [ext: omni.anim.graph.schema-110.1.1] startup
[1.804s] [ext: omni.anim.navigation.schema-110.1.0] startup
[1.806s] [ext: omni.behavior.tree.schema-110.1.0] startup
[1.807s] [ext: omni.isaac.ml_archive-3.3.0] startup
[1.807s] [ext: omni.kit.asset_converter-5.1.4] startup
[1.816s] [ext: omni.pip.cloud-1.5.3] startup
[1.818s] [ext: omni.usd.schema.flow-110.0.0] startup
[1.819s] [ext: omni.usd.schema.mujoco-1.1.0] startup
[1.819s] [ext: omni.usd.schema.newton-1.2.0] startup
[1.820s] [ext: omni.usd.schema.omni_lens_distortion-1.0.0] startup
[1.820s] [ext: omni.usd.schema.omni_projectors-1.0.0] startup
[1.820s] [ext: omni.usd.schema.omni_sensors-0.0.0] startup
[1.826s] [ext: omni.usd.schema.omniscripting-1.0.1] startup
[1.829s] [ext: omni.usd.schema.physical_lighting-0.1.0] startup
[1.833s] [ext: omni.usd.schema.physx-110.1.11] startup
[1.857s] [ext: omni.usd.schema.render_settings.rtx-1.0.2] startup
[1.859s] [ext: omni.usd.schema.usd_particle_field-1.0.0] startup
[1.860s] [ext: isaacsim.core.version-2.1.0] startup
[1.860s] [ext: omni.kit.menu.core-1.2.0] startup
[1.861s] [ext: omni.kit.menu.utils-2.2.3] startup
[1.868s] [ext: isaacsim.app.about-2.3.0] startup
[1.872s] [ext: isaacsim.asset.transformer-1.2.3] startup
[1.875s] [ext: omni.scene.optimizer.core-110.1.0] startup
[1.908s] [ext: isaacsim.asset.importer.utils-1.8.0] startup
[1.910s] [ext: omni.convexdecomposition-110.1.11] startup
[1.912s] [ext: omni.physics-110.1.11] startup
[1.915s] [ext: omni.physx.gpu-110.1.11] startup
[1.916s] [ext: omni.physx.foundation-110.1.11] startup
[1.917s] [ext: omni.usdphysics-110.1.11] startup
[1.918s] [ext: omni.physx.cooking-110.1.11] startup
[1.920s] [ext: omni.physx-110.1.11] startup
[1.927s] [ext: omni.physics.physx-110.1.11] startup
[1.929s] [ext: isaacsim.asset.exporter.urdf-2.0.3] startup
[1.936s] [ext: omni.kit.clipboard-1.1.1] startup
[1.937s] [ext: omni.kit.usd.layers-2.6.1] startup
[1.942s] [ext: omni.kit.widget.context_menu-1.4.0] startup
[1.943s] [ext: omni.kit.context_menu-1.9.0] startup
[1.945s] [ext: omni.kit.helper.file_utils-0.1.10] startup
[1.946s] [ext: omni.kit.widget.nucleus_info-2.0.2] startup
[1.946s] [ext: omni.kit.search_core-1.0.8] startup
[1.947s] [ext: omni.kit.widget.path_field-2.0.13] startup
[1.947s] [ext: omni.kit.widget.browser_bar-2.0.10] startup
[1.948s] [ext: omni.kit.widget.filebrowser-2.13.4] startup
[1.952s] [ext: omni.kit.widget.options_menu-1.1.6] startup
[1.954s] [ext: omni.kit.widget.options_button-1.0.3] startup
[1.954s] [ext: omni.kit.widget.search_delegate-1.0.9] startup
[1.955s] [ext: omni.ui.scene-2.0.1] startup
[1.959s] [ext: omni.kit.window.filepicker-2.15.5] startup
[1.969s] [ext: omni.kit.window.file_importer-1.1.21] startup
[1.971s] [ext: omni.kit.material.library-3.1.2] startup
[1.975s] [ext: isaacsim.asset.transformer.rules-1.7.8] startup
[1.984s] [ext: omni.usdex.libs-2.2.2] startup
[1.991s] [ext: isaacsim.asset.importer.mjcf-3.10.0] startup
[1.992s] [ext: isaacsim.asset.importer.urdf-3.11.0] startup
[1.996s] [ext: omni.kit.primitive.mesh-1.1.0] startup
[1.998s] [ext: omni.kit.stage_template.core-1.1.22] startup
[1.998s] [ext: omni.kit.stage_templates-2.0.2] startup
[2.000s] [ext: omni.usd.metrics.assembler-110.1.2] startup
[2.002s] [ext: omni.warp.core-1.13.0] startup
[2.161s] [ext: isaacsim.core.experimental.utils-0.17.1] startup
[2.162s] [ext: omni.physics.stageupdate-110.1.11] startup
[2.164s] [ext: omni.physics.tensors-110.1.11] startup
[2.168s] [ext: omni.physx.tensors-110.1.11] startup
[2.171s] [ext: isaacsim.core.simulation_manager-1.15.4] startup
2026-08-21T09:06:04Z [2,162ms] [Warning] [isaacsim.core.simulation_manager.plugin] USD stage is not available; stage-opened subscription is deferred
2026-08-21T09:06:04Z [2,162ms] [Warning] [isaacsim.core.simulation_manager.plugin] USD stage is not available; stage-opened subscription is deferred
[2.183s] [ext: isaacsim.storage.native-1.9.2] startup
[2.185s] [ext: omni.usd.metrics.assembler.physics-110.1.11] startup
[2.186s] [ext: isaacsim.core.utils-4.1.6] startup
[2.189s] [ext: isaacsim.core.prims-0.11.6] startup
[3.137s] [ext: isaacsim.core.api-5.2.12] startup
[3.143s] [ext: isaacsim.core.cloner-1.7.2] startup
[3.144s] [ext: isaacsim.test.docstring-1.3.1] startup
[3.148s] [ext: isaacsim.core.experimental.prims-1.8.8] startup
[3.170s] [ext: isaacsim.core.experimental.primdata-0.3.2] startup
[3.171s] [ext: omni.graph.tools-1.81.0] startup
[3.190s] [ext: omni.graph-1.142.5] startup
[3.223s] [ext: isaacsim.core.experimental.actuators-0.1.0] startup
[5.015s] [ext: isaacsim.core.experimental.materials-0.7.0] startup
[5.019s] [ext: isaacsim.core.experimental.objects-0.8.0] startup
[5.075s] [ext: omni.hydra.engine.stats-1.0.5] startup
[5.078s] [ext: omni.hydra.rtx.shadercache.vulkan-1.0.0] startup
[5.079s] [ext: omni.index.libs-387500.3473.0] startup
[5.079s] [ext: omni.index-1.0.1] startup
[5.080s] [ext: omni.ujitso.client-0.0.0] startup
[5.080s] [ext: omni.usd.schema.playback-1.0.0] startup
[5.084s] [ext: omni.volume-0.5.2] startup
[5.088s] [ext: omni.hydra.rtx-1.0.3] startup
2026-08-21T09:06:06Z [5,080ms] [Warning] [omni.log] Source: omni.hydra was already registered.
[5.113s] [ext: omni.kit.hydra_texture-1.6.0] startup
[5.117s] [ext: omni.kit.raycast.query-1.2.0] startup
[5.121s] [ext: omni.kit.viewport.legacy_gizmos-1.0.24] startup
[5.123s] [ext: omni.kit.viewport.registry-104.0.6] startup
[5.123s] [ext: omni.kit.viewport.scene_camera_model-1.0.7] startup
[5.126s] [ext: omni.kit.widget.viewport-109.2.0] startup
[5.130s] [ext: omni.kit.window.drop_support-1.0.8] startup
[5.131s] [ext: omni.kit.viewport.window-109.0.2] startup
[5.147s] [ext: omni.kit.viewport.utility-2.0.1] startup
[5.149s] [ext: isaacsim.core.rendering_manager-0.4.2] startup
[5.167s] [ext: omni.graph.action_core-1.1.9] startup
[5.169s] [ext: omni.graph.action_nodes_core-2.10.2] startup
[5.171s] [ext: omni.graph.action_nodes-2.10.3] startup
[5.187s] [ext: omni.graph.action-2.10.2] startup
[5.188s] [ext: omni.graph.image.core-0.6.1] startup
[5.189s] [ext: omni.graph.image.nodes-1.3.1] startup
[5.189s] [ext: omni.graph.nodes_core-2.10.3] startup
[5.194s] [ext: omni.graph.nodes-2.11.1] startup
[5.199s] [ext: omni.kit.hotkeys.core-1.3.12] startup
[5.200s] [ext: omni.kit.property.adapter.core-1.1.1] startup
[5.202s] [ext: omni.kit.property.adapter.usd-1.0.5] startup
[5.204s] [ext: omni.kit.widget.filter-1.1.5] startup
[5.204s] [ext: omni.kit.widget.highlight_label-1.0.3] startup
[5.205s] [ext: omni.kit.widget.searchfield-1.1.8] startup
[5.206s] [ext: omni.kit.window.file_exporter-1.0.36] startup
[5.207s] [ext: omni.kit.widget.stage-4.3.0] startup
[5.214s] [ext: omni.kit.window.content_browser_registry-0.0.6] startup
[5.215s] [ext: omni.kit.window.file-2.0.10] startup
[5.218s] [ext: omni.kit.window.content_browser-3.1.8] startup
[5.226s] [ext: omni.kit.window.property-1.15.1] startup
[5.236s] [ext: omni.kit.property.usd-4.8.1] startup
[5.245s] [ext: omni.graph.scriptnode-2.10.2] startup
[5.253s] [ext: omni.kit.widget.searchable_combobox-1.0.7] startup
[5.254s] [ext: omni.kit.widget.settings-2.0.0] startup
[5.256s] [ext: omni.kit.window.preferences-1.8.3] startup
[5.260s] [ext: omni.kit.viewport.menubar.core-107.2.2] startup
[5.271s] [ext: omni.syntheticdata-0.6.15] startup
[5.294s] [ext: omni.replicator.nv-1.1.1] startup
[5.300s] [ext: omni.videoencoding-0.2.1] startup
[5.301s] [ext: omni.replicator.core-1.13.25] startup
2026-08-21T09:06:07Z [5,288ms] [Warning] [pxr.Semantics] pxr.Semantics is deprecated - please use Semantics instead
2026-08-21T09:06:07Z [5,350ms] [Warning] [omni.replicator.core.scripts.extension] No material configuration file, adding configuration to material settings directly.
[5.489s] [ext: isaacsim.core.nodes-5.10.4] startup
[5.517s] [ext: isaacsim.core.throttling-2.3.3] startup
[5.518s] [ext: omni.kit.manipulator.viewport-107.0.1] startup
[5.519s] [ext: omni.graph.visualization.nodes-2.1.4] startup
[5.531s] [ext: omni.kit.window.extensions-1.5.7] startup
[5.536s] [ext: isaacsim.gui.components-1.8.4] startup
[5.540s] [ext: isaacsim.robot.surface_gripper-3.6.1] startup
[5.550s] [ext: isaacsim.robot.manipulators-3.4.4] startup
[5.559s] [ext: isaacsim.robot_motion.lula-4.1.2] startup
[5.567s] [ext: isaacsim.robot_motion.motion_generation-8.2.8] startup
[5.572s] [ext: isaacsim.cortex.framework-1.0.17] startup
[5.573s] [ext: isaacsim.cortex.behaviors-2.0.16] startup
[5.575s] [ext: isaacsim.examples.base-1.3.1] startup
[5.576s] [ext: omni.kit.widget.zoombar-1.0.7] startup
[5.577s] [ext: omni.kit.browser.core-2.3.18] startup
[5.580s] [ext: omni.kit.browser.folder.core-2.0.2] startup
[5.585s] [ext: omni.kit.widget.stage_icons-1.0.8] startup
[5.586s] [ext: omni.kit.window.stage-2.6.1] startup
[5.589s] [ext: omni.kit.menu.stage-1.2.7] startup
[5.590s] [ext: omni.kit.usd.collect-3.0.5] startup
[5.592s] [ext: omni.kit.widget.prompt-1.0.7] startup
[5.593s] [ext: omni.kit.tool.collect-2.2.19] startup
[5.595s] [ext: isaacsim.examples.browser-0.3.1] startup
[5.598s] [ext: omni.kit.search.files-1.0.4] startup
[5.599s] [ext: omni.kit.widget.calendar-1.0.9] startup
[5.600s] [ext: omni.kit.widget.extended_searchfield-1.0.31] startup
[5.607s] [ext: omni.simready.content.browser-0.3.7] startup
[5.696s] [ext: isaacsim.gui.content_browser-0.4.2] startup
[5.699s] [ext: omni.kit.selection-0.1.6] startup
[5.700s] [ext: isaacsim.gui.menu-2.10.5] startup
[5.706s] [ext: isaacsim.gui.property-1.6.2] startup
[5.711s] [ext: omni.kit.viewport.actions-107.0.2] startup
[5.715s] [ext: omni.kit.viewport.menubar.display-107.1.3] startup
[5.717s] [ext: isaacsim.gui.sensors.icon-2.2.0] startup
[5.720s] [ext: omni.behavior.scripting.core-110.1.0] startup
[5.722s] [ext: isaacsim.replicator.behavior-1.5.3] startup
[5.723s] [ext: isaacsim.replicator.experimental.domain_randomization-1.2.4] startup
[5.737s] [ext: isaacsim.replicator.domain_randomization-1.2.1] startup
[5.811s] [ext: isaacsim.replicator.writers-1.5.3] startup
[5.832s] [ext: isaacsim.robot.experimental.wheeled_robots-0.2.9] startup
[5.851s] [ext: isaacsim.robot.policy.examples-5.2.11] startup
[5.867s] [ext: isaacsim.robot.wheeled_robots-5.2.3] startup
[5.871s] [ext: isaacsim.robot.wheeled_robots.nodes-0.1.2] startup
[5.888s] [ext: isaacsim.robot_motion.experimental.motion_generation-6.1.2] startup
[5.899s] [ext: isaacsim.robot_motion.cumotion-1.3.0] startup
[5.913s] [ext: omni.kit.numpy.common-0.1.3] startup
[5.914s] [ext: isaacsim.sensors.camera-1.7.8] startup
[5.940s] [ext: isaacsim.sensors.experimental.physics-3.0.1] startup
[5.949s] [ext: omni.sensors.net-1.0.1] startup
[5.951s] [ext: omni.sensors.nv.common-3.0.0] startup
[5.961s] [ext: omni.sensors.nv.materials-2.0.0] startup
[5.965s] [ext: omni.sensors.nv.acoustic-3.0.0] startup
[5.968s] [ext: omni.sensors.nv.ids-2.0.1] startup
[5.974s] [ext: omni.sensors.nv.lidar-3.0.0] startup
[5.978s] [ext: omni.sensors.nv.radar-3.0.0] startup
[5.980s] [ext: isaacsim.sensors.experimental.rtx-1.4.3] startup
[6.222s] [ext: isaacsim.sensors.physics.nodes-1.5.2] startup
[6.228s] [ext: isaacsim.util.debug_draw-3.2.2] startup
[6.234s] [ext: isaacsim.sensors.physx-2.5.4] startup
[6.242s] [ext: isaacsim.sensors.rtx-15.17.0] startup
[6.253s] [ext: isaacsim.simulation_app-2.18.3] startup
[6.254s] [ext: omni.anim.curve.core-1.6.0] startup
[6.264s] [ext: omni.graph.ui_nodes-2.10.5] startup
[6.288s] [ext: omni.hydra.scene_api-0.1.3] startup
[6.292s] [ext: omni.kit.manipulator.camera-110.0.0] startup
[6.296s] [ext: omni.kit.manipulator.selector-1.1.4] startup
[6.297s] [ext: omni.kit.manipulator.transform-107.0.0] startup
[6.301s] [ext: omni.kit.widget.toolbar-2.1.0] startup
[6.307s] [ext: omni.kit.manipulator.tool.snap-1.5.14] startup
[6.310s] [ext: omni.kit.viewport.manipulator.transform-107.0.4] startup
[6.312s] [ext: omni.kit.manipulator.prim.core-108.0.2] startup
[6.318s] [ext: omni.kit.manipulator.prim.usd-107.0.3] startup
[6.319s] [ext: omni.kit.manipulator.prim-108.0.0] startup
[6.319s] [ext: omni.kit.manipulator.selection-109.0.1] startup
[6.320s] [ext: omni.kit.menu.create-2.0.2] startup
[6.322s] [ext: omni.kit.property.audio-1.0.16] startup
[6.325s] [ext: omni.kit.property.camera-1.0.14] startup
[6.326s] [ext: omni.kit.property.geometry-2.1.2] startup
[6.329s] [ext: omni.kit.property.light-1.0.14] startup
2026-08-21T09:06:08Z [6,331ms] [Warning] [omni.usd] Encountered USD Warnings but USD Diagnostics are currently muted. To view USD Warnings, please set the '/persistent/app/usd/muteUsdDiagnostics' setting to false in Preferences page.
[6.358s] [ext: omni.kit.property.material-1.14.2] startup
[6.363s] [ext: omni.kit.property.render-1.2.2] startup
[6.365s] [ext: omni.kit.property.transform-1.6.9] startup
[6.368s] [ext: omni.kit.property.bundle-1.5.1] startup
[6.370s] [ext: omni.kit.usdz_export-1.1.0] startup
[6.372s] [ext: omni.kit.tool.asset_importer-5.2.0] startup
[6.376s] [ext: omni.kit.ui.actions-1.0.5] startup
[6.377s] [ext: omni.kit.viewport.menubar.camera-107.0.10] startup
[6.383s] [ext: omni.kit.viewport.menubar.lighting-107.3.2] startup
[6.385s] [ext: omni.kit.viewport.menubar.render-107.0.10] startup
[6.387s] [ext: omni.kit.viewport.menubar.settings-110.0.1] startup
[6.390s] [ext: omni.kit.window.console-1.1.8] startup
[6.393s] [ext: omni.kit.window.status_bar-0.1.11] startup
[6.395s] [ext: omni.kit.window.toolbar-3.0.3] startup
[6.398s] [ext: omni.ocio-0.1.1] startup
[6.400s] [ext: omni.physx.commands-110.1.11] startup
[6.403s] [ext: omni.replicator.replicator_yaml-2.0.12] startup
[6.415s] [ext: omni.rtx.window.settings-0.8.0] startup
[6.420s] [ext: omni.rtx.settings.core-0.7.0] startup
[6.423s] [ext: omni.usd.metrics.assembler.ui-110.1.1] startup
[6.429s] [ext: semantics.schema.editor-2.0.2] startup
[6.433s] [ext: semantics.schema.property-2.0.1] startup
[6.434s] [ext: omni.kit.menu.common-2.0.2] startup
[6.435s] [ext: isaacsim.exp.base-6.0.0] startup
[6.436s] [ext: isaacsim.exp.base.python-6.0.0] startup
[6.437s] Simulation App Starting
[7.494s] Simulation App Startup Complete
[7.504s] app ready
Starting kit application with the following args:  ['/home/liang/isaacsim/exts/isaacsim.simulation_app/isaacsim/simulation_app/simulation_app.py', '/home/liang/isaacsim/apps/isaacsim.exp.base.python.kit', '--/app/tokens/exe-path=/home/liang/isaacsim/kit', '--/persistent/app/viewport/displayOptions=3094', '--/rtx/materialDb/syncLoads=True', '--/rtx/hydra/materialSyncLoads=True', '--/omni.kit.plugin/syncUsdLoads=True', '--/app/renderer/resolution/width=1280', '--/app/renderer/resolution/height=720', '--/app/window/width=1440', '--/app/window/height=900', '--/renderer/multiGpu/enabled=True', '--/app/fastShutdown=True', '--/app/installSignalHandlers=0', '--ext-folder', '/home/liang/isaacsim/exts', '--ext-folder', '/home/liang/isaacsim/apps', '--/physics/cudaDevice=0', '--/plugins/carb.tasking.plugin/threadCount=16', '--/plugins/omni.tbb.globalcontrol/maxThreadCount=16', '--portable', '--no-window', '--/app/window/hideUi=1']
Passing the following args to the base kit application:  []
Warp 1.13.0 initialized:
   CUDA Toolkit 12.9, Driver 13.0
   Devices:
     "cpu"      : "x86_64"
     "cuda:0"   : "NVIDIA GeForce RTX 5070 Ti" (15 GiB, sm_120, mempool enabled)
   Kernel cache:
     /home/liang/.cache/warp/1.13.0
[isaac] DOF=['joint1', 'joint2', 'joint3', 'joint4', 'joint5', 'joint6', 'gripper_joint1', 'gripper_joint2']  手指行程上限=0.0715 m
[isaac] 场景就绪：USD=/home/liang/Documents/code/HyperdualQuaternions_modeling_robotic/reBot-Isaacsim/usd/reBot_B601_DM/reBot_B601_DM.usda
[isaac]           prim=/World/B601  dt=0.0020s  立方体=[0.4846, -0.1232, 0.0225]
=== 辨识 @ Q_F ===
    col j1: d1=[1.66, -0.42, 2.65, -8.81, -11.34, 8.42]  d2=[6.16, 3.57, 3.91, 0.36, 20.61, -3.73]
    col j2: d1=[-0.86, 19.46, 18.15, 28.69, -33.4, -21.56]  d2=[0.52, 12.67, 17.67, 29.29, 3.78, -19.58]
    col j3: d1=[-0.25, 15.72, 43.93, -9.55, 9.71, -8.32]  d2=[1.96, 19.3, 46.01, -1.53, 49.11, -18.19]
    col j4: d1=[1.17, 30.86, -2.48, 240.88, -84.77, -140.15]  d2=[7.1, 29.75, -5.46, 228.19, -59.37, -41.0]
    col j5: d1=[24.4, 13.75, 54.28, -42.83, 459.3, 0.58]  d2=[19.93, 10.03, 53.31, -37.06, 524.62, -7.56]
    col j6: d1=[-2.15, -26.83, -21.68, -158.48, -53.4, 2613.56]  d2=[-2.27, -24.16, -18.43, -150.67, -13.46, 2599.17]
=== 辨识 @ Q_INIT ===
    col j1: d1=[-26.64, 5.87, 3.74, -3.85, 24.02, 3.67]  d2=[92.48, -11.71, -2.88, 1.93, 25.31, -0.72]
    col j2: d1=[-26.82, 17.76, 12.92, 27.01, 16.97, -12.73]  d2=[-4.64, 18.96, 13.25, 28.79, 16.58, -17.57]
    col j3: d1=[4.05, 40.69, 49.82, -52.54, 58.04, 15.23]  d2=[1.25, 10.05, 44.27, -53.18, 39.95, 15.22]
    col j4: d1=[-10.86, 48.27, -44.04, 354.94, -62.14, -165.58]  d2=[26.41, 44.89, -43.32, 351.61, -44.87, -170.68]
    col j5: d1=[25.91, 17.86, 47.67, -40.16, 534.73, 9.24]  d2=[39.08, 22.35, 45.95, -41.85, 528.32, 12.15]
    col j6: d1=[0.46, -19.49, 11.68, -176.17, 10.15, 2593.49]  d2=[1.65, -13.73, 14.75, -173.54, 14.43, 2587.59]
[Q_F]
    M_hat  特征值: [0.00026, 0.001704, 0.004054, 0.020868, 0.236322, 0.266485]
    M_phys 特征值: [0.000378, 0.001404, 0.003961, 0.017778, 0.143459, 0.38975]
    特征比值 p/h : [1.45, 0.82, 0.98, 0.85, 0.61, 1.46]
    max|M_phys-M_hat| = 0.15293
    dir_b 瑞利商: 名义 0.014030 vs 物理 0.009270（比值 0.66）
[Q_INIT]
    M_hat  特征值: [0.000261, 0.001728, 0.002842, 0.025096, 0.239152, 0.28561]
    M_phys 特征值: [-0.236394, -0.006725, 0.000384, 0.001798, 0.003052, 0.057955]
    特征比值 p/h : [-906.18, -3.89, 0.13, 0.07, 0.01, 0.2]
    max|M_phys-M_hat| = 0.36010
[13.298s] Simulation App Shutting Down
