WARNING: All log messages before absl::InitializeLog() is called are written to STDERR
E0000 00:00:1787303485.336200  770473 descriptor_database.cc:633] File already exists in database: grpc/health/v1/health.proto
W0000 00:00:1787303485.336235  770473 message.cc:301] Protobuf GeneratedMessageFactory: File is already registered: grpc/health/v1/health.proto
2026-08-21T09:11:25Z [Info] [carb] Logging to file: /home/liang/isaacsim/kit/logs/Kit/Isaac-Sim Python/6.0/kit_20260821_171125.log
[0.047s] [ext: omni.assets.plugins-0.0.0] startup
[0.048s] [ext: omni.blobkey-1.1.2] startup
[0.048s] [ext: omni.kit.async_engine-0.0.3] startup
[0.293s] [ext: omni.client.lib-1.1.1] startup
[0.302s] [ext: omni.client-1.3.0] startup
[0.305s] [ext: omni.protobuf.lib-1.0.0] startup
[0.305s] [ext: omni.grpc.lib-1.0.0] startup
[0.308s] [ext: omni.metrics.core-0.0.3] startup
[0.308s] [ext: omni.datastore-0.0.0] startup
[0.309s] [ext: omni.gpu_foundation.shadercache.vulkan-1.0.0] startup
[0.312s] [ext: omni.hsscclient-1.1.4] startup
[0.313s] [ext: omni.stats-1.0.1] startup
[0.314s] [ext: omni.ujitso.default-1.0.0] startup
[0.317s] [ext: omni.gpu_foundation-0.0.0] startup
[0.459s] [ext: carb.windowing.plugins-1.0.1] startup
[0.459s] [ext: omni.kit.renderer.init-1.0.1] startup
2026-08-21T09:11:25Z [678ms] [Warning] [omni.rtx] Skipping unsupported non-NVIDIA GPU: AMD Ryzen 7 9700X 8-Core Processor (RADV RAPHAEL_MENDOCINO)
2026-08-21T09:11:25Z [679ms] [Warning] [omni.rtx] Skipping unsupported non-NVIDIA GPU: AMD Ryzen 7 9700X 8-Core Processor (RADV RAPHAEL_MENDOCINO)

|---------------------------------------------------------------------------------------------|
| Driver Version: 580.173.02    | Graphics API: Vulkan
|=============================================================================================|
| GPU | Name                             | Active | LDA | GPU Memory | Vendor-ID | LUID       |
|     |                                  |        |     |            | Device-ID | UUID       |
|     |                                  |        |     |            | Bus-ID    |            |
|---------------------------------------------------------------------------------------------|
| 0   | NVIDIA GeForce RTX 5070 Ti       | Yes: 0 |     | 16303   MB | 10de      | 0          |
|     |                                  |        |     |            | 2c05      | bee4013a.. |
|     |                                  |        |     |            | 1         |            |
|---------------------------------------------------------------------------------------------|
| 1   | AMD Ryzen 7 9700X 8-Core Proce.. |        |     | 10719   MB | 1002      | 0          |
|     |                                  |        |     |            | 13c0      | 00000000.. |
|     |                                  |        |     |            | 13        |            |
|=============================================================================================|
| OS: 24.04.4 LTS (Noble Numbat) ubuntu, Version: 24.04.4, Kernel: 7.0.0-29-generic
| XServer Vendor: The X.Org Foundation, XServer Version: 12101011 (1.21.1.11)
| Processor: AMD Ryzen 7 9700X 8-Core Processor
| Cores: 8 | Logical Cores: 16
|---------------------------------------------------------------------------------------------|
| Total Memory (MB): 31134 | Free Memory: 17825
| Total Page/Swap (MB): 8191 | Free Page/Swap: 8191
|---------------------------------------------------------------------------------------------|
2026-08-21T09:11:25Z [890ms] [Warning] [omni.rtx] CPU performance profile is set to powersave. This profile sets the CPU to the lowest frequency reducing performance.
2026-08-21T09:11:25Z [898ms] [Warning] [omni.rtx] IOMMU is enabled.
[1.009s] [ext: omni.kit.pipapi-0.0.0] startup
[1.011s] [ext: omni.kit.pip_archive-0.0.0] startup
[1.011s] [ext: isaacsim.pip.newton-0.6.0] startup
[1.011s] [ext: omni.pip.compute-1.9.0] startup
[1.011s] [ext: omni.isaac.core_archive-5.3.0] startup
[1.012s] [ext: omni.kit.telemetry-0.5.2] startup
[1.037s] [ext: omni.kit.loop-isaac-1.6.0] startup
[1.038s] [ext: omni.kit.test-2.0.7] startup
[1.088s] [ext: omni.materialx.libs-1.0.9] startup
[1.095s] [ext: omni.gpucompute.plugins-0.0.0] startup
[1.096s] [ext: omni.usd.config-1.0.7] startup
[1.099s] [ext: omni.usd.libs-1.0.3] startup
[1.164s] [ext: omni.iray.libs-0.0.1] startup
[1.167s] [ext: omni.mdl-57.0.3] startup
[1.186s] [ext: omni.mdl.neuraylib-0.2.20] startup
[1.188s] [ext: omni.kit.usd.mdl-1.1.9] startup
[1.280s] [ext: omni.appwindow-1.2.2] startup
[1.282s] [ext: omni.kit.renderer.core-1.2.2] startup
[1.633s] [ext: omni.kit.renderer.capture-2.0.1] startup
[1.635s] [ext: omni.kit.renderer.imgui-2.0.6] startup
[1.673s] [ext: omni.ui-3.1.3] startup
[1.681s] [ext: omni.kit.mainwindow-1.0.3] startup
[1.682s] [ext: carb.audio-0.1.0] startup
[1.684s] [ext: omni.uiaudio-1.0.0] startup
[1.685s] [ext: omni.kit.uiapp-0.0.0] startup
[1.685s] [ext: omni.usd.schema.metrics.assembler-110.1.0] startup
[1.687s] [ext: omni.usd.schema.audio-0.0.1] startup
[1.689s] [ext: omni.usd_resolver-1.0.0] startup
[1.692s] [ext: omni.usd.core-1.8.3] startup
[1.695s] [ext: omni.metropolis.schema-0.0.3] startup
[1.696s] [ext: isaacsim.anim.robot.schema-0.1.1] startup
[1.697s] [ext: omni.usd.schema.anim-0.0.1] startup
[1.712s] [ext: omni.usd.schema.geospatial-0.0.1] startup
[1.714s] [ext: omni.usd.schema.omnigraph-1.0.1] startup
[1.718s] [ext: omni.usd.schema.semantics-0.0.0] startup
[1.720s] [ext: omni.activity.core-1.0.3] startup
[1.721s] [ext: omni.cubric-0.1.0] startup
[1.721s] [ext: omni.graph.exec-0.9.6] startup
[1.721s] [ext: omni.hydra.scene_delegate-0.3.5] startup
[1.724s] [ext: usdrt.scenegraph-7.6.3] startup
[1.744s] [ext: omni.hydra.usdrt_delegate-7.5.2] startup
[1.748s] [ext: omni.inspect-1.0.2] startup
[1.749s] [ext: omni.kit.actions.core-1.0.0] startup
[1.750s] [ext: omni.kit.audiodeviceenum-1.0.2] startup
[1.751s] [ext: omni.kit.commands-1.5.0] startup
[1.753s] [ext: omni.kit.exec.core-0.13.5] startup
[1.754s] [ext: omni.kit.usd_undo-0.1.8] startup
[1.754s] [ext: omni.kit.window.popup_dialog-2.0.25] startup
[1.757s] [ext: omni.kit.widget.nucleus_connector-2.3.1] startup
[1.759s] [ext: omni.timeline-1.1.0] startup
[1.761s] [ext: omni.usd-1.15.2] startup
[1.788s] [ext: omni.graph.core-3.1.2] startup
[1.791s] [ext: omni.kit.notification_manager-1.0.11] startup
[1.793s] [ext: isaacsim.core.deprecation_manager-0.4.2] startup
[1.794s] [ext: isaacsim.replicator.agent.schema-0.1.1] startup
[1.795s] [ext: isaacsim.robot.schema-6.3.6] startup
[1.799s] [ext: isaacsim.robot_motion.schema-0.2.0] startup
[1.799s] [ext: omni.anim.behavior.schema-110.1.0] startup
[1.803s] [ext: omni.anim.graph.schema-110.1.1] startup
[1.807s] [ext: omni.anim.navigation.schema-110.1.0] startup
[1.810s] [ext: omni.behavior.tree.schema-110.1.0] startup
[1.811s] [ext: omni.isaac.ml_archive-3.3.0] startup
[1.812s] [ext: omni.kit.asset_converter-5.1.4] startup
[1.821s] [ext: omni.pip.cloud-1.5.3] startup
[1.823s] [ext: omni.usd.schema.flow-110.0.0] startup
[1.824s] [ext: omni.usd.schema.mujoco-1.1.0] startup
[1.824s] [ext: omni.usd.schema.newton-1.2.0] startup
[1.824s] [ext: omni.usd.schema.omni_lens_distortion-1.0.0] startup
[1.825s] [ext: omni.usd.schema.omni_projectors-1.0.0] startup
[1.825s] [ext: omni.usd.schema.omni_sensors-0.0.0] startup
[1.833s] [ext: omni.usd.schema.omniscripting-1.0.1] startup
[1.836s] [ext: omni.usd.schema.physical_lighting-0.1.0] startup
[1.838s] [ext: omni.usd.schema.physx-110.1.11] startup
[1.865s] [ext: omni.usd.schema.render_settings.rtx-1.0.2] startup
[1.868s] [ext: omni.usd.schema.usd_particle_field-1.0.0] startup
[1.869s] [ext: isaacsim.core.version-2.1.0] startup
[1.869s] [ext: omni.kit.menu.core-1.2.0] startup
[1.870s] [ext: omni.kit.menu.utils-2.2.3] startup
[1.876s] [ext: isaacsim.app.about-2.3.0] startup
[1.881s] [ext: isaacsim.asset.transformer-1.2.3] startup
[1.884s] [ext: omni.scene.optimizer.core-110.1.0] startup
[1.920s] [ext: isaacsim.asset.importer.utils-1.8.0] startup
[1.922s] [ext: omni.convexdecomposition-110.1.11] startup
[1.924s] [ext: omni.physics-110.1.11] startup
[1.928s] [ext: omni.physx.gpu-110.1.11] startup
[1.928s] [ext: omni.physx.foundation-110.1.11] startup
[1.929s] [ext: omni.usdphysics-110.1.11] startup
[1.930s] [ext: omni.physx.cooking-110.1.11] startup
[1.932s] [ext: omni.physx-110.1.11] startup
[1.939s] [ext: omni.physics.physx-110.1.11] startup
[1.940s] [ext: isaacsim.asset.exporter.urdf-2.0.3] startup
[1.948s] [ext: omni.kit.clipboard-1.1.1] startup
[1.949s] [ext: omni.kit.usd.layers-2.6.1] startup
[1.954s] [ext: omni.kit.widget.context_menu-1.4.0] startup
[1.956s] [ext: omni.kit.context_menu-1.9.0] startup
[1.957s] [ext: omni.kit.helper.file_utils-0.1.10] startup
[1.958s] [ext: omni.kit.widget.nucleus_info-2.0.2] startup
[1.959s] [ext: omni.kit.search_core-1.0.8] startup
[1.959s] [ext: omni.kit.widget.path_field-2.0.13] startup
[1.960s] [ext: omni.kit.widget.browser_bar-2.0.10] startup
[1.961s] [ext: omni.kit.widget.filebrowser-2.13.4] startup
[1.964s] [ext: omni.kit.widget.options_menu-1.1.6] startup
[1.966s] [ext: omni.kit.widget.options_button-1.0.3] startup
[1.967s] [ext: omni.kit.widget.search_delegate-1.0.9] startup
[1.967s] [ext: omni.ui.scene-2.0.1] startup
[1.971s] [ext: omni.kit.window.filepicker-2.15.5] startup
[1.981s] [ext: omni.kit.window.file_importer-1.1.21] startup
[1.983s] [ext: omni.kit.material.library-3.1.2] startup
[1.987s] [ext: isaacsim.asset.transformer.rules-1.7.8] startup
[1.995s] [ext: omni.usdex.libs-2.2.2] startup
[2.001s] [ext: isaacsim.asset.importer.mjcf-3.10.0] startup
[2.002s] [ext: isaacsim.asset.importer.urdf-3.11.0] startup
[2.005s] [ext: omni.kit.primitive.mesh-1.1.0] startup
[2.007s] [ext: omni.kit.stage_template.core-1.1.22] startup
[2.007s] [ext: omni.kit.stage_templates-2.0.2] startup
[2.009s] [ext: omni.usd.metrics.assembler-110.1.2] startup
[2.011s] [ext: omni.warp.core-1.13.0] startup
[2.169s] [ext: isaacsim.core.experimental.utils-0.17.1] startup
[2.170s] [ext: omni.physics.stageupdate-110.1.11] startup
[2.171s] [ext: omni.physics.tensors-110.1.11] startup
[2.175s] [ext: omni.physx.tensors-110.1.11] startup
[2.179s] [ext: isaacsim.core.simulation_manager-1.15.4] startup
2026-08-21T09:11:27Z [2,168ms] [Warning] [isaacsim.core.simulation_manager.plugin] USD stage is not available; stage-opened subscription is deferred
2026-08-21T09:11:27Z [2,168ms] [Warning] [isaacsim.core.simulation_manager.plugin] USD stage is not available; stage-opened subscription is deferred
[2.190s] [ext: isaacsim.storage.native-1.9.2] startup
[2.191s] [ext: omni.usd.metrics.assembler.physics-110.1.11] startup
[2.193s] [ext: isaacsim.core.utils-4.1.6] startup
[2.195s] [ext: isaacsim.core.prims-0.11.6] startup
[3.139s] [ext: isaacsim.core.api-5.2.12] startup
[3.146s] [ext: isaacsim.core.cloner-1.7.2] startup
[3.148s] [ext: isaacsim.test.docstring-1.3.1] startup
[3.151s] [ext: isaacsim.core.experimental.prims-1.8.8] startup
[3.173s] [ext: isaacsim.core.experimental.primdata-0.3.2] startup
[3.176s] [ext: omni.graph.tools-1.81.0] startup
[3.195s] [ext: omni.graph-1.142.5] startup
[3.228s] [ext: isaacsim.core.experimental.actuators-0.1.0] startup
[4.972s] [ext: isaacsim.core.experimental.materials-0.7.0] startup
[4.975s] [ext: isaacsim.core.experimental.objects-0.8.0] startup
[5.030s] [ext: omni.hydra.engine.stats-1.0.5] startup
[5.032s] [ext: omni.hydra.rtx.shadercache.vulkan-1.0.0] startup
[5.033s] [ext: omni.index.libs-387500.3473.0] startup
[5.033s] [ext: omni.index-1.0.1] startup
[5.033s] [ext: omni.ujitso.client-0.0.0] startup
[5.034s] [ext: omni.usd.schema.playback-1.0.0] startup
[5.036s] [ext: omni.volume-0.5.2] startup
[5.040s] [ext: omni.hydra.rtx-1.0.3] startup
2026-08-21T09:11:30Z [5,029ms] [Warning] [omni.log] Source: omni.hydra was already registered.
[5.063s] [ext: omni.kit.hydra_texture-1.6.0] startup
[5.066s] [ext: omni.kit.raycast.query-1.2.0] startup
[5.069s] [ext: omni.kit.viewport.legacy_gizmos-1.0.24] startup
[5.071s] [ext: omni.kit.viewport.registry-104.0.6] startup
[5.072s] [ext: omni.kit.viewport.scene_camera_model-1.0.7] startup
[5.075s] [ext: omni.kit.widget.viewport-109.2.0] startup
[5.080s] [ext: omni.kit.window.drop_support-1.0.8] startup
[5.080s] [ext: omni.kit.viewport.window-109.0.2] startup
[5.096s] [ext: omni.kit.viewport.utility-2.0.1] startup
[5.097s] [ext: isaacsim.core.rendering_manager-0.4.2] startup
[5.113s] [ext: omni.graph.action_core-1.1.9] startup
[5.115s] [ext: omni.graph.action_nodes_core-2.10.2] startup
[5.117s] [ext: omni.graph.action_nodes-2.10.3] startup
[5.133s] [ext: omni.graph.action-2.10.2] startup
[5.134s] [ext: omni.graph.image.core-0.6.1] startup
[5.135s] [ext: omni.graph.image.nodes-1.3.1] startup
[5.135s] [ext: omni.graph.nodes_core-2.10.3] startup
[5.140s] [ext: omni.graph.nodes-2.11.1] startup
[5.146s] [ext: omni.kit.hotkeys.core-1.3.12] startup
[5.147s] [ext: omni.kit.property.adapter.core-1.1.1] startup
[5.149s] [ext: omni.kit.property.adapter.usd-1.0.5] startup
[5.151s] [ext: omni.kit.widget.filter-1.1.5] startup
[5.151s] [ext: omni.kit.widget.highlight_label-1.0.3] startup
[5.152s] [ext: omni.kit.widget.searchfield-1.1.8] startup
[5.153s] [ext: omni.kit.window.file_exporter-1.0.36] startup
[5.154s] [ext: omni.kit.widget.stage-4.3.0] startup
[5.163s] [ext: omni.kit.window.content_browser_registry-0.0.6] startup
[5.163s] [ext: omni.kit.window.file-2.0.10] startup
[5.166s] [ext: omni.kit.window.content_browser-3.1.8] startup
[5.175s] [ext: omni.kit.window.property-1.15.1] startup
[5.186s] [ext: omni.kit.property.usd-4.8.1] startup
[5.197s] [ext: omni.graph.scriptnode-2.10.2] startup
[5.204s] [ext: omni.kit.widget.searchable_combobox-1.0.7] startup
[5.205s] [ext: omni.kit.widget.settings-2.0.0] startup
[5.207s] [ext: omni.kit.window.preferences-1.8.3] startup
[5.212s] [ext: omni.kit.viewport.menubar.core-107.2.2] startup
[5.222s] [ext: omni.syntheticdata-0.6.15] startup
[5.248s] [ext: omni.replicator.nv-1.1.1] startup
[5.253s] [ext: omni.videoencoding-0.2.1] startup
[5.254s] [ext: omni.replicator.core-1.13.25] startup
2026-08-21T09:11:30Z [5,243ms] [Warning] [pxr.Semantics] pxr.Semantics is deprecated - please use Semantics instead
2026-08-21T09:11:30Z [5,307ms] [Warning] [omni.replicator.core.scripts.extension] No material configuration file, adding configuration to material settings directly.
[5.453s] [ext: isaacsim.core.nodes-5.10.4] startup
[5.482s] [ext: isaacsim.core.throttling-2.3.3] startup
[5.483s] [ext: omni.kit.manipulator.viewport-107.0.1] startup
[5.484s] [ext: omni.graph.visualization.nodes-2.1.4] startup
[5.496s] [ext: omni.kit.window.extensions-1.5.7] startup
[5.501s] [ext: isaacsim.gui.components-1.8.4] startup
[5.505s] [ext: isaacsim.robot.surface_gripper-3.6.1] startup
[5.517s] [ext: isaacsim.robot.manipulators-3.4.4] startup
[5.527s] [ext: isaacsim.robot_motion.lula-4.1.2] startup
[5.533s] [ext: isaacsim.robot_motion.motion_generation-8.2.8] startup
[5.538s] [ext: isaacsim.cortex.framework-1.0.17] startup
[5.540s] [ext: isaacsim.cortex.behaviors-2.0.16] startup
[5.542s] [ext: isaacsim.examples.base-1.3.1] startup
[5.544s] [ext: omni.kit.widget.zoombar-1.0.7] startup
[5.545s] [ext: omni.kit.browser.core-2.3.18] startup
[5.548s] [ext: omni.kit.browser.folder.core-2.0.2] startup
[5.552s] [ext: omni.kit.widget.stage_icons-1.0.8] startup
[5.553s] [ext: omni.kit.window.stage-2.6.1] startup
[5.556s] [ext: omni.kit.menu.stage-1.2.7] startup
[5.557s] [ext: omni.kit.usd.collect-3.0.5] startup
[5.561s] [ext: omni.kit.widget.prompt-1.0.7] startup
[5.561s] [ext: omni.kit.tool.collect-2.2.19] startup
[5.564s] [ext: isaacsim.examples.browser-0.3.1] startup
[5.566s] [ext: omni.kit.search.files-1.0.4] startup
[5.567s] [ext: omni.kit.widget.calendar-1.0.9] startup
[5.568s] [ext: omni.kit.widget.extended_searchfield-1.0.31] startup
[5.576s] [ext: omni.simready.content.browser-0.3.7] startup
[5.672s] [ext: isaacsim.gui.content_browser-0.4.2] startup
[5.674s] [ext: omni.kit.selection-0.1.6] startup
[5.676s] [ext: isaacsim.gui.menu-2.10.5] startup
[5.684s] [ext: isaacsim.gui.property-1.6.2] startup
[5.690s] [ext: omni.kit.viewport.actions-107.0.2] startup
[5.694s] [ext: omni.kit.viewport.menubar.display-107.1.3] startup
[5.696s] [ext: isaacsim.gui.sensors.icon-2.2.0] startup
[5.699s] [ext: omni.behavior.scripting.core-110.1.0] startup
[5.702s] [ext: isaacsim.replicator.behavior-1.5.3] startup
[5.702s] [ext: isaacsim.replicator.experimental.domain_randomization-1.2.4] startup
[5.717s] [ext: isaacsim.replicator.domain_randomization-1.2.1] startup
[5.789s] [ext: isaacsim.replicator.writers-1.5.3] startup
[5.823s] [ext: isaacsim.robot.experimental.wheeled_robots-0.2.9] startup
[5.851s] [ext: isaacsim.robot.policy.examples-5.2.11] startup
[5.870s] [ext: isaacsim.robot.wheeled_robots-5.2.3] startup
[5.874s] [ext: isaacsim.robot.wheeled_robots.nodes-0.1.2] startup
[5.891s] [ext: isaacsim.robot_motion.experimental.motion_generation-6.1.2] startup
[5.902s] [ext: isaacsim.robot_motion.cumotion-1.3.0] startup
[5.915s] [ext: omni.kit.numpy.common-0.1.3] startup
[5.916s] [ext: isaacsim.sensors.camera-1.7.8] startup
[5.942s] [ext: isaacsim.sensors.experimental.physics-3.0.1] startup
[5.950s] [ext: omni.sensors.net-1.0.1] startup
[5.952s] [ext: omni.sensors.nv.common-3.0.0] startup
[5.962s] [ext: omni.sensors.nv.materials-2.0.0] startup
[5.965s] [ext: omni.sensors.nv.acoustic-3.0.0] startup
[5.967s] [ext: omni.sensors.nv.ids-2.0.1] startup
[5.978s] [ext: omni.sensors.nv.lidar-3.0.0] startup
[5.982s] [ext: omni.sensors.nv.radar-3.0.0] startup
[5.984s] [ext: isaacsim.sensors.experimental.rtx-1.4.3] startup
[6.223s] [ext: isaacsim.sensors.physics.nodes-1.5.2] startup
[6.230s] [ext: isaacsim.util.debug_draw-3.2.2] startup
[6.235s] [ext: isaacsim.sensors.physx-2.5.4] startup
[6.243s] [ext: isaacsim.sensors.rtx-15.17.0] startup
[6.254s] [ext: isaacsim.simulation_app-2.18.3] startup
[6.255s] [ext: omni.anim.curve.core-1.6.0] startup
[6.265s] [ext: omni.graph.ui_nodes-2.10.5] startup
[6.287s] [ext: omni.hydra.scene_api-0.1.3] startup
[6.291s] [ext: omni.kit.manipulator.camera-110.0.0] startup
[6.295s] [ext: omni.kit.manipulator.selector-1.1.4] startup
[6.297s] [ext: omni.kit.manipulator.transform-107.0.0] startup
[6.301s] [ext: omni.kit.widget.toolbar-2.1.0] startup
[6.306s] [ext: omni.kit.manipulator.tool.snap-1.5.14] startup
[6.310s] [ext: omni.kit.viewport.manipulator.transform-107.0.4] startup
[6.312s] [ext: omni.kit.manipulator.prim.core-108.0.2] startup
[6.317s] [ext: omni.kit.manipulator.prim.usd-107.0.3] startup
[6.318s] [ext: omni.kit.manipulator.prim-108.0.0] startup
[6.318s] [ext: omni.kit.manipulator.selection-109.0.1] startup
[6.319s] [ext: omni.kit.menu.create-2.0.2] startup
[6.321s] [ext: omni.kit.property.audio-1.0.16] startup
[6.324s] [ext: omni.kit.property.camera-1.0.14] startup
[6.326s] [ext: omni.kit.property.geometry-2.1.2] startup
[6.329s] [ext: omni.kit.property.light-1.0.14] startup
2026-08-21T09:11:31Z [6,329ms] [Warning] [omni.usd] Encountered USD Warnings but USD Diagnostics are currently muted. To view USD Warnings, please set the '/persistent/app/usd/muteUsdDiagnostics' setting to false in Preferences page.
[6.357s] [ext: omni.kit.property.material-1.14.2] startup
[6.365s] [ext: omni.kit.property.render-1.2.2] startup
[6.366s] [ext: omni.kit.property.transform-1.6.9] startup
[6.369s] [ext: omni.kit.property.bundle-1.5.1] startup
[6.370s] [ext: omni.kit.usdz_export-1.1.0] startup
[6.372s] [ext: omni.kit.tool.asset_importer-5.2.0] startup
[6.378s] [ext: omni.kit.ui.actions-1.0.5] startup
[6.380s] [ext: omni.kit.viewport.menubar.camera-107.0.10] startup
[6.384s] [ext: omni.kit.viewport.menubar.lighting-107.3.2] startup
[6.386s] [ext: omni.kit.viewport.menubar.render-107.0.10] startup
[6.388s] [ext: omni.kit.viewport.menubar.settings-110.0.1] startup
[6.392s] [ext: omni.kit.window.console-1.1.8] startup
[6.397s] [ext: omni.kit.window.status_bar-0.1.11] startup
[6.399s] [ext: omni.kit.window.toolbar-3.0.3] startup
[6.401s] [ext: omni.ocio-0.1.1] startup
[6.402s] [ext: omni.physx.commands-110.1.11] startup
[6.406s] [ext: omni.replicator.replicator_yaml-2.0.12] startup
[6.415s] [ext: omni.rtx.window.settings-0.8.0] startup
[6.423s] [ext: omni.rtx.settings.core-0.7.0] startup
[6.426s] [ext: omni.usd.metrics.assembler.ui-110.1.1] startup
[6.433s] [ext: semantics.schema.editor-2.0.2] startup
[6.435s] [ext: semantics.schema.property-2.0.1] startup
[6.437s] [ext: omni.kit.menu.common-2.0.2] startup
[6.438s] [ext: isaacsim.exp.base-6.0.0] startup
[6.438s] [ext: isaacsim.exp.base.python-6.0.0] startup
[6.439s] Simulation App Starting
[7.511s] Simulation App Startup Complete
[7.519s] app ready
Starting kit application with the following args:  ['/home/liang/isaacsim/exts/isaacsim.simulation_app/isaacsim/simulation_app/simulation_app.py', '/home/liang/isaacsim/apps/isaacsim.exp.base.python.kit', '--/app/tokens/exe-path=/home/liang/isaacsim/kit', '--/persistent/app/viewport/displayOptions=3094', '--/rtx/materialDb/syncLoads=True', '--/rtx/hydra/materialSyncLoads=True', '--/omni.kit.plugin/syncUsdLoads=True', '--/app/renderer/resolution/width=1280', '--/app/renderer/resolution/height=720', '--/app/window/width=1440', '--/app/window/height=900', '--/renderer/multiGpu/enabled=True', '--/app/fastShutdown=True', '--/app/installSignalHandlers=0', '--ext-folder', '/home/liang/isaacsim/exts', '--ext-folder', '/home/liang/isaacsim/apps', '--/physics/cudaDevice=0', '--/plugins/carb.tasking.plugin/threadCount=16', '--/plugins/omni.tbb.globalcontrol/maxThreadCount=16', '--portable', '--no-window', '--/app/window/hideUi=1']
Passing the following args to the base kit application:  []
Warp 1.13.0 initialized:
   CUDA Toolkit 12.9, Driver 13.0
   Devices:
     "cpu"      : "x86_64"
     "cuda:0"   : "NVIDIA GeForce RTX 5070 Ti" (15 GiB, sm_120, mempool enabled)
   Kernel cache:
     /home/liang/.cache/warp/1.13.0
[isaac] DOF=['joint1', 'joint2', 'joint3', 'joint4', 'joint5', 'joint6', 'gripper_joint1', 'gripper_joint2']  手指行程上限=0.0715 m
[isaac] 场景就绪：USD=/home/liang/Documents/code/HyperdualQuaternions_modeling_robotic/reBot-Isaacsim/usd/reBot_B601_DM/reBot_B601_DM.usda
[isaac]           prim=/World/B601  dt=0.0020s  立方体=[0.4846, -0.1232, 0.0225]
Xform        /World/B601
Scope        /World/B601/Geometry
Xform        /World/B601/Geometry/base_link
Xform        /World/B601/Geometry/base_link/link1
Xform        /World/B601/Geometry/base_link/link1/link2
Xform        /World/B601/Geometry/base_link/link1/link2/link3
Xform        /World/B601/Geometry/base_link/link1/link2/link3/link4
Xform        /World/B601/Geometry/base_link/link1/link2/link3/link4/link5
Xform        /World/B601/Geometry/base_link/link1/link2/link3/link4/link5/link6
Xform        /World/B601/Geometry/base_link/link1/link2/link3/link4/link5/link6/gripper_link
Xform        /World/B601/Geometry/base_link/link1/link2/link3/link4/link5/link6/gripper_link/gripper_left
Xform        /World/B601/Geometry/base_link/link1/link2/link3/link4/link5/link6/gripper_link/gripper_left/Lpla
Xform        /World/B601/Geometry/base_link/link1/link2/link3/link4/link5/link6/gripper_link/gripper_left/Lcnc
Xform        /World/B601/Geometry/base_link/link1/link2/link3/link4/link5/link6/gripper_link/gripper_left/gripper_left
Xform        /World/B601/Geometry/base_link/link1/link2/link3/link4/link5/link6/gripper_link/gripper_right
Xform        /World/B601/Geometry/base_link/link1/link2/link3/link4/link5/link6/gripper_link/gripper_right/Rpla
Xform        /World/B601/Geometry/base_link/link1/link2/link3/link4/link5/link6/gripper_link/gripper_right/Rcnc
Xform        /World/B601/Geometry/base_link/link1/link2/link3/link4/link5/link6/gripper_link/gripper_right/gripper_right
Xform        /World/B601/Geometry/base_link/link1/link2/link3/link4/link5/link6/gripper_link/pla7_black
Xform        /World/B601/Geometry/base_link/link1/link2/link3/link4/link5/link6/gripper_link/motor7
Xform        /World/B601/Geometry/base_link/link1/link2/link3/link4/link5/link6/gripper_link/cnc7
Xform        /World/B601/Geometry/base_link/link1/link2/link3/link4/link5/link6/gripper_link/pla7_green
Xform        /World/B601/Geometry/base_link/link1/link2/link3/link4/link5/link6/gripper_link/gripper_link
Xform        /World/B601/Geometry/base_link/link1/link2/link3/link4/link5/link6/link6
Xform        /World/B601/Geometry/base_link/link1/link2/link3/link4/link5/link6/link6_1
Xform        /World/B601/Geometry/base_link/link1/link2/link3/link4/link5/cnc5
Xform        /World/B601/Geometry/base_link/link1/link2/link3/link4/link5/pla5_black
Xform        /World/B601/Geometry/base_link/link1/link2/link3/link4/link5/pla5_white
Xform        /World/B601/Geometry/base_link/link1/link2/link3/link4/link5/motor5
Xform        /World/B601/Geometry/base_link/link1/link2/link3/link4/link5/link5
Xform        /World/B601/Geometry/base_link/link1/link2/link3/link4/cnc4
Xform        /World/B601/Geometry/base_link/link1/link2/link3/link4/pla4_black
Xform        /World/B601/Geometry/base_link/link1/link2/link3/link4/motor4
Xform        /World/B601/Geometry/base_link/link1/link2/link3/link4/link4
Xform        /World/B601/Geometry/base_link/link1/link2/link3/cnc3
Xform        /World/B601/Geometry/base_link/link1/link2/link3/pla3_black
Xform        /World/B601/Geometry/base_link/link1/link2/link3/pla3_green
Xform        /World/B601/Geometry/base_link/link1/link2/link3/motor3
Xform        /World/B601/Geometry/base_link/link1/link2/link3/link3
Xform        /World/B601/Geometry/base_link/link1/link2/pla2_green
Xform        /World/B601/Geometry/base_link/link1/link2/pla2_black
Xform        /World/B601/Geometry/base_link/link1/link2/motor2
Xform        /World/B601/Geometry/base_link/link1/link2/cnc2
Xform        /World/B601/Geometry/base_link/link1/link2/link2
Xform        /World/B601/Geometry/base_link/link1/cnc1
Xform        /World/B601/Geometry/base_link/link1/pla1_black
Xform        /World/B601/Geometry/base_link/link1/link1
Xform        /World/B601/Geometry/base_link/pla0_black
Xform        /World/B601/Geometry/base_link/cnc0
Xform        /World/B601/Geometry/base_link/base_link
Scope        /World/B601/Physics
PhysicsFixedJoint /World/B601/Physics/root_joint
PhysicsRevoluteJoint /World/B601/Physics/joint1
PhysicsRevoluteJoint /World/B601/Physics/joint2
PhysicsRevoluteJoint /World/B601/Physics/joint3
PhysicsRevoluteJoint /World/B601/Physics/joint4
PhysicsRevoluteJoint /World/B601/Physics/joint5
PhysicsRevoluteJoint /World/B601/Physics/joint6
PhysicsFixedJoint /World/B601/Physics/gripper_joint
PhysicsPrismaticJoint /World/B601/Physics/gripper_joint1
PhysicsPrismaticJoint /World/B601/Physics/gripper_joint2
Scope        /World/B601/Materials
Scope        /World/B601/VisualMaterials
Xform        /World/B601/Chess_Queen
Scope        /World/B601/Chess_Queen/Looks
Material     /World/B601/Chess_Queen/Looks/White
Shader       /World/B601/Chess_Queen/Looks/White/Shader
Material     /World/B601/Chess_Queen/Looks/Black
Shader       /World/B601/Chess_Queen/Looks/Black/Shader
total prims: 69
[17.896s] Simulation App Shutting Down
