WARNING: All log messages before absl::InitializeLog() is called are written to STDERR
E0000 00:00:1787310825.925941 1623416 descriptor_database.cc:633] File already exists in database: grpc/health/v1/health.proto
W0000 00:00:1787310825.925977 1623416 message.cc:301] Protobuf GeneratedMessageFactory: File is already registered: grpc/health/v1/health.proto
2026-08-21T11:13:45Z [Info] [carb] Logging to file: /home/liang/isaacsim/kit/logs/Kit/Isaac-Sim Python/6.0/kit_20260821_191345.log
[0.051s] [ext: omni.assets.plugins-0.0.0] startup
[0.052s] [ext: omni.blobkey-1.1.2] startup
[0.052s] [ext: omni.kit.async_engine-0.0.3] startup
[0.302s] [ext: omni.client.lib-1.1.1] startup
[0.311s] [ext: omni.client-1.3.0] startup
[0.314s] [ext: omni.protobuf.lib-1.0.0] startup
[0.314s] [ext: omni.grpc.lib-1.0.0] startup
[0.318s] [ext: omni.metrics.core-0.0.3] startup
[0.318s] [ext: omni.datastore-0.0.0] startup
[0.318s] [ext: omni.gpu_foundation.shadercache.vulkan-1.0.0] startup
[0.322s] [ext: omni.hsscclient-1.1.4] startup
[0.322s] [ext: omni.stats-1.0.1] startup
[0.323s] [ext: omni.ujitso.default-1.0.0] startup
[0.325s] [ext: omni.gpu_foundation-0.0.0] startup
[0.469s] [ext: carb.windowing.plugins-1.0.1] startup
[0.469s] [ext: omni.kit.renderer.init-1.0.1] startup
2026-08-21T11:13:46Z [663ms] [Warning] [omni.rtx] Skipping unsupported non-NVIDIA GPU: AMD Ryzen 7 9700X 8-Core Processor (RADV RAPHAEL_MENDOCINO)
2026-08-21T11:13:46Z [663ms] [Warning] [omni.rtx] Skipping unsupported non-NVIDIA GPU: AMD Ryzen 7 9700X 8-Core Processor (RADV RAPHAEL_MENDOCINO)

|---------------------------------------------------------------------------------------------|
| Driver Version: 580.173.02    | Graphics API: Vulkan
|=============================================================================================|
| GPU | Name                             | Active | LDA | GPU Memory | Vendor-ID | LUID       |
|     |                                  |        |     |            | Device-ID | UUID       |
|     |                                  |        |     |            | Bus-ID    |            |
|---------------------------------------------------------------------------------------------|
| 0   | NVIDIA GeForce RTX 5070 Ti       | Yes: 0 |     | 16303   MB | 10de      | 0          |
|     |                                  |        |     |            | 2c05      | bee4013a.. |
|     |                                  |        |     |            | 1         |            |
|---------------------------------------------------------------------------------------------|
| 1   | AMD Ryzen 7 9700X 8-Core Proce.. |        |     | 10719   MB | 1002      | 0          |
|     |                                  |        |     |            | 13c0      | 00000000.. |
|     |                                  |        |     |            | 13        |            |
|=============================================================================================|
| OS: 24.04.4 LTS (Noble Numbat) ubuntu, Version: 24.04.4, Kernel: 7.0.0-29-generic
| XServer Vendor: The X.Org Foundation, XServer Version: 12101011 (1.21.1.11)
| Processor: AMD Ryzen 7 9700X 8-Core Processor
| Cores: 8 | Logical Cores: 16
|---------------------------------------------------------------------------------------------|
| Total Memory (MB): 31134 | Free Memory: 16475
| Total Page/Swap (MB): 8191 | Free Page/Swap: 8191
|---------------------------------------------------------------------------------------------|
2026-08-21T11:13:46Z [880ms] [Warning] [omni.rtx] CPU performance profile is set to powersave. This profile sets the CPU to the lowest frequency reducing performance.
2026-08-21T11:13:46Z [889ms] [Warning] [omni.rtx] IOMMU is enabled.
[1.006s] [ext: omni.kit.pipapi-0.0.0] startup
[1.008s] [ext: omni.kit.pip_archive-0.0.0] startup
[1.008s] [ext: isaacsim.pip.newton-0.6.0] startup
[1.008s] [ext: omni.pip.compute-1.9.0] startup
[1.008s] [ext: omni.isaac.core_archive-5.3.0] startup
[1.008s] [ext: omni.kit.telemetry-0.5.2] startup
[1.033s] [ext: omni.kit.loop-isaac-1.6.0] startup
[1.034s] [ext: omni.kit.test-2.0.7] startup
[1.083s] [ext: omni.materialx.libs-1.0.9] startup
[1.089s] [ext: omni.gpucompute.plugins-0.0.0] startup
[1.089s] [ext: omni.usd.config-1.0.7] startup
[1.092s] [ext: omni.usd.libs-1.0.3] startup
[1.157s] [ext: omni.iray.libs-0.0.1] startup
[1.161s] [ext: omni.mdl-57.0.3] startup
[1.178s] [ext: omni.mdl.neuraylib-0.2.20] startup
[1.180s] [ext: omni.kit.usd.mdl-1.1.9] startup
[1.271s] [ext: omni.appwindow-1.2.2] startup
[1.273s] [ext: omni.kit.renderer.core-1.2.2] startup
[1.631s] [ext: omni.kit.renderer.capture-2.0.1] startup
[1.633s] [ext: omni.kit.renderer.imgui-2.0.6] startup
[1.679s] [ext: omni.ui-3.1.3] startup
[1.688s] [ext: omni.kit.mainwindow-1.0.3] startup
[1.689s] [ext: carb.audio-0.1.0] startup
[1.691s] [ext: omni.uiaudio-1.0.0] startup
[1.691s] [ext: omni.kit.uiapp-0.0.0] startup
[1.691s] [ext: omni.usd.schema.metrics.assembler-110.1.0] startup
[1.693s] [ext: omni.usd.schema.audio-0.0.1] startup
[1.696s] [ext: omni.usd_resolver-1.0.0] startup
[1.698s] [ext: omni.usd.core-1.8.3] startup
[1.701s] [ext: omni.metropolis.schema-0.0.3] startup
[1.702s] [ext: isaacsim.anim.robot.schema-0.1.1] startup
[1.703s] [ext: omni.usd.schema.anim-0.0.1] startup
[1.716s] [ext: omni.usd.schema.geospatial-0.0.1] startup
[1.718s] [ext: omni.usd.schema.omnigraph-1.0.1] startup
[1.723s] [ext: omni.usd.schema.semantics-0.0.0] startup
[1.725s] [ext: omni.activity.core-1.0.3] startup
[1.726s] [ext: omni.cubric-0.1.0] startup
[1.726s] [ext: omni.graph.exec-0.9.6] startup
[1.726s] [ext: omni.hydra.scene_delegate-0.3.5] startup
[1.729s] [ext: usdrt.scenegraph-7.6.3] startup
[1.750s] [ext: omni.hydra.usdrt_delegate-7.5.2] startup
[1.756s] [ext: omni.inspect-1.0.2] startup
[1.757s] [ext: omni.kit.actions.core-1.0.0] startup
[1.758s] [ext: omni.kit.audiodeviceenum-1.0.2] startup
[1.759s] [ext: omni.kit.commands-1.5.0] startup
[1.762s] [ext: omni.kit.exec.core-0.13.5] startup
[1.762s] [ext: omni.kit.usd_undo-0.1.8] startup
[1.763s] [ext: omni.kit.window.popup_dialog-2.0.25] startup
[1.765s] [ext: omni.kit.widget.nucleus_connector-2.3.1] startup
[1.768s] [ext: omni.timeline-1.1.0] startup
[1.771s] [ext: omni.usd-1.15.2] startup
[1.800s] [ext: omni.graph.core-3.1.2] startup
[1.803s] [ext: omni.kit.notification_manager-1.0.11] startup
[1.805s] [ext: isaacsim.core.deprecation_manager-0.4.2] startup
[1.806s] [ext: isaacsim.replicator.agent.schema-0.1.1] startup
[1.806s] [ext: isaacsim.robot.schema-6.3.6] startup
[1.811s] [ext: isaacsim.robot_motion.schema-0.2.0] startup
[1.811s] [ext: omni.anim.behavior.schema-110.1.0] startup
[1.814s] [ext: omni.anim.graph.schema-110.1.1] startup
[1.821s] [ext: omni.anim.navigation.schema-110.1.0] startup
[1.823s] [ext: omni.behavior.tree.schema-110.1.0] startup
[1.824s] [ext: omni.isaac.ml_archive-3.3.0] startup
[1.824s] [ext: omni.kit.asset_converter-5.1.4] startup
[1.834s] [ext: omni.pip.cloud-1.5.3] startup
[1.836s] [ext: omni.usd.schema.flow-110.0.0] startup
[1.837s] [ext: omni.usd.schema.mujoco-1.1.0] startup
[1.837s] [ext: omni.usd.schema.newton-1.2.0] startup
[1.838s] [ext: omni.usd.schema.omni_lens_distortion-1.0.0] startup
[1.839s] [ext: omni.usd.schema.omni_projectors-1.0.0] startup
[1.839s] [ext: omni.usd.schema.omni_sensors-0.0.0] startup
[1.846s] [ext: omni.usd.schema.omniscripting-1.0.1] startup
[1.849s] [ext: omni.usd.schema.physical_lighting-0.1.0] startup
[1.853s] [ext: omni.usd.schema.physx-110.1.11] startup
[1.878s] [ext: omni.usd.schema.render_settings.rtx-1.0.2] startup
[1.881s] [ext: omni.usd.schema.usd_particle_field-1.0.0] startup
[1.882s] [ext: isaacsim.core.version-2.1.0] startup
[1.882s] [ext: omni.kit.menu.core-1.2.0] startup
[1.883s] [ext: omni.kit.menu.utils-2.2.3] startup
[1.890s] [ext: isaacsim.app.about-2.3.0] startup
[1.894s] [ext: isaacsim.asset.transformer-1.2.3] startup
[1.896s] [ext: omni.scene.optimizer.core-110.1.0] startup
[1.932s] [ext: isaacsim.asset.importer.utils-1.8.0] startup
[1.934s] [ext: omni.convexdecomposition-110.1.11] startup
[1.937s] [ext: omni.physics-110.1.11] startup
[1.940s] [ext: omni.physx.gpu-110.1.11] startup
[1.940s] [ext: omni.physx.foundation-110.1.11] startup
[1.941s] [ext: omni.usdphysics-110.1.11] startup
[1.942s] [ext: omni.physx.cooking-110.1.11] startup
[1.944s] [ext: omni.physx-110.1.11] startup
[1.953s] [ext: omni.physics.physx-110.1.11] startup
[1.955s] [ext: isaacsim.asset.exporter.urdf-2.0.3] startup
[1.962s] [ext: omni.kit.clipboard-1.1.1] startup
[1.963s] [ext: omni.kit.usd.layers-2.6.1] startup
[1.969s] [ext: omni.kit.widget.context_menu-1.4.0] startup
[1.971s] [ext: omni.kit.context_menu-1.9.0] startup
[1.972s] [ext: omni.kit.helper.file_utils-0.1.10] startup
[1.973s] [ext: omni.kit.widget.nucleus_info-2.0.2] startup
[1.974s] [ext: omni.kit.search_core-1.0.8] startup
[1.974s] [ext: omni.kit.widget.path_field-2.0.13] startup
[1.975s] [ext: omni.kit.widget.browser_bar-2.0.10] startup
[1.975s] [ext: omni.kit.widget.filebrowser-2.13.4] startup
[1.979s] [ext: omni.kit.widget.options_menu-1.1.6] startup
[1.981s] [ext: omni.kit.widget.options_button-1.0.3] startup
[1.981s] [ext: omni.kit.widget.search_delegate-1.0.9] startup
[1.982s] [ext: omni.ui.scene-2.0.1] startup
[1.987s] [ext: omni.kit.window.filepicker-2.15.5] startup
[1.998s] [ext: omni.kit.window.file_importer-1.1.21] startup
[2.000s] [ext: omni.kit.material.library-3.1.2] startup
[2.005s] [ext: isaacsim.asset.transformer.rules-1.7.8] startup
[2.013s] [ext: omni.usdex.libs-2.2.2] startup
[2.022s] [ext: isaacsim.asset.importer.mjcf-3.10.0] startup
[2.023s] [ext: isaacsim.asset.importer.urdf-3.11.0] startup
[2.027s] [ext: omni.kit.primitive.mesh-1.1.0] startup
[2.029s] [ext: omni.kit.stage_template.core-1.1.22] startup
[2.029s] [ext: omni.kit.stage_templates-2.0.2] startup
[2.030s] [ext: omni.usd.metrics.assembler-110.1.2] startup
[2.033s] [ext: omni.warp.core-1.13.0] startup
[2.192s] [ext: isaacsim.core.experimental.utils-0.17.1] startup
[2.193s] [ext: omni.physics.stageupdate-110.1.11] startup
[2.195s] [ext: omni.physics.tensors-110.1.11] startup
[2.199s] [ext: omni.physx.tensors-110.1.11] startup
[2.202s] [ext: isaacsim.core.simulation_manager-1.15.4] startup
2026-08-21T11:13:47Z [2,190ms] [Warning] [isaacsim.core.simulation_manager.plugin] USD stage is not available; stage-opened subscription is deferred
2026-08-21T11:13:47Z [2,190ms] [Warning] [isaacsim.core.simulation_manager.plugin] USD stage is not available; stage-opened subscription is deferred
[2.214s] [ext: isaacsim.storage.native-1.9.2] startup
[2.216s] [ext: omni.usd.metrics.assembler.physics-110.1.11] startup
[2.217s] [ext: isaacsim.core.utils-4.1.6] startup
[2.220s] [ext: isaacsim.core.prims-0.11.6] startup
[3.191s] [ext: isaacsim.core.api-5.2.12] startup
[3.196s] [ext: isaacsim.core.cloner-1.7.2] startup
[3.197s] [ext: isaacsim.test.docstring-1.3.1] startup
[3.201s] [ext: isaacsim.core.experimental.prims-1.8.8] startup
[3.222s] [ext: isaacsim.core.experimental.primdata-0.3.2] startup
[3.224s] [ext: omni.graph.tools-1.81.0] startup
[3.243s] [ext: omni.graph-1.142.5] startup
[3.275s] [ext: isaacsim.core.experimental.actuators-0.1.0] startup
[5.064s] [ext: isaacsim.core.experimental.materials-0.7.0] startup
[5.067s] [ext: isaacsim.core.experimental.objects-0.8.0] startup
[5.121s] [ext: omni.hydra.engine.stats-1.0.5] startup
[5.124s] [ext: omni.hydra.rtx.shadercache.vulkan-1.0.0] startup
[5.125s] [ext: omni.index.libs-387500.3473.0] startup
[5.125s] [ext: omni.index-1.0.1] startup
[5.125s] [ext: omni.ujitso.client-0.0.0] startup
[5.125s] [ext: omni.usd.schema.playback-1.0.0] startup
[5.129s] [ext: omni.volume-0.5.2] startup
[5.132s] [ext: omni.hydra.rtx-1.0.3] startup
2026-08-21T11:13:50Z [5,121ms] [Warning] [omni.log] Source: omni.hydra was already registered.
[5.157s] [ext: omni.kit.hydra_texture-1.6.0] startup
[5.160s] [ext: omni.kit.raycast.query-1.2.0] startup
[5.164s] [ext: omni.kit.viewport.legacy_gizmos-1.0.24] startup
[5.166s] [ext: omni.kit.viewport.registry-104.0.6] startup
[5.167s] [ext: omni.kit.viewport.scene_camera_model-1.0.7] startup
[5.170s] [ext: omni.kit.widget.viewport-109.2.0] startup
[5.174s] [ext: omni.kit.window.drop_support-1.0.8] startup
[5.175s] [ext: omni.kit.viewport.window-109.0.2] startup
[5.191s] [ext: omni.kit.viewport.utility-2.0.1] startup
[5.192s] [ext: isaacsim.core.rendering_manager-0.4.2] startup
[5.210s] [ext: omni.graph.action_core-1.1.9] startup
[5.212s] [ext: omni.graph.action_nodes_core-2.10.2] startup
[5.214s] [ext: omni.graph.action_nodes-2.10.3] startup
[5.233s] [ext: omni.graph.action-2.10.2] startup
[5.235s] [ext: omni.graph.image.core-0.6.1] startup
[5.236s] [ext: omni.graph.image.nodes-1.3.1] startup
[5.237s] [ext: omni.graph.nodes_core-2.10.3] startup
[5.241s] [ext: omni.graph.nodes-2.11.1] startup
[5.246s] [ext: omni.kit.hotkeys.core-1.3.12] startup
[5.247s] [ext: omni.kit.property.adapter.core-1.1.1] startup
[5.249s] [ext: omni.kit.property.adapter.usd-1.0.5] startup
[5.250s] [ext: omni.kit.widget.filter-1.1.5] startup
[5.251s] [ext: omni.kit.widget.highlight_label-1.0.3] startup
[5.252s] [ext: omni.kit.widget.searchfield-1.1.8] startup
[5.253s] [ext: omni.kit.window.file_exporter-1.0.36] startup
[5.254s] [ext: omni.kit.widget.stage-4.3.0] startup
[5.260s] [ext: omni.kit.window.content_browser_registry-0.0.6] startup
[5.261s] [ext: omni.kit.window.file-2.0.10] startup
[5.263s] [ext: omni.kit.window.content_browser-3.1.8] startup
[5.272s] [ext: omni.kit.window.property-1.15.1] startup
[5.281s] [ext: omni.kit.property.usd-4.8.1] startup
[5.290s] [ext: omni.graph.scriptnode-2.10.2] startup
[5.298s] [ext: omni.kit.widget.searchable_combobox-1.0.7] startup
[5.299s] [ext: omni.kit.widget.settings-2.0.0] startup
[5.301s] [ext: omni.kit.window.preferences-1.8.3] startup
[5.307s] [ext: omni.kit.viewport.menubar.core-107.2.2] startup
[5.318s] [ext: omni.syntheticdata-0.6.15] startup
[5.346s] [ext: omni.replicator.nv-1.1.1] startup
[5.351s] [ext: omni.videoencoding-0.2.1] startup
[5.354s] [ext: omni.replicator.core-1.13.25] startup
2026-08-21T11:13:50Z [5,339ms] [Warning] [pxr.Semantics] pxr.Semantics is deprecated - please use Semantics instead
2026-08-21T11:13:51Z [5,402ms] [Warning] [omni.replicator.core.scripts.extension] No material configuration file, adding configuration to material settings directly.
[5.552s] [ext: isaacsim.core.nodes-5.10.4] startup
[5.579s] [ext: isaacsim.core.throttling-2.3.3] startup
[5.581s] [ext: omni.kit.manipulator.viewport-107.0.1] startup
[5.582s] [ext: omni.graph.visualization.nodes-2.1.4] startup
[5.596s] [ext: omni.kit.window.extensions-1.5.7] startup
[5.601s] [ext: isaacsim.gui.components-1.8.4] startup
[5.606s] [ext: isaacsim.robot.surface_gripper-3.6.1] startup
[5.617s] [ext: isaacsim.robot.manipulators-3.4.4] startup
[5.628s] [ext: isaacsim.robot_motion.lula-4.1.2] startup
[5.635s] [ext: isaacsim.robot_motion.motion_generation-8.2.8] startup
[5.641s] [ext: isaacsim.cortex.framework-1.0.17] startup
[5.642s] [ext: isaacsim.cortex.behaviors-2.0.16] startup
[5.644s] [ext: isaacsim.examples.base-1.3.1] startup
[5.645s] [ext: omni.kit.widget.zoombar-1.0.7] startup
[5.646s] [ext: omni.kit.browser.core-2.3.18] startup
[5.649s] [ext: omni.kit.browser.folder.core-2.0.2] startup
[5.653s] [ext: omni.kit.widget.stage_icons-1.0.8] startup
[5.655s] [ext: omni.kit.window.stage-2.6.1] startup
[5.658s] [ext: omni.kit.menu.stage-1.2.7] startup
[5.659s] [ext: omni.kit.usd.collect-3.0.5] startup
[5.662s] [ext: omni.kit.widget.prompt-1.0.7] startup
[5.663s] [ext: omni.kit.tool.collect-2.2.19] startup
[5.664s] [ext: isaacsim.examples.browser-0.3.1] startup
[5.667s] [ext: omni.kit.search.files-1.0.4] startup
[5.668s] [ext: omni.kit.widget.calendar-1.0.9] startup
[5.669s] [ext: omni.kit.widget.extended_searchfield-1.0.31] startup
[5.677s] [ext: omni.simready.content.browser-0.3.7] startup
[5.775s] [ext: isaacsim.gui.content_browser-0.4.2] startup
[5.777s] [ext: omni.kit.selection-0.1.6] startup
[5.778s] [ext: isaacsim.gui.menu-2.10.5] startup
[5.784s] [ext: isaacsim.gui.property-1.6.2] startup
[5.791s] [ext: omni.kit.viewport.actions-107.0.2] startup
[5.794s] [ext: omni.kit.viewport.menubar.display-107.1.3] startup
[5.795s] [ext: isaacsim.gui.sensors.icon-2.2.0] startup
[5.798s] [ext: omni.behavior.scripting.core-110.1.0] startup
[5.800s] [ext: isaacsim.replicator.behavior-1.5.3] startup
[5.801s] [ext: isaacsim.replicator.experimental.domain_randomization-1.2.4] startup
[5.815s] [ext: isaacsim.replicator.domain_randomization-1.2.1] startup
[5.889s] [ext: isaacsim.replicator.writers-1.5.3] startup
[5.910s] [ext: isaacsim.robot.experimental.wheeled_robots-0.2.9] startup
[5.930s] [ext: isaacsim.robot.policy.examples-5.2.11] startup
[5.947s] [ext: isaacsim.robot.wheeled_robots-5.2.3] startup
[5.952s] [ext: isaacsim.robot.wheeled_robots.nodes-0.1.2] startup
[5.979s] [ext: isaacsim.robot_motion.experimental.motion_generation-6.1.2] startup
[5.990s] [ext: isaacsim.robot_motion.cumotion-1.3.0] startup
[6.003s] [ext: omni.kit.numpy.common-0.1.3] startup
[6.005s] [ext: isaacsim.sensors.camera-1.7.8] startup
[6.031s] [ext: isaacsim.sensors.experimental.physics-3.0.1] startup
[6.040s] [ext: omni.sensors.net-1.0.1] startup
[6.042s] [ext: omni.sensors.nv.common-3.0.0] startup
[6.053s] [ext: omni.sensors.nv.materials-2.0.0] startup
[6.057s] [ext: omni.sensors.nv.acoustic-3.0.0] startup
[6.059s] [ext: omni.sensors.nv.ids-2.0.1] startup
[6.061s] [ext: omni.sensors.nv.lidar-3.0.0] startup
[6.064s] [ext: omni.sensors.nv.radar-3.0.0] startup
[6.066s] [ext: isaacsim.sensors.experimental.rtx-1.4.3] startup
[6.327s] [ext: isaacsim.sensors.physics.nodes-1.5.2] startup
[6.333s] [ext: isaacsim.util.debug_draw-3.2.2] startup
[6.340s] [ext: isaacsim.sensors.physx-2.5.4] startup
[6.348s] [ext: isaacsim.sensors.rtx-15.17.0] startup
[6.360s] [ext: isaacsim.simulation_app-2.18.3] startup
[6.360s] [ext: omni.anim.curve.core-1.6.0] startup
[6.372s] [ext: omni.graph.ui_nodes-2.10.5] startup
[6.396s] [ext: omni.hydra.scene_api-0.1.3] startup
[6.402s] [ext: omni.kit.manipulator.camera-110.0.0] startup
[6.405s] [ext: omni.kit.manipulator.selector-1.1.4] startup
[6.406s] [ext: omni.kit.manipulator.transform-107.0.0] startup
[6.410s] [ext: omni.kit.widget.toolbar-2.1.0] startup
[6.415s] [ext: omni.kit.manipulator.tool.snap-1.5.14] startup
[6.419s] [ext: omni.kit.viewport.manipulator.transform-107.0.4] startup
[6.421s] [ext: omni.kit.manipulator.prim.core-108.0.2] startup
[6.426s] [ext: omni.kit.manipulator.prim.usd-107.0.3] startup
[6.427s] [ext: omni.kit.manipulator.prim-108.0.0] startup
[6.427s] [ext: omni.kit.manipulator.selection-109.0.1] startup
[6.428s] [ext: omni.kit.menu.create-2.0.2] startup
[6.429s] [ext: omni.kit.property.audio-1.0.16] startup
[6.432s] [ext: omni.kit.property.camera-1.0.14] startup
[6.433s] [ext: omni.kit.property.geometry-2.1.2] startup
[6.437s] [ext: omni.kit.property.light-1.0.14] startup
2026-08-21T11:13:52Z [6,434ms] [Warning] [omni.usd] Encountered USD Warnings but USD Diagnostics are currently muted. To view USD Warnings, please set the '/persistent/app/usd/muteUsdDiagnostics' setting to false in Preferences page.
[6.465s] [ext: omni.kit.property.material-1.14.2] startup
[6.472s] [ext: omni.kit.property.render-1.2.2] startup
[6.474s] [ext: omni.kit.property.transform-1.6.9] startup
[6.477s] [ext: omni.kit.property.bundle-1.5.1] startup
[6.478s] [ext: omni.kit.usdz_export-1.1.0] startup
[6.480s] [ext: omni.kit.tool.asset_importer-5.2.0] startup
[6.486s] [ext: omni.kit.ui.actions-1.0.5] startup
[6.488s] [ext: omni.kit.viewport.menubar.camera-107.0.10] startup
[6.492s] [ext: omni.kit.viewport.menubar.lighting-107.3.2] startup
[6.495s] [ext: omni.kit.viewport.menubar.render-107.0.10] startup
[6.497s] [ext: omni.kit.viewport.menubar.settings-110.0.1] startup
[6.499s] [ext: omni.kit.window.console-1.1.8] startup
[6.505s] [ext: omni.kit.window.status_bar-0.1.11] startup
[6.507s] [ext: omni.kit.window.toolbar-3.0.3] startup
[6.509s] [ext: omni.ocio-0.1.1] startup
[6.510s] [ext: omni.physx.commands-110.1.11] startup
[6.513s] [ext: omni.replicator.replicator_yaml-2.0.12] startup
[6.524s] [ext: omni.rtx.window.settings-0.8.0] startup
[6.528s] [ext: omni.rtx.settings.core-0.7.0] startup
[6.535s] [ext: omni.usd.metrics.assembler.ui-110.1.1] startup
[6.542s] [ext: semantics.schema.editor-2.0.2] startup
[6.545s] [ext: semantics.schema.property-2.0.1] startup
[6.546s] [ext: omni.kit.menu.common-2.0.2] startup
[6.548s] [ext: isaacsim.exp.base-6.0.0] startup
[6.548s] [ext: isaacsim.exp.base.python-6.0.0] startup
[6.549s] Simulation App Starting
[7.655s] Simulation App Startup Complete
[7.664s] app ready
Starting kit application with the following args:  ['/home/liang/isaacsim/exts/isaacsim.simulation_app/isaacsim/simulation_app/simulation_app.py', '/home/liang/isaacsim/apps/isaacsim.exp.base.python.kit', '--/app/tokens/exe-path=/home/liang/isaacsim/kit', '--/persistent/app/viewport/displayOptions=3094', '--/rtx/materialDb/syncLoads=True', '--/rtx/hydra/materialSyncLoads=True', '--/omni.kit.plugin/syncUsdLoads=True', '--/app/renderer/resolution/width=1280', '--/app/renderer/resolution/height=720', '--/app/window/width=1440', '--/app/window/height=900', '--/renderer/multiGpu/enabled=True', '--/app/fastShutdown=True', '--/app/installSignalHandlers=0', '--ext-folder', '/home/liang/isaacsim/exts', '--ext-folder', '/home/liang/isaacsim/apps', '--/physics/cudaDevice=0', '--/plugins/carb.tasking.plugin/threadCount=16', '--/plugins/omni.tbb.globalcontrol/maxThreadCount=16', '--portable', '--no-window', '--/app/window/hideUi=1']
Passing the following args to the base kit application:  []
Warp 1.13.0 initialized:
   CUDA Toolkit 12.9, Driver 13.0
   Devices:
     "cpu"      : "x86_64"
     "cuda:0"   : "NVIDIA GeForce RTX 5070 Ti" (15 GiB, sm_120, mempool enabled)
   Kernel cache:
     /home/liang/.cache/warp/1.13.0
[A] link 质量（USD authored 值）：
    base_link: mass=0.798744797706604
    link1: mass=0.08407364785671234
    link2: mass=0.7103943824768066
    link3: mass=0.524941623210907
    link4: mass=0.19113920629024506
    link5: mass=0.15000410377979279
    link6: mass=0.018727166578173637
    gripper_link: mass=0.18180015683174133
    gripper_left: mass=0.042327895760536194
    gripper_right: mass=0.042327895760536194
[B] 关节属性：
    joint1: {'drive:angular:physics:damping': 60.0, 'drive:angular:physics:maxForce': 27.0, 'drive:angular:physics:stiffness': 500.0, 'drive:angular:physics:targetPosition': 0.0, 'drive:angular:physics:type': 'force', 'physxJoint:maxJointVelocity': 2864.7890625}
    joint2: {'drive:angular:physics:damping': 96.0, 'drive:angular:physics:maxForce': 27.0, 'drive:angular:physics:stiffness': 1500.0, 'drive:angular:physics:targetPosition': 0.0, 'drive:angular:physics:type': 'force', 'physxJoint:maxJointVelocity': 2864.7890625}
    joint3: {'drive:angular:physics:damping': 76.0, 'drive:angular:physics:maxForce': 27.0, 'drive:angular:physics:stiffness': 1000.0, 'drive:angular:physics:targetPosition': 0.0, 'drive:angular:physics:type': 'force', 'physxJoint:maxJointVelocity': 2864.7890625}
    joint4: {'drive:angular:physics:damping': 18.0, 'drive:angular:physics:maxForce': 7.0, 'drive:angular:physics:stiffness': 150.0, 'drive:angular:physics:targetPosition': 0.0, 'drive:angular:physics:type': 'force', 'physxJoint:maxJointVelocity': 11459.15625}
    joint5: {'drive:angular:physics:damping': 10.0, 'drive:angular:physics:maxForce': 7.0, 'drive:angular:physics:stiffness': 80.0, 'drive:angular:physics:targetPosition': 0.0, 'drive:angular:physics:type': 'force', 'physxJoint:maxJointVelocity': 11459.15625}
    joint6: {'drive:angular:physics:damping': 7.0, 'drive:angular:physics:maxForce': 7.0, 'drive:angular:physics:stiffness': 50.0, 'drive:angular:physics:targetPosition': 0.0, 'drive:angular:physics:type': 'force', 'physxJoint:maxJointVelocity': 11459.15625}
    gripper_joint1: {'drive:linear:physics:damping': 41.279998779296875, 'drive:linear:physics:maxForce': 100.0, 'drive:linear:physics:stiffness': 5000.0, 'drive:linear:physics:targetPosition': 0.0, 'drive:linear:physics:type': 'force', 'physxJoint:maxJointVelocity': 859.4367065429688}
    gripper_joint2: {'drive:linear:physics:damping': 41.279998779296875, 'drive:linear:physics:maxForce': 100.0, 'drive:linear:physics:stiffness': 5000.0, 'drive:linear:physics:targetPosition': 0.0, 'drive:linear:physics:type': 'force', 'physxJoint:maxJointVelocity': 859.4367065429688}
=== USD PROPS DONE ===
[10.618s] Simulation App Shutting Down
