[0.046s] [ext: omni.assets.plugins-0.0.0] startup
[0.047s] [ext: omni.blobkey-1.1.2] startup
[0.047s] [ext: omni.kit.async_engine-0.0.3] startup
[0.302s] [ext: omni.client.lib-1.1.1] startup
[0.310s] [ext: omni.client-1.3.0] startup
[0.313s] [ext: omni.protobuf.lib-1.0.0] startup
[0.315s] [ext: omni.grpc.lib-1.0.0] startup
[0.318s] [ext: omni.metrics.core-0.0.3] startup
[0.318s] [ext: omni.datastore-0.0.0] startup
[0.318s] [ext: omni.gpu_foundation.shadercache.vulkan-1.0.0] startup
[0.321s] [ext: omni.hsscclient-1.1.4] startup
[0.322s] [ext: omni.stats-1.0.1] startup
[0.322s] [ext: omni.ujitso.default-1.0.0] startup
[0.324s] [ext: omni.gpu_foundation-0.0.0] startup
[0.472s] [ext: carb.windowing.plugins-1.0.1] startup
[0.472s] [ext: omni.kit.renderer.init-1.0.1] startup
[1.006s] [ext: omni.kit.pipapi-0.0.0] startup
[1.007s] [ext: omni.kit.pip_archive-0.0.0] startup
[1.007s] [ext: isaacsim.pip.newton-0.6.0] startup
[1.007s] [ext: omni.pip.compute-1.9.0] startup
[1.008s] [ext: omni.isaac.core_archive-5.3.0] startup
[1.008s] [ext: omni.kit.telemetry-0.5.2] startup
[1.036s] [ext: omni.kit.loop-isaac-1.6.0] startup
[1.037s] [ext: omni.kit.test-2.0.7] startup
[1.088s] [ext: omni.materialx.libs-1.0.9] startup
[1.095s] [ext: omni.gpucompute.plugins-0.0.0] startup
[1.095s] [ext: omni.usd.config-1.0.7] startup
[1.099s] [ext: omni.usd.libs-1.0.3] startup
[1.167s] [ext: omni.iray.libs-0.0.1] startup
[1.171s] [ext: omni.mdl-57.0.3] startup
[1.188s] [ext: omni.mdl.neuraylib-0.2.20] startup
[1.190s] [ext: omni.kit.usd.mdl-1.1.9] startup
[1.279s] [ext: omni.appwindow-1.2.2] startup
[1.280s] [ext: omni.kit.renderer.core-1.2.2] startup
[1.640s] [ext: omni.kit.renderer.capture-2.0.1] startup
[1.641s] [ext: omni.kit.renderer.imgui-2.0.6] startup
[1.681s] [ext: omni.ui-3.1.3] startup
[1.690s] [ext: omni.kit.mainwindow-1.0.3] startup
[1.691s] [ext: carb.audio-0.1.0] startup
[1.693s] [ext: omni.uiaudio-1.0.0] startup
[1.694s] [ext: omni.kit.uiapp-0.0.0] startup
[1.694s] [ext: omni.usd.schema.metrics.assembler-110.1.0] startup
[1.696s] [ext: omni.usd.schema.audio-0.0.1] startup
[1.699s] [ext: omni.usd_resolver-1.0.0] startup
[1.702s] [ext: omni.usd.core-1.8.3] startup
[1.705s] [ext: omni.metropolis.schema-0.0.3] startup
[1.706s] [ext: isaacsim.anim.robot.schema-0.1.1] startup
[1.706s] [ext: omni.usd.schema.anim-0.0.1] startup
[1.722s] [ext: omni.usd.schema.geospatial-0.0.1] startup
[1.724s] [ext: omni.usd.schema.omnigraph-1.0.1] startup
[1.728s] [ext: omni.usd.schema.semantics-0.0.0] startup
[1.730s] [ext: omni.activity.core-1.0.3] startup
[1.732s] [ext: omni.cubric-0.1.0] startup
[1.732s] [ext: omni.graph.exec-0.9.6] startup
[1.732s] [ext: omni.hydra.scene_delegate-0.3.5] startup
[1.735s] [ext: usdrt.scenegraph-7.6.3] startup
[1.756s] [ext: omni.hydra.usdrt_delegate-7.5.2] startup
[1.761s] [ext: omni.inspect-1.0.2] startup
[1.762s] [ext: omni.kit.actions.core-1.0.0] startup
[1.763s] [ext: omni.kit.audiodeviceenum-1.0.2] startup
[1.764s] [ext: omni.kit.commands-1.5.0] startup
[1.767s] [ext: omni.kit.exec.core-0.13.5] startup
[1.768s] [ext: omni.kit.usd_undo-0.1.8] startup
[1.769s] [ext: omni.kit.window.popup_dialog-2.0.25] startup
[1.772s] [ext: omni.kit.widget.nucleus_connector-2.3.1] startup
[1.774s] [ext: omni.timeline-1.1.0] startup
[1.775s] [ext: omni.usd-1.15.2] startup
[1.806s] [ext: omni.graph.core-3.1.2] startup
[1.808s] [ext: omni.kit.notification_manager-1.0.11] startup
[1.810s] [ext: isaacsim.core.deprecation_manager-0.4.2] startup
[1.810s] [ext: isaacsim.replicator.agent.schema-0.1.1] startup
[1.811s] [ext: isaacsim.robot.schema-6.3.6] startup
[1.815s] [ext: isaacsim.robot_motion.schema-0.2.0] startup
[1.816s] [ext: omni.anim.behavior.schema-110.1.0] startup
[1.820s] [ext: omni.anim.graph.schema-110.1.1] startup
[1.824s] [ext: omni.anim.navigation.schema-110.1.0] startup
[1.826s] [ext: omni.behavior.tree.schema-110.1.0] startup
[1.827s] [ext: omni.isaac.ml_archive-3.3.0] startup
[1.827s] [ext: omni.kit.asset_converter-5.1.4] startup
[1.837s] [ext: omni.pip.cloud-1.5.3] startup
[1.839s] [ext: omni.usd.schema.flow-110.0.0] startup
[1.839s] [ext: omni.usd.schema.mujoco-1.1.0] startup
[1.840s] [ext: omni.usd.schema.newton-1.2.0] startup
[1.840s] [ext: omni.usd.schema.omni_lens_distortion-1.0.0] startup
[1.841s] [ext: omni.usd.schema.omni_projectors-1.0.0] startup
[1.841s] [ext: omni.usd.schema.omni_sensors-0.0.0] startup
[1.848s] [ext: omni.usd.schema.omniscripting-1.0.1] startup
[1.852s] [ext: omni.usd.schema.physical_lighting-0.1.0] startup
[1.854s] [ext: omni.usd.schema.physx-110.1.11] startup
[1.878s] [ext: omni.usd.schema.render_settings.rtx-1.0.2] startup
[1.882s] [ext: omni.usd.schema.usd_particle_field-1.0.0] startup
[1.884s] [ext: isaacsim.core.version-2.1.0] startup
[1.884s] [ext: omni.kit.menu.core-1.2.0] startup
[1.885s] [ext: omni.kit.menu.utils-2.2.3] startup
[1.890s] [ext: isaacsim.app.about-2.3.0] startup
[1.894s] [ext: isaacsim.asset.transformer-1.2.3] startup
[1.897s] [ext: omni.scene.optimizer.core-110.1.0] startup
[1.931s] [ext: isaacsim.asset.importer.utils-1.8.0] startup
[1.933s] [ext: omni.convexdecomposition-110.1.11] startup
[1.935s] [ext: omni.physics-110.1.11] startup
[1.937s] [ext: omni.physx.gpu-110.1.11] startup
[1.937s] [ext: omni.physx.foundation-110.1.11] startup
[1.938s] [ext: omni.usdphysics-110.1.11] startup
[1.940s] [ext: omni.physx.cooking-110.1.11] startup
[1.941s] [ext: omni.physx-110.1.11] startup
[1.948s] [ext: omni.physics.physx-110.1.11] startup
[1.950s] [ext: isaacsim.asset.exporter.urdf-2.0.3] startup
[1.957s] [ext: omni.kit.clipboard-1.1.1] startup
[1.958s] [ext: omni.kit.usd.layers-2.6.1] startup
[1.965s] [ext: omni.kit.widget.context_menu-1.4.0] startup
[1.966s] [ext: omni.kit.context_menu-1.9.0] startup
[1.967s] [ext: omni.kit.helper.file_utils-0.1.10] startup
[1.969s] [ext: omni.kit.widget.nucleus_info-2.0.2] startup
[1.969s] [ext: omni.kit.search_core-1.0.8] startup
[1.970s] [ext: omni.kit.widget.path_field-2.0.13] startup
[1.970s] [ext: omni.kit.widget.browser_bar-2.0.10] startup
[1.970s] [ext: omni.kit.widget.filebrowser-2.13.4] startup
[1.974s] [ext: omni.kit.widget.options_menu-1.1.6] startup
[1.975s] [ext: omni.kit.widget.options_button-1.0.3] startup
[1.976s] [ext: omni.kit.widget.search_delegate-1.0.9] startup
[1.976s] [ext: omni.ui.scene-2.0.1] startup
[1.981s] [ext: omni.kit.window.filepicker-2.15.5] startup
[1.990s] [ext: omni.kit.window.file_importer-1.1.21] startup
[1.992s] [ext: omni.kit.material.library-3.1.2] startup
[1.996s] [ext: isaacsim.asset.transformer.rules-1.7.8] startup
[2.004s] [ext: omni.usdex.libs-2.2.2] startup
[2.010s] [ext: isaacsim.asset.importer.mjcf-3.10.0] startup
[2.011s] [ext: isaacsim.asset.importer.urdf-3.11.0] startup
[2.015s] [ext: omni.kit.primitive.mesh-1.1.0] startup
[2.017s] [ext: omni.kit.stage_template.core-1.1.22] startup
[2.017s] [ext: omni.kit.stage_templates-2.0.2] startup
[2.018s] [ext: omni.usd.metrics.assembler-110.1.2] startup
[2.021s] [ext: omni.warp.core-1.13.0] startup
[2.191s] [ext: isaacsim.core.experimental.utils-0.17.1] startup
[2.192s] [ext: omni.physics.stageupdate-110.1.11] startup
[2.193s] [ext: omni.physics.tensors-110.1.11] startup
[2.197s] [ext: omni.physx.tensors-110.1.11] startup
[2.201s] [ext: isaacsim.core.simulation_manager-1.15.4] startup
[2.214s] [ext: isaacsim.storage.native-1.9.2] startup
[2.215s] [ext: omni.usd.metrics.assembler.physics-110.1.11] startup
[2.217s] [ext: isaacsim.core.utils-4.1.6] startup
[2.219s] [ext: isaacsim.core.prims-0.11.6] startup
[3.184s] [ext: isaacsim.core.api-5.2.12] startup
[3.190s] [ext: isaacsim.core.cloner-1.7.2] startup
[3.192s] [ext: isaacsim.test.docstring-1.3.1] startup
[3.196s] [ext: isaacsim.core.experimental.prims-1.8.8] startup
[3.216s] [ext: isaacsim.core.experimental.primdata-0.3.2] startup
[3.218s] [ext: omni.graph.tools-1.81.0] startup
[3.237s] [ext: omni.graph-1.142.5] startup
[3.269s] [ext: isaacsim.core.experimental.actuators-0.1.0] startup
[5.005s] [ext: isaacsim.core.experimental.materials-0.7.0] startup
[5.008s] [ext: isaacsim.core.experimental.objects-0.8.0] startup
[5.060s] [ext: omni.hydra.engine.stats-1.0.5] startup
[5.063s] [ext: omni.hydra.rtx.shadercache.vulkan-1.0.0] startup
[5.064s] [ext: omni.index.libs-387500.3473.0] startup
[5.064s] [ext: omni.index-1.0.1] startup
[5.064s] [ext: omni.ujitso.client-0.0.0] startup
[5.064s] [ext: omni.usd.schema.playback-1.0.0] startup
[5.067s] [ext: omni.volume-0.5.2] startup
[5.070s] [ext: omni.hydra.rtx-1.0.3] startup
[5.095s] [ext: omni.kit.hydra_texture-1.6.0] startup
[5.098s] [ext: omni.kit.raycast.query-1.2.0] startup
[5.102s] [ext: omni.kit.viewport.legacy_gizmos-1.0.24] startup
[5.104s] [ext: omni.kit.viewport.registry-104.0.6] startup
[5.105s] [ext: omni.kit.viewport.scene_camera_model-1.0.7] startup
[5.108s] [ext: omni.kit.widget.viewport-109.2.0] startup
[5.112s] [ext: omni.kit.window.drop_support-1.0.8] startup
[5.113s] [ext: omni.kit.viewport.window-109.0.2] startup
[5.128s] [ext: omni.kit.viewport.utility-2.0.1] startup
[5.129s] [ext: isaacsim.core.rendering_manager-0.4.2] startup
[5.147s] [ext: omni.graph.action_core-1.1.9] startup
[5.149s] [ext: omni.graph.action_nodes_core-2.10.2] startup
[5.151s] [ext: omni.graph.action_nodes-2.10.3] startup
[5.171s] [ext: omni.graph.action-2.10.2] startup
[5.172s] [ext: omni.graph.image.core-0.6.1] startup
[5.173s] [ext: omni.graph.image.nodes-1.3.1] startup
[5.174s] [ext: omni.graph.nodes_core-2.10.3] startup
[5.180s] [ext: omni.graph.nodes-2.11.1] startup
[5.186s] [ext: omni.kit.hotkeys.core-1.3.12] startup
[5.187s] [ext: omni.kit.property.adapter.core-1.1.1] startup
[5.189s] [ext: omni.kit.property.adapter.usd-1.0.5] startup
[5.190s] [ext: omni.kit.widget.filter-1.1.5] startup
[5.191s] [ext: omni.kit.widget.highlight_label-1.0.3] startup
[5.192s] [ext: omni.kit.widget.searchfield-1.1.8] startup
[5.193s] [ext: omni.kit.window.file_exporter-1.0.36] startup
[5.195s] [ext: omni.kit.widget.stage-4.3.0] startup
[5.202s] [ext: omni.kit.window.content_browser_registry-0.0.6] startup
[5.203s] [ext: omni.kit.window.file-2.0.10] startup
[5.205s] [ext: omni.kit.window.content_browser-3.1.8] startup
[5.215s] [ext: omni.kit.window.property-1.15.1] startup
[5.224s] [ext: omni.kit.property.usd-4.8.1] startup
[5.234s] [ext: omni.graph.scriptnode-2.10.2] startup
[5.241s] [ext: omni.kit.widget.searchable_combobox-1.0.7] startup
[5.243s] [ext: omni.kit.widget.settings-2.0.0] startup
[5.246s] [ext: omni.kit.window.preferences-1.8.3] startup
[5.251s] [ext: omni.kit.viewport.menubar.core-107.2.2] startup
[5.263s] [ext: omni.syntheticdata-0.6.15] startup
[5.287s] [ext: omni.replicator.nv-1.1.1] startup
[5.292s] [ext: omni.videoencoding-0.2.1] startup
[5.295s] [ext: omni.replicator.core-1.13.25] startup
[5.494s] [ext: isaacsim.core.nodes-5.10.4] startup
[5.522s] [ext: isaacsim.core.throttling-2.3.3] startup
[5.523s] [ext: omni.kit.manipulator.viewport-107.0.1] startup
[5.524s] [ext: omni.graph.visualization.nodes-2.1.4] startup
[5.537s] [ext: omni.kit.window.extensions-1.5.7] startup
[5.543s] [ext: isaacsim.gui.components-1.8.4] startup
[5.548s] [ext: isaacsim.robot.surface_gripper-3.6.1] startup
[5.558s] [ext: isaacsim.robot.manipulators-3.4.4] startup
[5.569s] [ext: isaacsim.robot_motion.lula-4.1.2] startup
[5.576s] [ext: isaacsim.robot_motion.motion_generation-8.2.8] startup
[5.581s] [ext: isaacsim.cortex.framework-1.0.17] startup
[5.582s] [ext: isaacsim.cortex.behaviors-2.0.16] startup
[5.584s] [ext: isaacsim.examples.base-1.3.1] startup
[5.585s] [ext: omni.kit.widget.zoombar-1.0.7] startup
[5.585s] [ext: omni.kit.browser.core-2.3.18] startup
[5.588s] [ext: omni.kit.browser.folder.core-2.0.2] startup
[5.593s] [ext: omni.kit.widget.stage_icons-1.0.8] startup
[5.595s] [ext: omni.kit.window.stage-2.6.1] startup
[5.598s] [ext: omni.kit.menu.stage-1.2.7] startup
[5.599s] [ext: omni.kit.usd.collect-3.0.5] startup
[5.601s] [ext: omni.kit.widget.prompt-1.0.7] startup
[5.602s] [ext: omni.kit.tool.collect-2.2.19] startup
[5.603s] [ext: isaacsim.examples.browser-0.3.1] startup
[5.605s] [ext: omni.kit.search.files-1.0.4] startup
[5.606s] [ext: omni.kit.widget.calendar-1.0.9] startup
[5.607s] [ext: omni.kit.widget.extended_searchfield-1.0.31] startup
[5.615s] [ext: omni.simready.content.browser-0.3.7] startup
[5.702s] [ext: isaacsim.gui.content_browser-0.4.2] startup
[5.704s] [ext: omni.kit.selection-0.1.6] startup
[5.705s] [ext: isaacsim.gui.menu-2.10.5] startup
[5.713s] [ext: isaacsim.gui.property-1.6.2] startup
[5.718s] [ext: omni.kit.viewport.actions-107.0.2] startup
[5.721s] [ext: omni.kit.viewport.menubar.display-107.1.3] startup
[5.723s] [ext: isaacsim.gui.sensors.icon-2.2.0] startup
[5.725s] [ext: omni.behavior.scripting.core-110.1.0] startup
[5.728s] [ext: isaacsim.replicator.behavior-1.5.3] startup
[5.729s] [ext: isaacsim.replicator.experimental.domain_randomization-1.2.4] startup
[5.741s] [ext: isaacsim.replicator.domain_randomization-1.2.1] startup
[5.812s] [ext: isaacsim.replicator.writers-1.5.3] startup
[5.834s] [ext: isaacsim.robot.experimental.wheeled_robots-0.2.9] startup
[5.854s] [ext: isaacsim.robot.policy.examples-5.2.11] startup
[5.875s] [ext: isaacsim.robot.wheeled_robots-5.2.3] startup
[5.881s] [ext: isaacsim.robot.wheeled_robots.nodes-0.1.2] startup
[5.901s] [ext: isaacsim.robot_motion.experimental.motion_generation-6.1.2] startup
[5.912s] [ext: isaacsim.robot_motion.cumotion-1.3.0] startup
[5.924s] [ext: omni.kit.numpy.common-0.1.3] startup
[5.925s] [ext: isaacsim.sensors.camera-1.7.8] startup
[5.949s] [ext: isaacsim.sensors.experimental.physics-3.0.1] startup
[5.956s] [ext: omni.sensors.net-1.0.1] startup
[5.958s] [ext: omni.sensors.nv.common-3.0.0] startup
[5.969s] [ext: omni.sensors.nv.materials-2.0.0] startup
[5.971s] [ext: omni.sensors.nv.acoustic-3.0.0] startup
[5.973s] [ext: omni.sensors.nv.ids-2.0.1] startup
[5.975s] [ext: omni.sensors.nv.lidar-3.0.0] startup
[5.979s] [ext: omni.sensors.nv.radar-3.0.0] startup
[5.982s] [ext: isaacsim.sensors.experimental.rtx-1.4.3] startup
[6.233s] [ext: isaacsim.sensors.physics.nodes-1.5.2] startup
[6.238s] [ext: isaacsim.util.debug_draw-3.2.2] startup
[6.243s] [ext: isaacsim.sensors.physx-2.5.4] startup
[6.251s] [ext: isaacsim.sensors.rtx-15.17.0] startup
[6.260s] [ext: isaacsim.simulation_app-2.18.3] startup
[6.261s] [ext: omni.anim.curve.core-1.6.0] startup
[6.271s] [ext: omni.graph.ui_nodes-2.10.5] startup
[6.294s] [ext: omni.hydra.scene_api-0.1.3] startup
[6.299s] [ext: omni.kit.manipulator.camera-110.0.0] startup
[6.302s] [ext: omni.kit.manipulator.selector-1.1.4] startup
[6.303s] [ext: omni.kit.manipulator.transform-107.0.0] startup
[6.307s] [ext: omni.kit.widget.toolbar-2.1.0] startup
[6.313s] [ext: omni.kit.manipulator.tool.snap-1.5.14] startup
[6.317s] [ext: omni.kit.viewport.manipulator.transform-107.0.4] startup
[6.319s] [ext: omni.kit.manipulator.prim.core-108.0.2] startup
[6.324s] [ext: omni.kit.manipulator.prim.usd-107.0.3] startup
[6.325s] [ext: omni.kit.manipulator.prim-108.0.0] startup
[6.325s] [ext: omni.kit.manipulator.selection-109.0.1] startup
[6.327s] [ext: omni.kit.menu.create-2.0.2] startup
[6.329s] [ext: omni.kit.property.audio-1.0.16] startup
[6.332s] [ext: omni.kit.property.camera-1.0.14] startup
[6.333s] [ext: omni.kit.property.geometry-2.1.2] startup
[6.336s] [ext: omni.kit.property.light-1.0.14] startup
[6.364s] [ext: omni.kit.property.material-1.14.2] startup
[6.369s] [ext: omni.kit.property.render-1.2.2] startup
[6.371s] [ext: omni.kit.property.transform-1.6.9] startup
[6.373s] [ext: omni.kit.property.bundle-1.5.1] startup
[6.374s] [ext: omni.kit.usdz_export-1.1.0] startup
[6.377s] [ext: omni.kit.tool.asset_importer-5.2.0] startup
[6.383s] [ext: omni.kit.ui.actions-1.0.5] startup
[6.384s] [ext: omni.kit.viewport.menubar.camera-107.0.10] startup
[6.388s] [ext: omni.kit.viewport.menubar.lighting-107.3.2] startup
[6.390s] [ext: omni.kit.viewport.menubar.render-107.0.10] startup
[6.393s] [ext: omni.kit.viewport.menubar.settings-110.0.1] startup
[6.397s] [ext: omni.kit.window.console-1.1.8] startup
[6.400s] [ext: omni.kit.window.status_bar-0.1.11] startup
[6.402s] [ext: omni.kit.window.toolbar-3.0.3] startup
[6.404s] [ext: omni.ocio-0.1.1] startup
[6.405s] [ext: omni.physx.commands-110.1.11] startup
[6.408s] [ext: omni.replicator.replicator_yaml-2.0.12] startup
[6.418s] [ext: omni.rtx.window.settings-0.8.0] startup
[6.427s] [ext: omni.rtx.settings.core-0.7.0] startup
[6.430s] [ext: omni.usd.metrics.assembler.ui-110.1.1] startup
[6.436s] [ext: semantics.schema.editor-2.0.2] startup
[6.439s] [ext: semantics.schema.property-2.0.1] startup
[6.441s] [ext: omni.kit.menu.common-2.0.2] startup
[6.442s] [ext: isaacsim.exp.base-6.0.0] startup
[6.442s] [ext: isaacsim.exp.base.python-6.0.0] startup
[6.444s] Simulation App Starting
[7.504s] Simulation App Startup Complete
[7.514s] app ready
[isaac] DOF=['joint1', 'joint2', 'joint3', 'joint4', 'joint5', 'joint6', 'gripper_joint1', 'gripper_joint2']  手指行程上限=0.0715 m
[isaac] 场景就绪：USD=/home/liang/Documents/code/HyperdualQuaternions_modeling_robotic/reBot-Isaacsim/usd/reBot_B601_DM/reBot_B601_DM.usda
[isaac]           prim=/World/B601  dt=0.0020s  立方体=[0.5084, -0.1309, 0.0225]
[A] DOF names: ['joint1', 'joint2', 'joint3', 'joint4', 'joint5', 'joint6', 'gripper_joint1', 'gripper_joint2']
    URDF 质量参考: link1..6=[0.0841, 0.7104, 0.5249, 0.1911, 0.1500, 0.0187] gripper_link=0.1818 fingers=0.0423x2
[B] Q_INIT 处 M 对账（PhysX vs 名义）：
    j1: M_phys=2.744481  M̂=0.262972  ratio= 10.44
    j2: M_phys=2.744481  M̂=0.245239  ratio= 11.19
    j3: M_phys=2.744481  M̂=0.077997  ratio= 35.19
    j4: M_phys=0.064415  M̂=0.009874  ratio=  6.52
    j5: M_phys=0.293171  M̂=0.002468  ratio=118.78
    j6: M_phys=0.265288  M̂=0.000268  ratio=989.30
    全阵最大相对偏差 = 3858646.30
    M_phys = [[2.7444798946380615, 0.0, 0.0, 0.0, 0.2824699878692627, 0.1535699963569641], [0.0, 2.7444798946380615, 0.0, -0.2824699878692627, 0.0, 0.5992000102996826], [0.0, 0.0, 2.7444798946380615, -0.1535699963569641, -0.5992000102996826, 0.0], [0.0, -0.2824699878692627, -0.1535699963569641, 0.064410001039505, 0.06311000138521194, -0.0789399966597557], [0.2824699878692627, 0.0, -0.5992000102996826, 0.06311000138521194, 0.2931700050830841, 0.020169999450445175], [0.1535699963569641, 0.5992000102996826, 0.0, -0.0789399966597557, 0.020169999450445175, 0.2652899920940399]]
    M_nom  = [[0.26297, 5e-05, 1e-05, 0.0, -0.01394, 2e-05], [5e-05, 0.24524, -0.11435, -0.03668, -0.0, 1e-05], [1e-05, -0.11435, 0.078, 0.01933, -0.0, -0.0], [0.0, -0.03668, 0.01933, 0.00987, 0.0, -0.0], [-0.01394, -0.0, -0.0, 0.0, 0.00247, 0.0], [2e-05, 1e-05, -0.0, -0.0, 0.0, 0.00027]]
[12.101s] Simulation App Shutting Down
