|=============================================================================================|
|=============================================================================================|
g(Q_S) = [0.0, 5.741, -2.204, -0.647, 0.0, 0.0]
=== [1] 闭环净反馈全组合 ===
  TAU_NET        -> |dq|max=0.0094 rad  dp=[+0.0007,+0.0000,-0.0015]
=== [2] 单分量 ===
  j2(-1.61)      -> |dq|max=0.2229 rad  dp=[-0.0039,+0.0008,+0.0417]
  j3(+0.72)      -> |dq|max=0.1540 rad  dp=[-0.0218,+0.0056,-0.0122]
  j4(+0.27)      -> |dq|max=0.2371 rad  dp=[+0.0076,-0.0071,-0.0275]
=== [3] 两两组合 ===
  j2+j3          -> |dq|max=0.2509 rad  dp=[-0.0159,+0.0038,+0.0252]
  j2+j4          -> |dq|max=0.1594 rad  dp=[+0.0171,-0.0042,+0.0118]
  j3+j4          -> |dq|max=0.1980 rad  dp=[-0.0103,+0.0015,-0.0297]
=== [4] 5x 放大全组合 ===
  5*TAU_NET      -> |dq|max=0.3060 rad  dp=[-0.0179,+0.0051,+0.0324]
=== [5] 反签名全组合（假设：锁与符号绑定） ===
  -TAU_NET       -> |dq|max=0.0400 rad  dp=[-0.0020,+0.0008,+0.0273]
=== [6] 反签名子组合 ===
  -j2-j3         -> |dq|max=0.2616 rad  dp=[+0.0099,-0.0004,-0.0168]
  -j2-j4         -> |dq|max=0.1611 rad  dp=[-0.0232,+0.0059,+0.0149]
  -j3-j4         -> |dq|max=0.2371 rad  dp=[-0.0011,-0.0000,+0.0614]
