WARNING: All log messages before absl::InitializeLog() is called are written to STDERR
E0000 00:00:1787306384.956656 1111038 descriptor_database.cc:633] File already exists in database: grpc/health/v1/health.proto
W0000 00:00:1787306384.956676 1111038 message.cc:301] Protobuf GeneratedMessageFactory: File is already registered: grpc/health/v1/health.proto
2026-08-21T09:59:44Z [Info] [carb] Logging to file: /home/liang/isaacsim/kit/logs/Kit/Isaac-Sim Python/6.0/kit_20260821_175944.log
[0.046s] [ext: omni.assets.plugins-0.0.0] startup
[0.047s] [ext: omni.blobkey-1.1.2] startup
[0.047s] [ext: omni.kit.async_engine-0.0.3] startup
[0.299s] [ext: omni.client.lib-1.1.1] startup
[0.308s] [ext: omni.client-1.3.0] startup
[0.310s] [ext: omni.protobuf.lib-1.0.0] startup
[0.311s] [ext: omni.grpc.lib-1.0.0] startup
[0.314s] [ext: omni.metrics.core-0.0.3] startup
[0.314s] [ext: omni.datastore-0.0.0] startup
[0.314s] [ext: omni.gpu_foundation.shadercache.vulkan-1.0.0] startup
[0.318s] [ext: omni.hsscclient-1.1.4] startup
[0.318s] [ext: omni.stats-1.0.1] startup
[0.319s] [ext: omni.ujitso.default-1.0.0] startup
[0.322s] [ext: omni.gpu_foundation-0.0.0] startup
[0.470s] [ext: carb.windowing.plugins-1.0.1] startup
[0.470s] [ext: omni.kit.renderer.init-1.0.1] startup

|---------------------------------------------------------------------------------------------|
| Driver Version: 580.173.02    | Graphics API: Vulkan
|=============================================================================================|
| GPU | Name                             | Active | LDA | GPU Memory | Vendor-ID | LUID       |
|     |                                  |        |     |            | Device-ID | UUID       |
|     |                                  |        |     |            | Bus-ID    |            |
|---------------------------------------------------------------------------------------------|
| 0   | NVIDIA GeForce RTX 5070 Ti       | Yes: 0 |     | 16303   MB | 10de      | 0          |
|     |                                  |        |     |            | 2c05      | bee4013a.. |
|     |                                  |        |     |            | 1         |            |
|---------------------------------------------------------------------------------------------|
| 1   | AMD Ryzen 7 9700X 8-Core Proce.. |        |     | 10719   MB | 1002      | 0          |
|     |                                  |        |     |            | 13c0      | 00000000.. |
|     |                                  |        |     |            | 13        |            |
|=============================================================================================|
| OS: 24.04.4 LTS (Noble Numbat) ubuntu, Version: 24.04.4, Kernel: 7.0.0-29-generic
| XServer Vendor: The X.Org Foundation, XServer Version: 12101011 (1.21.1.11)
| Processor: AMD Ryzen 7 9700X 8-Core Processor
| Cores: 8 | Logical Cores: 16
|---------------------------------------------------------------------------------------------|
| Total Memory (MB): 31134 | Free Memory: 16020
| Total Page/Swap (MB): 8191 | Free Page/Swap: 8191
|---------------------------------------------------------------------------------------------|
[0.990s] [ext: omni.kit.pipapi-0.0.0] startup
[0.991s] [ext: omni.kit.pip_archive-0.0.0] startup
[0.991s] [ext: isaacsim.pip.newton-0.6.0] startup
[0.991s] [ext: omni.pip.compute-1.9.0] startup
[0.991s] [ext: omni.isaac.core_archive-5.3.0] startup
[0.992s] [ext: omni.kit.telemetry-0.5.2] startup
[1.015s] [ext: omni.kit.loop-isaac-1.6.0] startup
[1.016s] [ext: omni.kit.test-2.0.7] startup
[1.069s] [ext: omni.materialx.libs-1.0.9] startup
[1.076s] [ext: omni.gpucompute.plugins-0.0.0] startup
[1.076s] [ext: omni.usd.config-1.0.7] startup
[1.079s] [ext: omni.usd.libs-1.0.3] startup
[1.142s] [ext: omni.iray.libs-0.0.1] startup
[1.145s] [ext: omni.mdl-57.0.3] startup
[1.162s] [ext: omni.mdl.neuraylib-0.2.20] startup
[1.164s] [ext: omni.kit.usd.mdl-1.1.9] startup
[1.254s] [ext: omni.appwindow-1.2.2] startup
[1.256s] [ext: omni.kit.renderer.core-1.2.2] startup
[1.629s] [ext: omni.kit.renderer.capture-2.0.1] startup
[1.631s] [ext: omni.kit.renderer.imgui-2.0.6] startup
[1.672s] [ext: omni.ui-3.1.3] startup
[1.681s] [ext: omni.kit.mainwindow-1.0.3] startup
[1.682s] [ext: carb.audio-0.1.0] startup
[1.685s] [ext: omni.uiaudio-1.0.0] startup
[1.686s] [ext: omni.kit.uiapp-0.0.0] startup
[1.686s] [ext: omni.usd.schema.metrics.assembler-110.1.0] startup
[1.689s] [ext: omni.usd.schema.audio-0.0.1] startup
[1.693s] [ext: omni.usd_resolver-1.0.0] startup
[1.695s] [ext: omni.usd.core-1.8.3] startup
[1.698s] [ext: omni.metropolis.schema-0.0.3] startup
[1.699s] [ext: isaacsim.anim.robot.schema-0.1.1] startup
[1.699s] [ext: omni.usd.schema.anim-0.0.1] startup
[1.715s] [ext: omni.usd.schema.geospatial-0.0.1] startup
[1.717s] [ext: omni.usd.schema.omnigraph-1.0.1] startup
[1.722s] [ext: omni.usd.schema.semantics-0.0.0] startup
[1.724s] [ext: omni.activity.core-1.0.3] startup
[1.725s] [ext: omni.cubric-0.1.0] startup
[1.725s] [ext: omni.graph.exec-0.9.6] startup
[1.726s] [ext: omni.hydra.scene_delegate-0.3.5] startup
[1.729s] [ext: usdrt.scenegraph-7.6.3] startup
[1.751s] [ext: omni.hydra.usdrt_delegate-7.5.2] startup
[1.757s] [ext: omni.inspect-1.0.2] startup
[1.758s] [ext: omni.kit.actions.core-1.0.0] startup
[1.759s] [ext: omni.kit.audiodeviceenum-1.0.2] startup
[1.761s] [ext: omni.kit.commands-1.5.0] startup
[1.763s] [ext: omni.kit.exec.core-0.13.5] startup
[1.764s] [ext: omni.kit.usd_undo-0.1.8] startup
[1.764s] [ext: omni.kit.window.popup_dialog-2.0.25] startup
[1.767s] [ext: omni.kit.widget.nucleus_connector-2.3.1] startup
[1.770s] [ext: omni.timeline-1.1.0] startup
[1.772s] [ext: omni.usd-1.15.2] startup
[1.802s] [ext: omni.graph.core-3.1.2] startup
[1.804s] [ext: omni.kit.notification_manager-1.0.11] startup
[1.806s] [ext: isaacsim.core.deprecation_manager-0.4.2] startup
[1.807s] [ext: isaacsim.replicator.agent.schema-0.1.1] startup
[1.808s] [ext: isaacsim.robot.schema-6.3.6] startup
[1.812s] [ext: isaacsim.robot_motion.schema-0.2.0] startup
[1.813s] [ext: omni.anim.behavior.schema-110.1.0] startup
[1.816s] [ext: omni.anim.graph.schema-110.1.1] startup
[1.822s] [ext: omni.anim.navigation.schema-110.1.0] startup
[1.825s] [ext: omni.behavior.tree.schema-110.1.0] startup
[1.826s] [ext: omni.isaac.ml_archive-3.3.0] startup
[1.826s] [ext: omni.kit.asset_converter-5.1.4] startup
[1.836s] [ext: omni.pip.cloud-1.5.3] startup
[1.839s] [ext: omni.usd.schema.flow-110.0.0] startup
[1.840s] [ext: omni.usd.schema.mujoco-1.1.0] startup
[1.841s] [ext: omni.usd.schema.newton-1.2.0] startup
[1.841s] [ext: omni.usd.schema.omni_lens_distortion-1.0.0] startup
[1.842s] [ext: omni.usd.schema.omni_projectors-1.0.0] startup
[1.842s] [ext: omni.usd.schema.omni_sensors-0.0.0] startup
[1.849s] [ext: omni.usd.schema.omniscripting-1.0.1] startup
[1.852s] [ext: omni.usd.schema.physical_lighting-0.1.0] startup
[1.856s] [ext: omni.usd.schema.physx-110.1.11] startup
[1.882s] [ext: omni.usd.schema.render_settings.rtx-1.0.2] startup
[1.885s] [ext: omni.usd.schema.usd_particle_field-1.0.0] startup
[1.886s] [ext: isaacsim.core.version-2.1.0] startup
[1.886s] [ext: omni.kit.menu.core-1.2.0] startup
[1.887s] [ext: omni.kit.menu.utils-2.2.3] startup
[1.893s] [ext: isaacsim.app.about-2.3.0] startup
[1.898s] [ext: isaacsim.asset.transformer-1.2.3] startup
[1.900s] [ext: omni.scene.optimizer.core-110.1.0] startup
[1.935s] [ext: isaacsim.asset.importer.utils-1.8.0] startup
[1.937s] [ext: omni.convexdecomposition-110.1.11] startup
[1.940s] [ext: omni.physics-110.1.11] startup
[1.942s] [ext: omni.physx.gpu-110.1.11] startup
[1.942s] [ext: omni.physx.foundation-110.1.11] startup
[1.943s] [ext: omni.usdphysics-110.1.11] startup
[1.945s] [ext: omni.physx.cooking-110.1.11] startup
[1.946s] [ext: omni.physx-110.1.11] startup
[1.953s] [ext: omni.physics.physx-110.1.11] startup
[1.956s] [ext: isaacsim.asset.exporter.urdf-2.0.3] startup
[1.962s] [ext: omni.kit.clipboard-1.1.1] startup
[1.963s] [ext: omni.kit.usd.layers-2.6.1] startup
[1.968s] [ext: omni.kit.widget.context_menu-1.4.0] startup
[1.969s] [ext: omni.kit.context_menu-1.9.0] startup
[1.971s] [ext: omni.kit.helper.file_utils-0.1.10] startup
[1.972s] [ext: omni.kit.widget.nucleus_info-2.0.2] startup
[1.972s] [ext: omni.kit.search_core-1.0.8] startup
[1.973s] [ext: omni.kit.widget.path_field-2.0.13] startup
[1.973s] [ext: omni.kit.widget.browser_bar-2.0.10] startup
[1.974s] [ext: omni.kit.widget.filebrowser-2.13.4] startup
[1.978s] [ext: omni.kit.widget.options_menu-1.1.6] startup
[1.979s] [ext: omni.kit.widget.options_button-1.0.3] startup
[1.980s] [ext: omni.kit.widget.search_delegate-1.0.9] startup
[1.980s] [ext: omni.ui.scene-2.0.1] startup
[1.984s] [ext: omni.kit.window.filepicker-2.15.5] startup
[1.996s] [ext: omni.kit.window.file_importer-1.1.21] startup
[1.998s] [ext: omni.kit.material.library-3.1.2] startup
[2.002s] [ext: isaacsim.asset.transformer.rules-1.7.8] startup
[2.011s] [ext: omni.usdex.libs-2.2.2] startup
[2.018s] [ext: isaacsim.asset.importer.mjcf-3.10.0] startup
[2.020s] [ext: isaacsim.asset.importer.urdf-3.11.0] startup
[2.024s] [ext: omni.kit.primitive.mesh-1.1.0] startup
[2.026s] [ext: omni.kit.stage_template.core-1.1.22] startup
[2.027s] [ext: omni.kit.stage_templates-2.0.2] startup
[2.028s] [ext: omni.usd.metrics.assembler-110.1.2] startup
[2.031s] [ext: omni.warp.core-1.13.0] startup
[2.193s] [ext: isaacsim.core.experimental.utils-0.17.1] startup
[2.194s] [ext: omni.physics.stageupdate-110.1.11] startup
[2.195s] [ext: omni.physics.tensors-110.1.11] startup
[2.199s] [ext: omni.physx.tensors-110.1.11] startup
[2.202s] [ext: isaacsim.core.simulation_manager-1.15.4] startup
[2.214s] [ext: isaacsim.storage.native-1.9.2] startup
[2.215s] [ext: omni.usd.metrics.assembler.physics-110.1.11] startup
[2.216s] [ext: isaacsim.core.utils-4.1.6] startup
[2.218s] [ext: isaacsim.core.prims-0.11.6] startup
[3.174s] [ext: isaacsim.core.api-5.2.12] startup
[3.180s] [ext: isaacsim.core.cloner-1.7.2] startup
[3.181s] [ext: isaacsim.test.docstring-1.3.1] startup
[3.185s] [ext: isaacsim.core.experimental.prims-1.8.8] startup
[3.209s] [ext: isaacsim.core.experimental.primdata-0.3.2] startup
[3.211s] [ext: omni.graph.tools-1.81.0] startup
[3.230s] [ext: omni.graph-1.142.5] startup
[3.262s] [ext: isaacsim.core.experimental.actuators-0.1.0] startup
[5.042s] [ext: isaacsim.core.experimental.materials-0.7.0] startup
[5.046s] [ext: isaacsim.core.experimental.objects-0.8.0] startup
[5.106s] [ext: omni.hydra.engine.stats-1.0.5] startup
[5.109s] [ext: omni.hydra.rtx.shadercache.vulkan-1.0.0] startup
[5.111s] [ext: omni.index.libs-387500.3473.0] startup
[5.111s] [ext: omni.index-1.0.1] startup
[5.111s] [ext: omni.ujitso.client-0.0.0] startup
[5.112s] [ext: omni.usd.schema.playback-1.0.0] startup
[5.115s] [ext: omni.volume-0.5.2] startup
[5.119s] [ext: omni.hydra.rtx-1.0.3] startup
[5.145s] [ext: omni.kit.hydra_texture-1.6.0] startup
[5.149s] [ext: omni.kit.raycast.query-1.2.0] startup
[5.153s] [ext: omni.kit.viewport.legacy_gizmos-1.0.24] startup
[5.155s] [ext: omni.kit.viewport.registry-104.0.6] startup
[5.156s] [ext: omni.kit.viewport.scene_camera_model-1.0.7] startup
[5.160s] [ext: omni.kit.widget.viewport-109.2.0] startup
[5.164s] [ext: omni.kit.window.drop_support-1.0.8] startup
[5.164s] [ext: omni.kit.viewport.window-109.0.2] startup
[5.180s] [ext: omni.kit.viewport.utility-2.0.1] startup
[5.181s] [ext: isaacsim.core.rendering_manager-0.4.2] startup
[5.200s] [ext: omni.graph.action_core-1.1.9] startup
[5.202s] [ext: omni.graph.action_nodes_core-2.10.2] startup
[5.205s] [ext: omni.graph.action_nodes-2.10.3] startup
[5.225s] [ext: omni.graph.action-2.10.2] startup
[5.227s] [ext: omni.graph.image.core-0.6.1] startup
[5.227s] [ext: omni.graph.image.nodes-1.3.1] startup
[5.228s] [ext: omni.graph.nodes_core-2.10.3] startup
[5.233s] [ext: omni.graph.nodes-2.11.1] startup
[5.241s] [ext: omni.kit.hotkeys.core-1.3.12] startup
[5.243s] [ext: omni.kit.property.adapter.core-1.1.1] startup
[5.245s] [ext: omni.kit.property.adapter.usd-1.0.5] startup
[5.246s] [ext: omni.kit.widget.filter-1.1.5] startup
[5.247s] [ext: omni.kit.widget.highlight_label-1.0.3] startup
[5.248s] [ext: omni.kit.widget.searchfield-1.1.8] startup
[5.249s] [ext: omni.kit.window.file_exporter-1.0.36] startup
[5.250s] [ext: omni.kit.widget.stage-4.3.0] startup
[5.260s] [ext: omni.kit.window.content_browser_registry-0.0.6] startup
[5.261s] [ext: omni.kit.window.file-2.0.10] startup
[5.264s] [ext: omni.kit.window.content_browser-3.1.8] startup
[5.274s] [ext: omni.kit.window.property-1.15.1] startup
[5.284s] [ext: omni.kit.property.usd-4.8.1] startup
[5.295s] [ext: omni.graph.scriptnode-2.10.2] startup
[5.302s] [ext: omni.kit.widget.searchable_combobox-1.0.7] startup
[5.304s] [ext: omni.kit.widget.settings-2.0.0] startup
[5.306s] [ext: omni.kit.window.preferences-1.8.3] startup
[5.311s] [ext: omni.kit.viewport.menubar.core-107.2.2] startup
[5.322s] [ext: omni.syntheticdata-0.6.15] startup
[5.348s] [ext: omni.replicator.nv-1.1.1] startup
[5.353s] [ext: omni.videoencoding-0.2.1] startup
[5.356s] [ext: omni.replicator.core-1.13.25] startup
[5.564s] [ext: isaacsim.core.nodes-5.10.4] startup
[5.595s] [ext: isaacsim.core.throttling-2.3.3] startup
[5.596s] [ext: omni.kit.manipulator.viewport-107.0.1] startup
[5.597s] [ext: omni.graph.visualization.nodes-2.1.4] startup
[5.610s] [ext: omni.kit.window.extensions-1.5.7] startup
[5.615s] [ext: isaacsim.gui.components-1.8.4] startup
[5.619s] [ext: isaacsim.robot.surface_gripper-3.6.1] startup
[5.631s] [ext: isaacsim.robot.manipulators-3.4.4] startup
[5.641s] [ext: isaacsim.robot_motion.lula-4.1.2] startup
[5.647s] [ext: isaacsim.robot_motion.motion_generation-8.2.8] startup
[5.653s] [ext: isaacsim.cortex.framework-1.0.17] startup
[5.654s] [ext: isaacsim.cortex.behaviors-2.0.16] startup
[5.657s] [ext: isaacsim.examples.base-1.3.1] startup
[5.658s] [ext: omni.kit.widget.zoombar-1.0.7] startup
[5.659s] [ext: omni.kit.browser.core-2.3.18] startup
[5.662s] [ext: omni.kit.browser.folder.core-2.0.2] startup
[5.666s] [ext: omni.kit.widget.stage_icons-1.0.8] startup
[5.667s] [ext: omni.kit.window.stage-2.6.1] startup
[5.671s] [ext: omni.kit.menu.stage-1.2.7] startup
[5.673s] [ext: omni.kit.usd.collect-3.0.5] startup
[5.675s] [ext: omni.kit.widget.prompt-1.0.7] startup
[5.676s] [ext: omni.kit.tool.collect-2.2.19] startup
[5.678s] [ext: isaacsim.examples.browser-0.3.1] startup
[5.680s] [ext: omni.kit.search.files-1.0.4] startup
[5.681s] [ext: omni.kit.widget.calendar-1.0.9] startup
[5.682s] [ext: omni.kit.widget.extended_searchfield-1.0.31] startup
[5.691s] [ext: omni.simready.content.browser-0.3.7] startup
[5.783s] [ext: isaacsim.gui.content_browser-0.4.2] startup
[5.785s] [ext: omni.kit.selection-0.1.6] startup
[5.786s] [ext: isaacsim.gui.menu-2.10.5] startup
[5.793s] [ext: isaacsim.gui.property-1.6.2] startup
[5.799s] [ext: omni.kit.viewport.actions-107.0.2] startup
[5.802s] [ext: omni.kit.viewport.menubar.display-107.1.3] startup
[5.804s] [ext: isaacsim.gui.sensors.icon-2.2.0] startup
[5.807s] [ext: omni.behavior.scripting.core-110.1.0] startup
[5.810s] [ext: isaacsim.replicator.behavior-1.5.3] startup
[5.811s] [ext: isaacsim.replicator.experimental.domain_randomization-1.2.4] startup
[5.823s] [ext: isaacsim.replicator.domain_randomization-1.2.1] startup
[5.898s] [ext: isaacsim.replicator.writers-1.5.3] startup
[5.921s] [ext: isaacsim.robot.experimental.wheeled_robots-0.2.9] startup
[5.943s] [ext: isaacsim.robot.policy.examples-5.2.11] startup
[5.961s] [ext: isaacsim.robot.wheeled_robots-5.2.3] startup
[5.964s] [ext: isaacsim.robot.wheeled_robots.nodes-0.1.2] startup
[5.982s] [ext: isaacsim.robot_motion.experimental.motion_generation-6.1.2] startup
[5.992s] [ext: isaacsim.robot_motion.cumotion-1.3.0] startup
[6.007s] [ext: omni.kit.numpy.common-0.1.3] startup
[6.009s] [ext: isaacsim.sensors.camera-1.7.8] startup
[6.035s] [ext: isaacsim.sensors.experimental.physics-3.0.1] startup
[6.044s] [ext: omni.sensors.net-1.0.1] startup
[6.046s] [ext: omni.sensors.nv.common-3.0.0] startup
[6.057s] [ext: omni.sensors.nv.materials-2.0.0] startup
[6.061s] [ext: omni.sensors.nv.acoustic-3.0.0] startup
[6.063s] [ext: omni.sensors.nv.ids-2.0.1] startup
[6.071s] [ext: omni.sensors.nv.lidar-3.0.0] startup
[6.076s] [ext: omni.sensors.nv.radar-3.0.0] startup
[6.079s] [ext: isaacsim.sensors.experimental.rtx-1.4.3] startup
[6.332s] [ext: isaacsim.sensors.physics.nodes-1.5.2] startup
[6.338s] [ext: isaacsim.util.debug_draw-3.2.2] startup
[6.344s] [ext: isaacsim.sensors.physx-2.5.4] startup
[6.352s] [ext: isaacsim.sensors.rtx-15.17.0] startup
[6.365s] [ext: isaacsim.simulation_app-2.18.3] startup
[6.365s] [ext: omni.anim.curve.core-1.6.0] startup
[6.377s] [ext: omni.graph.ui_nodes-2.10.5] startup
[6.400s] [ext: omni.hydra.scene_api-0.1.3] startup
[6.406s] [ext: omni.kit.manipulator.camera-110.0.0] startup
[6.410s] [ext: omni.kit.manipulator.selector-1.1.4] startup
[6.411s] [ext: omni.kit.manipulator.transform-107.0.0] startup
[6.415s] [ext: omni.kit.widget.toolbar-2.1.0] startup
[6.421s] [ext: omni.kit.manipulator.tool.snap-1.5.14] startup
[6.426s] [ext: omni.kit.viewport.manipulator.transform-107.0.4] startup
[6.428s] [ext: omni.kit.manipulator.prim.core-108.0.2] startup
[6.434s] [ext: omni.kit.manipulator.prim.usd-107.0.3] startup
[6.435s] [ext: omni.kit.manipulator.prim-108.0.0] startup
[6.435s] [ext: omni.kit.manipulator.selection-109.0.1] startup
[6.436s] [ext: omni.kit.menu.create-2.0.2] startup
[6.438s] [ext: omni.kit.property.audio-1.0.16] startup
[6.443s] [ext: omni.kit.property.camera-1.0.14] startup
[6.444s] [ext: omni.kit.property.geometry-2.1.2] startup
[6.447s] [ext: omni.kit.property.light-1.0.14] startup
[6.482s] [ext: omni.kit.property.material-1.14.2] startup
[6.488s] [ext: omni.kit.property.render-1.2.2] startup
[6.491s] [ext: omni.kit.property.transform-1.6.9] startup
[6.494s] [ext: omni.kit.property.bundle-1.5.1] startup
[6.496s] [ext: omni.kit.usdz_export-1.1.0] startup
[6.498s] [ext: omni.kit.tool.asset_importer-5.2.0] startup
[6.503s] [ext: omni.kit.ui.actions-1.0.5] startup
[6.505s] [ext: omni.kit.viewport.menubar.camera-107.0.10] startup
[6.510s] [ext: omni.kit.viewport.menubar.lighting-107.3.2] startup
[6.513s] [ext: omni.kit.viewport.menubar.render-107.0.10] startup
[6.515s] [ext: omni.kit.viewport.menubar.settings-110.0.1] startup
[6.518s] [ext: omni.kit.window.console-1.1.8] startup
[6.522s] [ext: omni.kit.window.status_bar-0.1.11] startup
[6.525s] [ext: omni.kit.window.toolbar-3.0.3] startup
[6.527s] [ext: omni.ocio-0.1.1] startup
[6.528s] [ext: omni.physx.commands-110.1.11] startup
[6.531s] [ext: omni.replicator.replicator_yaml-2.0.12] startup
[6.540s] [ext: omni.rtx.window.settings-0.8.0] startup
[6.548s] [ext: omni.rtx.settings.core-0.7.0] startup
[6.550s] [ext: omni.usd.metrics.assembler.ui-110.1.1] startup
[6.557s] [ext: semantics.schema.editor-2.0.2] startup
[6.560s] [ext: semantics.schema.property-2.0.1] startup
[6.561s] [ext: omni.kit.menu.common-2.0.2] startup
[6.563s] [ext: isaacsim.exp.base-6.0.0] startup
[6.563s] [ext: isaacsim.exp.base.python-6.0.0] startup
[6.564s] Simulation App Starting
[7.655s] Simulation App Startup Complete
[7.664s] app ready
Starting kit application with the following args:  ['/home/liang/isaacsim/exts/isaacsim.simulation_app/isaacsim/simulation_app/simulation_app.py', '/home/liang/isaacsim/apps/isaacsim.exp.base.python.kit', '--/app/tokens/exe-path=/home/liang/isaacsim/kit', '--/persistent/app/viewport/displayOptions=3094', '--/rtx/materialDb/syncLoads=True', '--/rtx/hydra/materialSyncLoads=True', '--/omni.kit.plugin/syncUsdLoads=True', '--/app/renderer/resolution/width=1280', '--/app/renderer/resolution/height=720', '--/app/window/width=1440', '--/app/window/height=900', '--/renderer/multiGpu/enabled=True', '--/app/fastShutdown=True', '--/app/installSignalHandlers=0', '--ext-folder', '/home/liang/isaacsim/exts', '--ext-folder', '/home/liang/isaacsim/apps', '--/physics/cudaDevice=0', '--/plugins/carb.tasking.plugin/threadCount=16', '--/plugins/omni.tbb.globalcontrol/maxThreadCount=16', '--portable', '--no-window', '--/app/window/hideUi=1']
Passing the following args to the base kit application:  []
Warp 1.13.0 initialized:
   CUDA Toolkit 12.9, Driver 13.0
   Devices:
     "cpu"      : "x86_64"
     "cuda:0"   : "NVIDIA GeForce RTX 5070 Ti" (15 GiB, sm_120, mempool enabled)
   Kernel cache:
     /home/liang/.cache/warp/1.13.0
[isaac] DOF=['joint1', 'joint2', 'joint3', 'joint4', 'joint5', 'joint6', 'gripper_joint1', 'gripper_joint2']  手指行程上限=0.0715 m
[isaac] 场景就绪：USD=/home/liang/Documents/code/HyperdualQuaternions_modeling_robotic/reBot-Isaacsim/usd/reBot_B601_DM/reBot_B601_DM.usda
[isaac]           prim=/World/B601  dt=0.0020s  立方体=[0.5084, -0.1309, 0.0225]
g(Q_S) = [0.0, 5.741, -2.204, -0.647, 0.0, 0.0]
=== [1] 闭环净反馈全组合 ===
  TAU_NET        -> |dq|max=0.0094 rad
=== [2] 单分量 ===
  j2(-1.61)      -> |dq|max=0.2229
  j3(+0.72)      -> |dq|max=0.1540
  j4(+0.27)      -> |dq|max=0.2371
=== [3] 两两组合 ===
  j2+j3             -> |dq|max=0.2509
  j2+j4             -> |dq|max=0.1594
  j3+j4             -> |dq|max=0.1980
=== [4] 5x 放大全组合 ===
  5*TAU_NET      -> |dq|max=0.3060 rad
[16.117s] Simulation App Shutting Down
