WARNING: All log messages before absl::InitializeLog() is called are written to STDERR
E0000 00:00:1787310954.331501 1639037 descriptor_database.cc:633] File already exists in database: grpc/health/v1/health.proto
W0000 00:00:1787310954.331545 1639037 message.cc:301] Protobuf GeneratedMessageFactory: File is already registered: grpc/health/v1/health.proto
2026-08-21T11:15:54Z [Info] [carb] Logging to file: /home/liang/isaacsim/kit/logs/Kit/Isaac-Sim Python/6.0/kit_20260821_191554.log
[0.048s] [ext: omni.assets.plugins-0.0.0] startup
[0.049s] [ext: omni.blobkey-1.1.2] startup
[0.049s] [ext: omni.kit.async_engine-0.0.3] startup
[0.300s] [ext: omni.client.lib-1.1.1] startup
[0.308s] [ext: omni.client-1.3.0] startup
[0.311s] [ext: omni.protobuf.lib-1.0.0] startup
[0.312s] [ext: omni.grpc.lib-1.0.0] startup
[0.316s] [ext: omni.metrics.core-0.0.3] startup
[0.316s] [ext: omni.datastore-0.0.0] startup
[0.316s] [ext: omni.gpu_foundation.shadercache.vulkan-1.0.0] startup
[0.319s] [ext: omni.hsscclient-1.1.4] startup
[0.320s] [ext: omni.stats-1.0.1] startup
[0.320s] [ext: omni.ujitso.default-1.0.0] startup
[0.323s] [ext: omni.gpu_foundation-0.0.0] startup
[0.472s] [ext: carb.windowing.plugins-1.0.1] startup
[0.472s] [ext: omni.kit.renderer.init-1.0.1] startup
2026-08-21T11:15:54Z [676ms] [Warning] [omni.rtx] Skipping unsupported non-NVIDIA GPU: AMD Ryzen 7 9700X 8-Core Processor (RADV RAPHAEL_MENDOCINO)
2026-08-21T11:15:54Z [676ms] [Warning] [omni.rtx] Skipping unsupported non-NVIDIA GPU: AMD Ryzen 7 9700X 8-Core Processor (RADV RAPHAEL_MENDOCINO)

|---------------------------------------------------------------------------------------------|
| Driver Version: 580.173.02    | Graphics API: Vulkan
|=============================================================================================|
| GPU | Name                             | Active | LDA | GPU Memory | Vendor-ID | LUID       |
|     |                                  |        |     |            | Device-ID | UUID       |
|     |                                  |        |     |            | Bus-ID    |            |
|---------------------------------------------------------------------------------------------|
| 0   | NVIDIA GeForce RTX 5070 Ti       | Yes: 0 |     | 16303   MB | 10de      | 0          |
|     |                                  |        |     |            | 2c05      | bee4013a.. |
|     |                                  |        |     |            | 1         |            |
|---------------------------------------------------------------------------------------------|
| 1   | AMD Ryzen 7 9700X 8-Core Proce.. |        |     | 10719   MB | 1002      | 0          |
|     |                                  |        |     |            | 13c0      | 00000000.. |
|     |                                  |        |     |            | 13        |            |
|=============================================================================================|
| OS: 24.04.4 LTS (Noble Numbat) ubuntu, Version: 24.04.4, Kernel: 7.0.0-29-generic
| XServer Vendor: The X.Org Foundation, XServer Version: 12101011 (1.21.1.11)
| Processor: AMD Ryzen 7 9700X 8-Core Processor
| Cores: 8 | Logical Cores: 16
|---------------------------------------------------------------------------------------------|
| Total Memory (MB): 31134 | Free Memory: 17191
| Total Page/Swap (MB): 8191 | Free Page/Swap: 8191
|---------------------------------------------------------------------------------------------|
2026-08-21T11:15:54Z [883ms] [Warning] [omni.rtx] CPU performance profile is set to powersave. This profile sets the CPU to the lowest frequency reducing performance.
2026-08-21T11:15:54Z [891ms] [Warning] [omni.rtx] IOMMU is enabled.
[1.005s] [ext: omni.kit.pipapi-0.0.0] startup
[1.006s] [ext: omni.kit.pip_archive-0.0.0] startup
[1.006s] [ext: isaacsim.pip.newton-0.6.0] startup
[1.006s] [ext: omni.pip.compute-1.9.0] startup
[1.006s] [ext: omni.isaac.core_archive-5.3.0] startup
[1.007s] [ext: omni.kit.telemetry-0.5.2] startup
[1.034s] [ext: omni.kit.loop-isaac-1.6.0] startup
[1.036s] [ext: omni.kit.test-2.0.7] startup
[1.082s] [ext: omni.materialx.libs-1.0.9] startup
[1.089s] [ext: omni.gpucompute.plugins-0.0.0] startup
[1.089s] [ext: omni.usd.config-1.0.7] startup
[1.092s] [ext: omni.usd.libs-1.0.3] startup
[1.154s] [ext: omni.iray.libs-0.0.1] startup
[1.158s] [ext: omni.mdl-57.0.3] startup
[1.175s] [ext: omni.mdl.neuraylib-0.2.20] startup
[1.177s] [ext: omni.kit.usd.mdl-1.1.9] startup
[1.267s] [ext: omni.appwindow-1.2.2] startup
[1.268s] [ext: omni.kit.renderer.core-1.2.2] startup
[1.629s] [ext: omni.kit.renderer.capture-2.0.1] startup
[1.631s] [ext: omni.kit.renderer.imgui-2.0.6] startup
[1.672s] [ext: omni.ui-3.1.3] startup
[1.679s] [ext: omni.kit.mainwindow-1.0.3] startup
[1.680s] [ext: carb.audio-0.1.0] startup
[1.682s] [ext: omni.uiaudio-1.0.0] startup
[1.682s] [ext: omni.kit.uiapp-0.0.0] startup
[1.682s] [ext: omni.usd.schema.metrics.assembler-110.1.0] startup
[1.684s] [ext: omni.usd.schema.audio-0.0.1] startup
[1.687s] [ext: omni.usd_resolver-1.0.0] startup
[1.690s] [ext: omni.usd.core-1.8.3] startup
[1.693s] [ext: omni.metropolis.schema-0.0.3] startup
[1.693s] [ext: isaacsim.anim.robot.schema-0.1.1] startup
[1.694s] [ext: omni.usd.schema.anim-0.0.1] startup
[1.708s] [ext: omni.usd.schema.geospatial-0.0.1] startup
[1.710s] [ext: omni.usd.schema.omnigraph-1.0.1] startup
[1.714s] [ext: omni.usd.schema.semantics-0.0.0] startup
[1.715s] [ext: omni.activity.core-1.0.3] startup
[1.716s] [ext: omni.cubric-0.1.0] startup
[1.717s] [ext: omni.graph.exec-0.9.6] startup
[1.717s] [ext: omni.hydra.scene_delegate-0.3.5] startup
[1.719s] [ext: usdrt.scenegraph-7.6.3] startup
[1.741s] [ext: omni.hydra.usdrt_delegate-7.5.2] startup
[1.745s] [ext: omni.inspect-1.0.2] startup
[1.746s] [ext: omni.kit.actions.core-1.0.0] startup
[1.747s] [ext: omni.kit.audiodeviceenum-1.0.2] startup
[1.748s] [ext: omni.kit.commands-1.5.0] startup
[1.750s] [ext: omni.kit.exec.core-0.13.5] startup
[1.751s] [ext: omni.kit.usd_undo-0.1.8] startup
[1.752s] [ext: omni.kit.window.popup_dialog-2.0.25] startup
[1.755s] [ext: omni.kit.widget.nucleus_connector-2.3.1] startup
[1.757s] [ext: omni.timeline-1.1.0] startup
[1.759s] [ext: omni.usd-1.15.2] startup
[1.789s] [ext: omni.graph.core-3.1.2] startup
[1.792s] [ext: omni.kit.notification_manager-1.0.11] startup
[1.793s] [ext: isaacsim.core.deprecation_manager-0.4.2] startup
[1.794s] [ext: isaacsim.replicator.agent.schema-0.1.1] startup
[1.794s] [ext: isaacsim.robot.schema-6.3.6] startup
[1.798s] [ext: isaacsim.robot_motion.schema-0.2.0] startup
[1.799s] [ext: omni.anim.behavior.schema-110.1.0] startup
[1.802s] [ext: omni.anim.graph.schema-110.1.1] startup
[1.808s] [ext: omni.anim.navigation.schema-110.1.0] startup
[1.811s] [ext: omni.behavior.tree.schema-110.1.0] startup
[1.811s] [ext: omni.isaac.ml_archive-3.3.0] startup
[1.812s] [ext: omni.kit.asset_converter-5.1.4] startup
[1.822s] [ext: omni.pip.cloud-1.5.3] startup
[1.824s] [ext: omni.usd.schema.flow-110.0.0] startup
[1.824s] [ext: omni.usd.schema.mujoco-1.1.0] startup
[1.825s] [ext: omni.usd.schema.newton-1.2.0] startup
[1.825s] [ext: omni.usd.schema.omni_lens_distortion-1.0.0] startup
[1.826s] [ext: omni.usd.schema.omni_projectors-1.0.0] startup
[1.826s] [ext: omni.usd.schema.omni_sensors-0.0.0] startup
[1.833s] [ext: omni.usd.schema.omniscripting-1.0.1] startup
[1.836s] [ext: omni.usd.schema.physical_lighting-0.1.0] startup
[1.840s] [ext: omni.usd.schema.physx-110.1.11] startup
[1.864s] [ext: omni.usd.schema.render_settings.rtx-1.0.2] startup
[1.867s] [ext: omni.usd.schema.usd_particle_field-1.0.0] startup
[1.867s] [ext: isaacsim.core.version-2.1.0] startup
[1.868s] [ext: omni.kit.menu.core-1.2.0] startup
[1.868s] [ext: omni.kit.menu.utils-2.2.3] startup
[1.875s] [ext: isaacsim.app.about-2.3.0] startup
[1.879s] [ext: isaacsim.asset.transformer-1.2.3] startup
[1.882s] [ext: omni.scene.optimizer.core-110.1.0] startup
[1.917s] [ext: isaacsim.asset.importer.utils-1.8.0] startup
[1.919s] [ext: omni.convexdecomposition-110.1.11] startup
[1.922s] [ext: omni.physics-110.1.11] startup
[1.924s] [ext: omni.physx.gpu-110.1.11] startup
[1.925s] [ext: omni.physx.foundation-110.1.11] startup
[1.926s] [ext: omni.usdphysics-110.1.11] startup
[1.927s] [ext: omni.physx.cooking-110.1.11] startup
[1.929s] [ext: omni.physx-110.1.11] startup
[1.937s] [ext: omni.physics.physx-110.1.11] startup
[1.939s] [ext: isaacsim.asset.exporter.urdf-2.0.3] startup
[1.945s] [ext: omni.kit.clipboard-1.1.1] startup
[1.946s] [ext: omni.kit.usd.layers-2.6.1] startup
[1.951s] [ext: omni.kit.widget.context_menu-1.4.0] startup
[1.953s] [ext: omni.kit.context_menu-1.9.0] startup
[1.955s] [ext: omni.kit.helper.file_utils-0.1.10] startup
[1.956s] [ext: omni.kit.widget.nucleus_info-2.0.2] startup
[1.956s] [ext: omni.kit.search_core-1.0.8] startup
[1.957s] [ext: omni.kit.widget.path_field-2.0.13] startup
[1.957s] [ext: omni.kit.widget.browser_bar-2.0.10] startup
[1.958s] [ext: omni.kit.widget.filebrowser-2.13.4] startup
[1.961s] [ext: omni.kit.widget.options_menu-1.1.6] startup
[1.963s] [ext: omni.kit.widget.options_button-1.0.3] startup
[1.963s] [ext: omni.kit.widget.search_delegate-1.0.9] startup
[1.964s] [ext: omni.ui.scene-2.0.1] startup
[1.968s] [ext: omni.kit.window.filepicker-2.15.5] startup
[1.979s] [ext: omni.kit.window.file_importer-1.1.21] startup
[1.980s] [ext: omni.kit.material.library-3.1.2] startup
[1.984s] [ext: isaacsim.asset.transformer.rules-1.7.8] startup
[1.993s] [ext: omni.usdex.libs-2.2.2] startup
[2.000s] [ext: isaacsim.asset.importer.mjcf-3.10.0] startup
[2.001s] [ext: isaacsim.asset.importer.urdf-3.11.0] startup
[2.005s] [ext: omni.kit.primitive.mesh-1.1.0] startup
[2.007s] [ext: omni.kit.stage_template.core-1.1.22] startup
[2.008s] [ext: omni.kit.stage_templates-2.0.2] startup
[2.009s] [ext: omni.usd.metrics.assembler-110.1.2] startup
[2.011s] [ext: omni.warp.core-1.13.0] startup
[2.174s] [ext: isaacsim.core.experimental.utils-0.17.1] startup
[2.174s] [ext: omni.physics.stageupdate-110.1.11] startup
[2.176s] [ext: omni.physics.tensors-110.1.11] startup
[2.179s] [ext: omni.physx.tensors-110.1.11] startup
[2.182s] [ext: isaacsim.core.simulation_manager-1.15.4] startup
2026-08-21T11:15:56Z [2,170ms] [Warning] [isaacsim.core.simulation_manager.plugin] USD stage is not available; stage-opened subscription is deferred
2026-08-21T11:15:56Z [2,170ms] [Warning] [isaacsim.core.simulation_manager.plugin] USD stage is not available; stage-opened subscription is deferred
[2.194s] [ext: isaacsim.storage.native-1.9.2] startup
[2.196s] [ext: omni.usd.metrics.assembler.physics-110.1.11] startup
[2.197s] [ext: isaacsim.core.utils-4.1.6] startup
[2.199s] [ext: isaacsim.core.prims-0.11.6] startup
[3.144s] [ext: isaacsim.core.api-5.2.12] startup
[3.150s] [ext: isaacsim.core.cloner-1.7.2] startup
[3.151s] [ext: isaacsim.test.docstring-1.3.1] startup
[3.156s] [ext: isaacsim.core.experimental.prims-1.8.8] startup
[3.177s] [ext: isaacsim.core.experimental.primdata-0.3.2] startup
[3.178s] [ext: omni.graph.tools-1.81.0] startup
[3.198s] [ext: omni.graph-1.142.5] startup
[3.231s] [ext: isaacsim.core.experimental.actuators-0.1.0] startup
[4.939s] [ext: isaacsim.core.experimental.materials-0.7.0] startup
[4.942s] [ext: isaacsim.core.experimental.objects-0.8.0] startup
[4.999s] [ext: omni.hydra.engine.stats-1.0.5] startup
[5.002s] [ext: omni.hydra.rtx.shadercache.vulkan-1.0.0] startup
[5.003s] [ext: omni.index.libs-387500.3473.0] startup
[5.003s] [ext: omni.index-1.0.1] startup
[5.004s] [ext: omni.ujitso.client-0.0.0] startup
[5.004s] [ext: omni.usd.schema.playback-1.0.0] startup
[5.008s] [ext: omni.volume-0.5.2] startup
[5.011s] [ext: omni.hydra.rtx-1.0.3] startup
2026-08-21T11:15:59Z [5,000ms] [Warning] [omni.log] Source: omni.hydra was already registered.
[5.036s] [ext: omni.kit.hydra_texture-1.6.0] startup
[5.040s] [ext: omni.kit.raycast.query-1.2.0] startup
[5.043s] [ext: omni.kit.viewport.legacy_gizmos-1.0.24] startup
[5.045s] [ext: omni.kit.viewport.registry-104.0.6] startup
[5.046s] [ext: omni.kit.viewport.scene_camera_model-1.0.7] startup
[5.049s] [ext: omni.kit.widget.viewport-109.2.0] startup
[5.053s] [ext: omni.kit.window.drop_support-1.0.8] startup
[5.054s] [ext: omni.kit.viewport.window-109.0.2] startup
[5.070s] [ext: omni.kit.viewport.utility-2.0.1] startup
[5.072s] [ext: isaacsim.core.rendering_manager-0.4.2] startup
[5.089s] [ext: omni.graph.action_core-1.1.9] startup
[5.091s] [ext: omni.graph.action_nodes_core-2.10.2] startup
[5.093s] [ext: omni.graph.action_nodes-2.10.3] startup
[5.109s] [ext: omni.graph.action-2.10.2] startup
[5.110s] [ext: omni.graph.image.core-0.6.1] startup
[5.111s] [ext: omni.graph.image.nodes-1.3.1] startup
[5.112s] [ext: omni.graph.nodes_core-2.10.3] startup
[5.116s] [ext: omni.graph.nodes-2.11.1] startup
[5.122s] [ext: omni.kit.hotkeys.core-1.3.12] startup
[5.123s] [ext: omni.kit.property.adapter.core-1.1.1] startup
[5.125s] [ext: omni.kit.property.adapter.usd-1.0.5] startup
[5.126s] [ext: omni.kit.widget.filter-1.1.5] startup
[5.127s] [ext: omni.kit.widget.highlight_label-1.0.3] startup
[5.128s] [ext: omni.kit.widget.searchfield-1.1.8] startup
[5.129s] [ext: omni.kit.window.file_exporter-1.0.36] startup
[5.130s] [ext: omni.kit.widget.stage-4.3.0] startup
[5.137s] [ext: omni.kit.window.content_browser_registry-0.0.6] startup
[5.139s] [ext: omni.kit.window.file-2.0.10] startup
[5.141s] [ext: omni.kit.window.content_browser-3.1.8] startup
[5.150s] [ext: omni.kit.window.property-1.15.1] startup
[5.160s] [ext: omni.kit.property.usd-4.8.1] startup
[5.169s] [ext: omni.graph.scriptnode-2.10.2] startup
[5.177s] [ext: omni.kit.widget.searchable_combobox-1.0.7] startup
[5.178s] [ext: omni.kit.widget.settings-2.0.0] startup
[5.180s] [ext: omni.kit.window.preferences-1.8.3] startup
[5.184s] [ext: omni.kit.viewport.menubar.core-107.2.2] startup
[5.195s] [ext: omni.syntheticdata-0.6.15] startup
[5.218s] [ext: omni.replicator.nv-1.1.1] startup
[5.224s] [ext: omni.videoencoding-0.2.1] startup
[5.226s] [ext: omni.replicator.core-1.13.25] startup
2026-08-21T11:15:59Z [5,210ms] [Warning] [pxr.Semantics] pxr.Semantics is deprecated - please use Semantics instead
2026-08-21T11:15:59Z [5,276ms] [Warning] [omni.replicator.core.scripts.extension] No material configuration file, adding configuration to material settings directly.
[5.426s] [ext: isaacsim.core.nodes-5.10.4] startup
[5.454s] [ext: isaacsim.core.throttling-2.3.3] startup
[5.456s] [ext: omni.kit.manipulator.viewport-107.0.1] startup
[5.457s] [ext: omni.graph.visualization.nodes-2.1.4] startup
[5.468s] [ext: omni.kit.window.extensions-1.5.7] startup
[5.474s] [ext: isaacsim.gui.components-1.8.4] startup
[5.477s] [ext: isaacsim.robot.surface_gripper-3.6.1] startup
[5.487s] [ext: isaacsim.robot.manipulators-3.4.4] startup
[5.496s] [ext: isaacsim.robot_motion.lula-4.1.2] startup
[5.501s] [ext: isaacsim.robot_motion.motion_generation-8.2.8] startup
[5.507s] [ext: isaacsim.cortex.framework-1.0.17] startup
[5.509s] [ext: isaacsim.cortex.behaviors-2.0.16] startup
[5.511s] [ext: isaacsim.examples.base-1.3.1] startup
[5.512s] [ext: omni.kit.widget.zoombar-1.0.7] startup
[5.513s] [ext: omni.kit.browser.core-2.3.18] startup
[5.516s] [ext: omni.kit.browser.folder.core-2.0.2] startup
[5.520s] [ext: omni.kit.widget.stage_icons-1.0.8] startup
[5.521s] [ext: omni.kit.window.stage-2.6.1] startup
[5.525s] [ext: omni.kit.menu.stage-1.2.7] startup
[5.526s] [ext: omni.kit.usd.collect-3.0.5] startup
[5.529s] [ext: omni.kit.widget.prompt-1.0.7] startup
[5.529s] [ext: omni.kit.tool.collect-2.2.19] startup
[5.531s] [ext: isaacsim.examples.browser-0.3.1] startup
[5.533s] [ext: omni.kit.search.files-1.0.4] startup
[5.534s] [ext: omni.kit.widget.calendar-1.0.9] startup
[5.535s] [ext: omni.kit.widget.extended_searchfield-1.0.31] startup
[5.543s] [ext: omni.simready.content.browser-0.3.7] startup
[5.635s] [ext: isaacsim.gui.content_browser-0.4.2] startup
[5.638s] [ext: omni.kit.selection-0.1.6] startup
[5.640s] [ext: isaacsim.gui.menu-2.10.5] startup
[5.647s] [ext: isaacsim.gui.property-1.6.2] startup
[5.653s] [ext: omni.kit.viewport.actions-107.0.2] startup
[5.657s] [ext: omni.kit.viewport.menubar.display-107.1.3] startup
[5.658s] [ext: isaacsim.gui.sensors.icon-2.2.0] startup
[5.661s] [ext: omni.behavior.scripting.core-110.1.0] startup
[5.663s] [ext: isaacsim.replicator.behavior-1.5.3] startup
[5.664s] [ext: isaacsim.replicator.experimental.domain_randomization-1.2.4] startup
[5.678s] [ext: isaacsim.replicator.domain_randomization-1.2.1] startup
[5.748s] [ext: isaacsim.replicator.writers-1.5.3] startup
[5.770s] [ext: isaacsim.robot.experimental.wheeled_robots-0.2.9] startup
[5.791s] [ext: isaacsim.robot.policy.examples-5.2.11] startup
[5.807s] [ext: isaacsim.robot.wheeled_robots-5.2.3] startup
[5.811s] [ext: isaacsim.robot.wheeled_robots.nodes-0.1.2] startup
[5.832s] [ext: isaacsim.robot_motion.experimental.motion_generation-6.1.2] startup
[5.844s] [ext: isaacsim.robot_motion.cumotion-1.3.0] startup
[5.857s] [ext: omni.kit.numpy.common-0.1.3] startup
[5.859s] [ext: isaacsim.sensors.camera-1.7.8] startup
[5.886s] [ext: isaacsim.sensors.experimental.physics-3.0.1] startup
[5.894s] [ext: omni.sensors.net-1.0.1] startup
[5.897s] [ext: omni.sensors.nv.common-3.0.0] startup
[5.908s] [ext: omni.sensors.nv.materials-2.0.0] startup
[5.911s] [ext: omni.sensors.nv.acoustic-3.0.0] startup
[5.913s] [ext: omni.sensors.nv.ids-2.0.1] startup
[5.915s] [ext: omni.sensors.nv.lidar-3.0.0] startup
[5.918s] [ext: omni.sensors.nv.radar-3.0.0] startup
[5.922s] [ext: isaacsim.sensors.experimental.rtx-1.4.3] startup
[6.164s] [ext: isaacsim.sensors.physics.nodes-1.5.2] startup
[6.170s] [ext: isaacsim.util.debug_draw-3.2.2] startup
[6.176s] [ext: isaacsim.sensors.physx-2.5.4] startup
[6.183s] [ext: isaacsim.sensors.rtx-15.17.0] startup
[6.194s] [ext: isaacsim.simulation_app-2.18.3] startup
[6.195s] [ext: omni.anim.curve.core-1.6.0] startup
[6.204s] [ext: omni.graph.ui_nodes-2.10.5] startup
[6.227s] [ext: omni.hydra.scene_api-0.1.3] startup
[6.231s] [ext: omni.kit.manipulator.camera-110.0.0] startup
[6.235s] [ext: omni.kit.manipulator.selector-1.1.4] startup
[6.237s] [ext: omni.kit.manipulator.transform-107.0.0] startup
[6.241s] [ext: omni.kit.widget.toolbar-2.1.0] startup
[6.247s] [ext: omni.kit.manipulator.tool.snap-1.5.14] startup
[6.250s] [ext: omni.kit.viewport.manipulator.transform-107.0.4] startup
[6.251s] [ext: omni.kit.manipulator.prim.core-108.0.2] startup
[6.257s] [ext: omni.kit.manipulator.prim.usd-107.0.3] startup
[6.258s] [ext: omni.kit.manipulator.prim-108.0.0] startup
[6.259s] [ext: omni.kit.manipulator.selection-109.0.1] startup
[6.260s] [ext: omni.kit.menu.create-2.0.2] startup
[6.261s] [ext: omni.kit.property.audio-1.0.16] startup
[6.263s] [ext: omni.kit.property.camera-1.0.14] startup
[6.265s] [ext: omni.kit.property.geometry-2.1.2] startup
[6.267s] [ext: omni.kit.property.light-1.0.14] startup
2026-08-21T11:16:00Z [6,265ms] [Warning] [omni.usd] Encountered USD Warnings but USD Diagnostics are currently muted. To view USD Warnings, please set the '/persistent/app/usd/muteUsdDiagnostics' setting to false in Preferences page.
[6.295s] [ext: omni.kit.property.material-1.14.2] startup
[6.299s] [ext: omni.kit.property.render-1.2.2] startup
[6.300s] [ext: omni.kit.property.transform-1.6.9] startup
[6.304s] [ext: omni.kit.property.bundle-1.5.1] startup
[6.305s] [ext: omni.kit.usdz_export-1.1.0] startup
[6.308s] [ext: omni.kit.tool.asset_importer-5.2.0] startup
[6.312s] [ext: omni.kit.ui.actions-1.0.5] startup
[6.314s] [ext: omni.kit.viewport.menubar.camera-107.0.10] startup
[6.318s] [ext: omni.kit.viewport.menubar.lighting-107.3.2] startup
[6.322s] [ext: omni.kit.viewport.menubar.render-107.0.10] startup
[6.324s] [ext: omni.kit.viewport.menubar.settings-110.0.1] startup
[6.328s] [ext: omni.kit.window.console-1.1.8] startup
[6.331s] [ext: omni.kit.window.status_bar-0.1.11] startup
[6.333s] [ext: omni.kit.window.toolbar-3.0.3] startup
[6.336s] [ext: omni.ocio-0.1.1] startup
[6.337s] [ext: omni.physx.commands-110.1.11] startup
[6.341s] [ext: omni.replicator.replicator_yaml-2.0.12] startup
[6.351s] [ext: omni.rtx.window.settings-0.8.0] startup
[6.361s] [ext: omni.rtx.settings.core-0.7.0] startup
[6.363s] [ext: omni.usd.metrics.assembler.ui-110.1.1] startup
[6.370s] [ext: semantics.schema.editor-2.0.2] startup
[6.374s] [ext: semantics.schema.property-2.0.1] startup
[6.375s] [ext: omni.kit.menu.common-2.0.2] startup
[6.377s] [ext: isaacsim.exp.base-6.0.0] startup
[6.377s] [ext: isaacsim.exp.base.python-6.0.0] startup
[6.378s] Simulation App Starting
[7.441s] Simulation App Startup Complete
[7.449s] app ready
Starting kit application with the following args:  ['/home/liang/isaacsim/exts/isaacsim.simulation_app/isaacsim/simulation_app/simulation_app.py', '/home/liang/isaacsim/apps/isaacsim.exp.base.python.kit', '--/app/tokens/exe-path=/home/liang/isaacsim/kit', '--/persistent/app/viewport/displayOptions=3094', '--/rtx/materialDb/syncLoads=True', '--/rtx/hydra/materialSyncLoads=True', '--/omni.kit.plugin/syncUsdLoads=True', '--/app/renderer/resolution/width=1280', '--/app/renderer/resolution/height=720', '--/app/window/width=1440', '--/app/window/height=900', '--/renderer/multiGpu/enabled=True', '--/app/fastShutdown=True', '--/app/installSignalHandlers=0', '--ext-folder', '/home/liang/isaacsim/exts', '--ext-folder', '/home/liang/isaacsim/apps', '--/physics/cudaDevice=0', '--/plugins/carb.tasking.plugin/threadCount=16', '--/plugins/omni.tbb.globalcontrol/maxThreadCount=16', '--portable', '--no-window', '--/app/window/hideUi=1']
Passing the following args to the base kit application:  []
Warp 1.13.0 initialized:
   CUDA Toolkit 12.9, Driver 13.0
   Devices:
     "cpu"      : "x86_64"
     "cuda:0"   : "NVIDIA GeForce RTX 5070 Ti" (15 GiB, sm_120, mempool enabled)
   Kernel cache:
     /home/liang/.cache/warp/1.13.0
[isaac] DOF=['joint1', 'joint2', 'joint3', 'joint4', 'joint5', 'joint6', 'gripper_joint1', 'gripper_joint2']  手指行程上限=0.0715 m
[isaac] 场景就绪：USD=/home/liang/Documents/code/HyperdualQuaternions_modeling_robotic/reBot-Isaacsim/usd/reBot_B601_DM/reBot_B601_DM.usda
[isaac]           prim=/World/B601  dt=0.0020s  立方体=[0.5084, -0.1309, 0.0225]
j1: q̈=[2.52, -1.139, -0.733, -0.134, 14.346, 0.944]  |q̈|max=14.346
j2: q̈=[1.699, 5.973, 7.447, 12.206, -0.294, -0.335]  |q̈|max=12.206
j3: q̈=[2.061, 9.545, 21.589, -10.132, 0.042, 0.135]  |q̈|max=21.589
j4: q̈=[0.166, 11.383, -11.847, 116.459, 0.52, -0.248]  |q̈|max=116.459
j5: q̈=[15.53, -0.082, -1.275, 0.77, 276.166, -2.192]  |q̈|max=276.166
j6: q̈=[-0.067, 0.043, -0.029, 0.316, -0.983, 1247.566]  |q̈|max=1247.566
Minv 实测（列 = q̈/δ）：
        5.040      3.398      4.122      0.332     31.059     -0.135
       -2.279     11.945     19.091     22.765     -0.163      0.086
       -1.466     14.894     43.177    -23.694     -2.550     -0.058
       -0.267     24.411    -20.264    232.918      1.541      0.633
       28.691     -0.587      0.084      1.041    552.333     -1.966
        1.889     -0.670      0.271     -0.496     -4.384   2495.132
M 实测（inv(Minv)）vs 名义 对角比：
    j1: M_est=0.134466  M̂=0.262972  ratio=  0.51
    j2: M_est=0.731875  M̂=0.245239  ratio=  2.98
    j3: M_est=0.201558  M̂=0.077997  ratio=  2.58
    j4: M_est=0.020763  M̂=0.009874  ratio=  2.10
    j5: M_est=0.002151  M̂=0.002468  ratio=  0.87
    j6: M_est=0.000401  M̂=0.000268  ratio=  1.49
    M_est = [[0.13447, -0.33924, 0.16031, 0.04931, -0.00706, 0.0], [0.31499, 0.73188, -0.40679, -0.11328, -0.01906, -0.0], [-0.12863, -0.32057, 0.20156, 0.05198, 0.00792, 0.0], [-0.04401, -0.10511, 0.06041, 0.02076, 0.00266, -0.0], [-0.00655, 0.01865, -0.00891, -0.00273, 0.00215, 0.0], [-2e-05, 0.0005, -0.00026, -7e-05, 0.0, 0.0004]]
[12.108s] Simulation App Shutting Down
