WARNING: All log messages before absl::InitializeLog() is called are written to STDERR
E0000 00:00:1787305450.449754 1000435 descriptor_database.cc:633] File already exists in database: grpc/health/v1/health.proto
W0000 00:00:1787305450.449772 1000435 message.cc:301] Protobuf GeneratedMessageFactory: File is already registered: grpc/health/v1/health.proto
2026-08-21T09:44:10Z [Info] [carb] Logging to file: /home/liang/isaacsim/kit/logs/Kit/Isaac-Sim Python/6.0/kit_20260821_174410.log
[0.046s] [ext: omni.assets.plugins-0.0.0] startup
[0.047s] [ext: omni.blobkey-1.1.2] startup
[0.047s] [ext: omni.kit.async_engine-0.0.3] startup
[0.303s] [ext: omni.client.lib-1.1.1] startup
[0.312s] [ext: omni.client-1.3.0] startup
[0.314s] [ext: omni.protobuf.lib-1.0.0] startup
[0.315s] [ext: omni.grpc.lib-1.0.0] startup
[0.318s] [ext: omni.metrics.core-0.0.3] startup
[0.318s] [ext: omni.datastore-0.0.0] startup
[0.319s] [ext: omni.gpu_foundation.shadercache.vulkan-1.0.0] startup
[0.322s] [ext: omni.hsscclient-1.1.4] startup
[0.323s] [ext: omni.stats-1.0.1] startup
[0.323s] [ext: omni.ujitso.default-1.0.0] startup
[0.326s] [ext: omni.gpu_foundation-0.0.0] startup
[0.478s] [ext: carb.windowing.plugins-1.0.1] startup
[0.478s] [ext: omni.kit.renderer.init-1.0.1] startup

|---------------------------------------------------------------------------------------------|
| Driver Version: 580.173.02    | Graphics API: Vulkan
|=============================================================================================|
| GPU | Name                             | Active | LDA | GPU Memory | Vendor-ID | LUID       |
|     |                                  |        |     |            | Device-ID | UUID       |
|     |                                  |        |     |            | Bus-ID    |            |
|---------------------------------------------------------------------------------------------|
| 0   | NVIDIA GeForce RTX 5070 Ti       | Yes: 0 |     | 16303   MB | 10de      | 0          |
|     |                                  |        |     |            | 2c05      | bee4013a.. |
|     |                                  |        |     |            | 1         |            |
|---------------------------------------------------------------------------------------------|
| 1   | AMD Ryzen 7 9700X 8-Core Proce.. |        |     | 10719   MB | 1002      | 0          |
|     |                                  |        |     |            | 13c0      | 00000000.. |
|     |                                  |        |     |            | 13        |            |
|=============================================================================================|
| OS: 24.04.4 LTS (Noble Numbat) ubuntu, Version: 24.04.4, Kernel: 7.0.0-29-generic
| XServer Vendor: The X.Org Foundation, XServer Version: 12101011 (1.21.1.11)
| Processor: AMD Ryzen 7 9700X 8-Core Processor
| Cores: 8 | Logical Cores: 16
|---------------------------------------------------------------------------------------------|
| Total Memory (MB): 31134 | Free Memory: 17731
| Total Page/Swap (MB): 8191 | Free Page/Swap: 8191
|---------------------------------------------------------------------------------------------|
[1.021s] [ext: omni.kit.pipapi-0.0.0] startup
[1.022s] [ext: omni.kit.pip_archive-0.0.0] startup
[1.022s] [ext: isaacsim.pip.newton-0.6.0] startup
[1.022s] [ext: omni.pip.compute-1.9.0] startup
[1.023s] [ext: omni.isaac.core_archive-5.3.0] startup
[1.023s] [ext: omni.kit.telemetry-0.5.2] startup
[1.050s] [ext: omni.kit.loop-isaac-1.6.0] startup
[1.051s] [ext: omni.kit.test-2.0.7] startup
[1.100s] [ext: omni.materialx.libs-1.0.9] startup
[1.108s] [ext: omni.gpucompute.plugins-0.0.0] startup
[1.108s] [ext: omni.usd.config-1.0.7] startup
[1.111s] [ext: omni.usd.libs-1.0.3] startup
[1.173s] [ext: omni.iray.libs-0.0.1] startup
[1.176s] [ext: omni.mdl-57.0.3] startup
[1.193s] [ext: omni.mdl.neuraylib-0.2.20] startup
[1.195s] [ext: omni.kit.usd.mdl-1.1.9] startup
[1.286s] [ext: omni.appwindow-1.2.2] startup
[1.288s] [ext: omni.kit.renderer.core-1.2.2] startup
[1.661s] [ext: omni.kit.renderer.capture-2.0.1] startup
[1.662s] [ext: omni.kit.renderer.imgui-2.0.6] startup
[1.701s] [ext: omni.ui-3.1.3] startup
[1.710s] [ext: omni.kit.mainwindow-1.0.3] startup
[1.710s] [ext: carb.audio-0.1.0] startup
[1.712s] [ext: omni.uiaudio-1.0.0] startup
[1.713s] [ext: omni.kit.uiapp-0.0.0] startup
[1.713s] [ext: omni.usd.schema.metrics.assembler-110.1.0] startup
[1.715s] [ext: omni.usd.schema.audio-0.0.1] startup
[1.717s] [ext: omni.usd_resolver-1.0.0] startup
[1.721s] [ext: omni.usd.core-1.8.3] startup
[1.724s] [ext: omni.metropolis.schema-0.0.3] startup
[1.724s] [ext: isaacsim.anim.robot.schema-0.1.1] startup
[1.725s] [ext: omni.usd.schema.anim-0.0.1] startup
[1.741s] [ext: omni.usd.schema.geospatial-0.0.1] startup
[1.743s] [ext: omni.usd.schema.omnigraph-1.0.1] startup
[1.747s] [ext: omni.usd.schema.semantics-0.0.0] startup
[1.749s] [ext: omni.activity.core-1.0.3] startup
[1.750s] [ext: omni.cubric-0.1.0] startup
[1.751s] [ext: omni.graph.exec-0.9.6] startup
[1.751s] [ext: omni.hydra.scene_delegate-0.3.5] startup
[1.755s] [ext: usdrt.scenegraph-7.6.3] startup
[1.776s] [ext: omni.hydra.usdrt_delegate-7.5.2] startup
[1.781s] [ext: omni.inspect-1.0.2] startup
[1.782s] [ext: omni.kit.actions.core-1.0.0] startup
[1.783s] [ext: omni.kit.audiodeviceenum-1.0.2] startup
[1.784s] [ext: omni.kit.commands-1.5.0] startup
[1.788s] [ext: omni.kit.exec.core-0.13.5] startup
[1.789s] [ext: omni.kit.usd_undo-0.1.8] startup
[1.789s] [ext: omni.kit.window.popup_dialog-2.0.25] startup
[1.792s] [ext: omni.kit.widget.nucleus_connector-2.3.1] startup
[1.794s] [ext: omni.timeline-1.1.0] startup
[1.795s] [ext: omni.usd-1.15.2] startup
[1.825s] [ext: omni.graph.core-3.1.2] startup
[1.828s] [ext: omni.kit.notification_manager-1.0.11] startup
[1.829s] [ext: isaacsim.core.deprecation_manager-0.4.2] startup
[1.830s] [ext: isaacsim.replicator.agent.schema-0.1.1] startup
[1.830s] [ext: isaacsim.robot.schema-6.3.6] startup
[1.834s] [ext: isaacsim.robot_motion.schema-0.2.0] startup
[1.835s] [ext: omni.anim.behavior.schema-110.1.0] startup
[1.839s] [ext: omni.anim.graph.schema-110.1.1] startup
[1.844s] [ext: omni.anim.navigation.schema-110.1.0] startup
[1.846s] [ext: omni.behavior.tree.schema-110.1.0] startup
[1.846s] [ext: omni.isaac.ml_archive-3.3.0] startup
[1.847s] [ext: omni.kit.asset_converter-5.1.4] startup
[1.857s] [ext: omni.pip.cloud-1.5.3] startup
[1.859s] [ext: omni.usd.schema.flow-110.0.0] startup
[1.859s] [ext: omni.usd.schema.mujoco-1.1.0] startup
[1.860s] [ext: omni.usd.schema.newton-1.2.0] startup
[1.860s] [ext: omni.usd.schema.omni_lens_distortion-1.0.0] startup
[1.861s] [ext: omni.usd.schema.omni_projectors-1.0.0] startup
[1.861s] [ext: omni.usd.schema.omni_sensors-0.0.0] startup
[1.868s] [ext: omni.usd.schema.omniscripting-1.0.1] startup
[1.872s] [ext: omni.usd.schema.physical_lighting-0.1.0] startup
[1.875s] [ext: omni.usd.schema.physx-110.1.11] startup
[1.900s] [ext: omni.usd.schema.render_settings.rtx-1.0.2] startup
[1.904s] [ext: omni.usd.schema.usd_particle_field-1.0.0] startup
[1.905s] [ext: isaacsim.core.version-2.1.0] startup
[1.905s] [ext: omni.kit.menu.core-1.2.0] startup
[1.906s] [ext: omni.kit.menu.utils-2.2.3] startup
[1.912s] [ext: isaacsim.app.about-2.3.0] startup
[1.916s] [ext: isaacsim.asset.transformer-1.2.3] startup
[1.918s] [ext: omni.scene.optimizer.core-110.1.0] startup
[1.954s] [ext: isaacsim.asset.importer.utils-1.8.0] startup
[1.956s] [ext: omni.convexdecomposition-110.1.11] startup
[1.958s] [ext: omni.physics-110.1.11] startup
[1.960s] [ext: omni.physx.gpu-110.1.11] startup
[1.961s] [ext: omni.physx.foundation-110.1.11] startup
[1.962s] [ext: omni.usdphysics-110.1.11] startup
[1.963s] [ext: omni.physx.cooking-110.1.11] startup
[1.965s] [ext: omni.physx-110.1.11] startup
[1.973s] [ext: omni.physics.physx-110.1.11] startup
[1.975s] [ext: isaacsim.asset.exporter.urdf-2.0.3] startup
[1.981s] [ext: omni.kit.clipboard-1.1.1] startup
[1.982s] [ext: omni.kit.usd.layers-2.6.1] startup
[1.989s] [ext: omni.kit.widget.context_menu-1.4.0] startup
[1.990s] [ext: omni.kit.context_menu-1.9.0] startup
[1.991s] [ext: omni.kit.helper.file_utils-0.1.10] startup
[1.992s] [ext: omni.kit.widget.nucleus_info-2.0.2] startup
[1.992s] [ext: omni.kit.search_core-1.0.8] startup
[1.993s] [ext: omni.kit.widget.path_field-2.0.13] startup
[1.993s] [ext: omni.kit.widget.browser_bar-2.0.10] startup
[1.994s] [ext: omni.kit.widget.filebrowser-2.13.4] startup
[1.997s] [ext: omni.kit.widget.options_menu-1.1.6] startup
[1.999s] [ext: omni.kit.widget.options_button-1.0.3] startup
[2.000s] [ext: omni.kit.widget.search_delegate-1.0.9] startup
[2.000s] [ext: omni.ui.scene-2.0.1] startup
[2.006s] [ext: omni.kit.window.filepicker-2.15.5] startup
[2.016s] [ext: omni.kit.window.file_importer-1.1.21] startup
[2.018s] [ext: omni.kit.material.library-3.1.2] startup
[2.023s] [ext: isaacsim.asset.transformer.rules-1.7.8] startup
[2.032s] [ext: omni.usdex.libs-2.2.2] startup
[2.040s] [ext: isaacsim.asset.importer.mjcf-3.10.0] startup
[2.041s] [ext: isaacsim.asset.importer.urdf-3.11.0] startup
[2.045s] [ext: omni.kit.primitive.mesh-1.1.0] startup
[2.047s] [ext: omni.kit.stage_template.core-1.1.22] startup
[2.047s] [ext: omni.kit.stage_templates-2.0.2] startup
[2.049s] [ext: omni.usd.metrics.assembler-110.1.2] startup
[2.051s] [ext: omni.warp.core-1.13.0] startup
[2.206s] [ext: isaacsim.core.experimental.utils-0.17.1] startup
[2.207s] [ext: omni.physics.stageupdate-110.1.11] startup
[2.209s] [ext: omni.physics.tensors-110.1.11] startup
[2.212s] [ext: omni.physx.tensors-110.1.11] startup
[2.215s] [ext: isaacsim.core.simulation_manager-1.15.4] startup
[2.228s] [ext: isaacsim.storage.native-1.9.2] startup
[2.229s] [ext: omni.usd.metrics.assembler.physics-110.1.11] startup
[2.230s] [ext: isaacsim.core.utils-4.1.6] startup
[2.232s] [ext: isaacsim.core.prims-0.11.6] startup
[3.180s] [ext: isaacsim.core.api-5.2.12] startup
[3.187s] [ext: isaacsim.core.cloner-1.7.2] startup
[3.189s] [ext: isaacsim.test.docstring-1.3.1] startup
[3.193s] [ext: isaacsim.core.experimental.prims-1.8.8] startup
[3.215s] [ext: isaacsim.core.experimental.primdata-0.3.2] startup
[3.217s] [ext: omni.graph.tools-1.81.0] startup
[3.237s] [ext: omni.graph-1.142.5] startup
[3.271s] [ext: isaacsim.core.experimental.actuators-0.1.0] startup
[5.110s] [ext: isaacsim.core.experimental.materials-0.7.0] startup
[5.113s] [ext: isaacsim.core.experimental.objects-0.8.0] startup
[5.169s] [ext: omni.hydra.engine.stats-1.0.5] startup
[5.172s] [ext: omni.hydra.rtx.shadercache.vulkan-1.0.0] startup
[5.173s] [ext: omni.index.libs-387500.3473.0] startup
[5.173s] [ext: omni.index-1.0.1] startup
[5.174s] [ext: omni.ujitso.client-0.0.0] startup
[5.174s] [ext: omni.usd.schema.playback-1.0.0] startup
[5.177s] [ext: omni.volume-0.5.2] startup
[5.181s] [ext: omni.hydra.rtx-1.0.3] startup
[5.207s] [ext: omni.kit.hydra_texture-1.6.0] startup
[5.210s] [ext: omni.kit.raycast.query-1.2.0] startup
[5.214s] [ext: omni.kit.viewport.legacy_gizmos-1.0.24] startup
[5.216s] [ext: omni.kit.viewport.registry-104.0.6] startup
[5.217s] [ext: omni.kit.viewport.scene_camera_model-1.0.7] startup
[5.220s] [ext: omni.kit.widget.viewport-109.2.0] startup
[5.225s] [ext: omni.kit.window.drop_support-1.0.8] startup
[5.225s] [ext: omni.kit.viewport.window-109.0.2] startup
[5.242s] [ext: omni.kit.viewport.utility-2.0.1] startup
[5.243s] [ext: isaacsim.core.rendering_manager-0.4.2] startup
[5.262s] [ext: omni.graph.action_core-1.1.9] startup
[5.264s] [ext: omni.graph.action_nodes_core-2.10.2] startup
[5.266s] [ext: omni.graph.action_nodes-2.10.3] startup
[5.285s] [ext: omni.graph.action-2.10.2] startup
[5.287s] [ext: omni.graph.image.core-0.6.1] startup
[5.288s] [ext: omni.graph.image.nodes-1.3.1] startup
[5.289s] [ext: omni.graph.nodes_core-2.10.3] startup
[5.293s] [ext: omni.graph.nodes-2.11.1] startup
[5.298s] [ext: omni.kit.hotkeys.core-1.3.12] startup
[5.299s] [ext: omni.kit.property.adapter.core-1.1.1] startup
[5.301s] [ext: omni.kit.property.adapter.usd-1.0.5] startup
[5.302s] [ext: omni.kit.widget.filter-1.1.5] startup
[5.303s] [ext: omni.kit.widget.highlight_label-1.0.3] startup
[5.304s] [ext: omni.kit.widget.searchfield-1.1.8] startup
[5.305s] [ext: omni.kit.window.file_exporter-1.0.36] startup
[5.306s] [ext: omni.kit.widget.stage-4.3.0] startup
[5.312s] [ext: omni.kit.window.content_browser_registry-0.0.6] startup
[5.313s] [ext: omni.kit.window.file-2.0.10] startup
[5.315s] [ext: omni.kit.window.content_browser-3.1.8] startup
[5.324s] [ext: omni.kit.window.property-1.15.1] startup
[5.332s] [ext: omni.kit.property.usd-4.8.1] startup
[5.341s] [ext: omni.graph.scriptnode-2.10.2] startup
[5.348s] [ext: omni.kit.widget.searchable_combobox-1.0.7] startup
[5.349s] [ext: omni.kit.widget.settings-2.0.0] startup
[5.351s] [ext: omni.kit.window.preferences-1.8.3] startup
[5.356s] [ext: omni.kit.viewport.menubar.core-107.2.2] startup
[5.366s] [ext: omni.syntheticdata-0.6.15] startup
[5.391s] [ext: omni.replicator.nv-1.1.1] startup
[5.396s] [ext: omni.videoencoding-0.2.1] startup
[5.398s] [ext: omni.replicator.core-1.13.25] startup
[5.598s] [ext: isaacsim.core.nodes-5.10.4] startup
[5.625s] [ext: isaacsim.core.throttling-2.3.3] startup
[5.626s] [ext: omni.kit.manipulator.viewport-107.0.1] startup
[5.627s] [ext: omni.graph.visualization.nodes-2.1.4] startup
[5.639s] [ext: omni.kit.window.extensions-1.5.7] startup
[5.643s] [ext: isaacsim.gui.components-1.8.4] startup
[5.647s] [ext: isaacsim.robot.surface_gripper-3.6.1] startup
[5.658s] [ext: isaacsim.robot.manipulators-3.4.4] startup
[5.668s] [ext: isaacsim.robot_motion.lula-4.1.2] startup
[5.675s] [ext: isaacsim.robot_motion.motion_generation-8.2.8] startup
[5.680s] [ext: isaacsim.cortex.framework-1.0.17] startup
[5.682s] [ext: isaacsim.cortex.behaviors-2.0.16] startup
[5.683s] [ext: isaacsim.examples.base-1.3.1] startup
[5.685s] [ext: omni.kit.widget.zoombar-1.0.7] startup
[5.686s] [ext: omni.kit.browser.core-2.3.18] startup
[5.690s] [ext: omni.kit.browser.folder.core-2.0.2] startup
[5.693s] [ext: omni.kit.widget.stage_icons-1.0.8] startup
[5.694s] [ext: omni.kit.window.stage-2.6.1] startup
[5.698s] [ext: omni.kit.menu.stage-1.2.7] startup
[5.699s] [ext: omni.kit.usd.collect-3.0.5] startup
[5.702s] [ext: omni.kit.widget.prompt-1.0.7] startup
[5.703s] [ext: omni.kit.tool.collect-2.2.19] startup
[5.705s] [ext: isaacsim.examples.browser-0.3.1] startup
[5.708s] [ext: omni.kit.search.files-1.0.4] startup
[5.708s] [ext: omni.kit.widget.calendar-1.0.9] startup
[5.710s] [ext: omni.kit.widget.extended_searchfield-1.0.31] startup
[5.717s] [ext: omni.simready.content.browser-0.3.7] startup
[5.809s] [ext: isaacsim.gui.content_browser-0.4.2] startup
[5.811s] [ext: omni.kit.selection-0.1.6] startup
[5.812s] [ext: isaacsim.gui.menu-2.10.5] startup
[5.819s] [ext: isaacsim.gui.property-1.6.2] startup
[5.826s] [ext: omni.kit.viewport.actions-107.0.2] startup
[5.830s] [ext: omni.kit.viewport.menubar.display-107.1.3] startup
[5.831s] [ext: isaacsim.gui.sensors.icon-2.2.0] startup
[5.834s] [ext: omni.behavior.scripting.core-110.1.0] startup
[5.837s] [ext: isaacsim.replicator.behavior-1.5.3] startup
[5.838s] [ext: isaacsim.replicator.experimental.domain_randomization-1.2.4] startup
[5.852s] [ext: isaacsim.replicator.domain_randomization-1.2.1] startup
[5.927s] [ext: isaacsim.replicator.writers-1.5.3] startup
[5.948s] [ext: isaacsim.robot.experimental.wheeled_robots-0.2.9] startup
[5.968s] [ext: isaacsim.robot.policy.examples-5.2.11] startup
[5.987s] [ext: isaacsim.robot.wheeled_robots-5.2.3] startup
[5.992s] [ext: isaacsim.robot.wheeled_robots.nodes-0.1.2] startup
[6.010s] [ext: isaacsim.robot_motion.experimental.motion_generation-6.1.2] startup
[6.021s] [ext: isaacsim.robot_motion.cumotion-1.3.0] startup
[6.032s] [ext: omni.kit.numpy.common-0.1.3] startup
[6.034s] [ext: isaacsim.sensors.camera-1.7.8] startup
[6.058s] [ext: isaacsim.sensors.experimental.physics-3.0.1] startup
[6.065s] [ext: omni.sensors.net-1.0.1] startup
[6.067s] [ext: omni.sensors.nv.common-3.0.0] startup
[6.078s] [ext: omni.sensors.nv.materials-2.0.0] startup
[6.081s] [ext: omni.sensors.nv.acoustic-3.0.0] startup
[6.084s] [ext: omni.sensors.nv.ids-2.0.1] startup
[6.094s] [ext: omni.sensors.nv.lidar-3.0.0] startup
[6.098s] [ext: omni.sensors.nv.radar-3.0.0] startup
[6.100s] [ext: isaacsim.sensors.experimental.rtx-1.4.3] startup
[6.340s] [ext: isaacsim.sensors.physics.nodes-1.5.2] startup
[6.348s] [ext: isaacsim.util.debug_draw-3.2.2] startup
[6.353s] [ext: isaacsim.sensors.physx-2.5.4] startup
[6.362s] [ext: isaacsim.sensors.rtx-15.17.0] startup
[6.372s] [ext: isaacsim.simulation_app-2.18.3] startup
[6.373s] [ext: omni.anim.curve.core-1.6.0] startup
[6.384s] [ext: omni.graph.ui_nodes-2.10.5] startup
[6.407s] [ext: omni.hydra.scene_api-0.1.3] startup
[6.412s] [ext: omni.kit.manipulator.camera-110.0.0] startup
[6.415s] [ext: omni.kit.manipulator.selector-1.1.4] startup
[6.417s] [ext: omni.kit.manipulator.transform-107.0.0] startup
[6.420s] [ext: omni.kit.widget.toolbar-2.1.0] startup
[6.427s] [ext: omni.kit.manipulator.tool.snap-1.5.14] startup
[6.431s] [ext: omni.kit.viewport.manipulator.transform-107.0.4] startup
[6.433s] [ext: omni.kit.manipulator.prim.core-108.0.2] startup
[6.437s] [ext: omni.kit.manipulator.prim.usd-107.0.3] startup
[6.439s] [ext: omni.kit.manipulator.prim-108.0.0] startup
[6.439s] [ext: omni.kit.manipulator.selection-109.0.1] startup
[6.440s] [ext: omni.kit.menu.create-2.0.2] startup
[6.441s] [ext: omni.kit.property.audio-1.0.16] startup
[6.446s] [ext: omni.kit.property.camera-1.0.14] startup
[6.447s] [ext: omni.kit.property.geometry-2.1.2] startup
[6.450s] [ext: omni.kit.property.light-1.0.14] startup
[6.480s] [ext: omni.kit.property.material-1.14.2] startup
[6.485s] [ext: omni.kit.property.render-1.2.2] startup
[6.486s] [ext: omni.kit.property.transform-1.6.9] startup
[6.489s] [ext: omni.kit.property.bundle-1.5.1] startup
[6.491s] [ext: omni.kit.usdz_export-1.1.0] startup
[6.494s] [ext: omni.kit.tool.asset_importer-5.2.0] startup
[6.499s] [ext: omni.kit.ui.actions-1.0.5] startup
[6.501s] [ext: omni.kit.viewport.menubar.camera-107.0.10] startup
[6.505s] [ext: omni.kit.viewport.menubar.lighting-107.3.2] startup
[6.507s] [ext: omni.kit.viewport.menubar.render-107.0.10] startup
[6.510s] [ext: omni.kit.viewport.menubar.settings-110.0.1] startup
[6.513s] [ext: omni.kit.window.console-1.1.8] startup
[6.517s] [ext: omni.kit.window.status_bar-0.1.11] startup
[6.519s] [ext: omni.kit.window.toolbar-3.0.3] startup
[6.521s] [ext: omni.ocio-0.1.1] startup
[6.522s] [ext: omni.physx.commands-110.1.11] startup
[6.526s] [ext: omni.replicator.replicator_yaml-2.0.12] startup
[6.536s] [ext: omni.rtx.window.settings-0.8.0] startup
[6.545s] [ext: omni.rtx.settings.core-0.7.0] startup
[6.548s] [ext: omni.usd.metrics.assembler.ui-110.1.1] startup
[6.554s] [ext: semantics.schema.editor-2.0.2] startup
[6.556s] [ext: semantics.schema.property-2.0.1] startup
[6.558s] [ext: omni.kit.menu.common-2.0.2] startup
[6.559s] [ext: isaacsim.exp.base-6.0.0] startup
[6.559s] [ext: isaacsim.exp.base.python-6.0.0] startup
[6.561s] Simulation App Starting
[7.641s] Simulation App Startup Complete
[7.650s] app ready
Starting kit application with the following args:  ['/home/liang/isaacsim/exts/isaacsim.simulation_app/isaacsim/simulation_app/simulation_app.py', '/home/liang/isaacsim/apps/isaacsim.exp.base.python.kit', '--/app/tokens/exe-path=/home/liang/isaacsim/kit', '--/persistent/app/viewport/displayOptions=3094', '--/rtx/materialDb/syncLoads=True', '--/rtx/hydra/materialSyncLoads=True', '--/omni.kit.plugin/syncUsdLoads=True', '--/app/renderer/resolution/width=1280', '--/app/renderer/resolution/height=720', '--/app/window/width=1440', '--/app/window/height=900', '--/renderer/multiGpu/enabled=True', '--/app/fastShutdown=True', '--/app/installSignalHandlers=0', '--ext-folder', '/home/liang/isaacsim/exts', '--ext-folder', '/home/liang/isaacsim/apps', '--/physics/cudaDevice=0', '--/plugins/carb.tasking.plugin/threadCount=16', '--/plugins/omni.tbb.globalcontrol/maxThreadCount=16', '--portable', '--no-window', '--/app/window/hideUi=1']
Passing the following args to the base kit application:  []
Warp 1.13.0 initialized:
   CUDA Toolkit 12.9, Driver 13.0
   Devices:
     "cpu"      : "x86_64"
     "cuda:0"   : "NVIDIA GeForce RTX 5070 Ti" (15 GiB, sm_120, mempool enabled)
   Kernel cache:
     /home/liang/.cache/warp/1.13.0
[isaac] DOF=['joint1', 'joint2', 'joint3', 'joint4', 'joint5', 'joint6', 'gripper_joint1', 'gripper_joint2']  手指行程上限=0.0715 m
[isaac] 场景就绪：USD=/home/liang/Documents/code/HyperdualQuaternions_modeling_robotic/reBot-Isaacsim/usd/reBot_B601_DM/reBot_B601_DM.usda
[isaac]           prim=/World/B601  dt=0.0020s  立方体=[0.5084, -0.1309, 0.0225]
g(Q_INIT) = [-0.0, 5.703, -2.332, -0.663, 0.0, 0.0]
=== [A] 重力补偿静置 1 s ===
  grav-comp: dq=[-0.0003, 0.0591, 0.0527, 0.1329, -0.0033, -0.0006]  |dq|max=0.13286 rad  qd_end=[-0.0086, 0.318, 0.2635, 0.9018, -0.0537, 0.0218]
=== [B] 重力补偿 + j2 分量 0.5 s ===
  j2 +1*1.35: dq=[-0.0023, 2.5327, -0.0621, 1.7474, 0.0176, 0.033]  |dq|max=2.53269 rad  qd_end=[0.0166, -0.7734, -11.0821, -11.1646, 0.0753, 0.1101]
  j2 -1*1.35: dq=[-0.0166, -0.5323, -1.1383, -0.7924, -0.3594, 0.1015]  |dq|max=1.13834 rad  qd_end=[-0.1652, 0.0012, -1.4953, 0.0, -3.8991, 0.8228]
=== [C] exp1 闭环力矩回放 ===
  -- t=0.5s tau=[-0.01, 5.69, -2.31, -0.66, 0.0, 0.0]
  replay t=0.5s: dq=[-0.0073, -0.0025, 0.0023, -0.0037, -0.0298, 0.0224]  |dq|max=0.02983 rad  qd_end=[-0.0316, -0.1385, -0.0707, 0.0005, -0.1431, 0.0861]
  -- t=2.0s tau=[0.02, 4.09, -1.56, -0.39, -0.0, 0.0]
  replay t=2.0s: dq=[0.0009, -0.156, -0.1534, -0.1915, -0.008, 0.1696]  |dq|max=0.19152 rad  qd_end=[-0.0022, -0.0651, -0.0354, 0.0049, -0.2104, -0.5611]
  -- t=5.0s tau=[0.01, 3.83, -1.41, -0.31, -0.0, -0.0]
  replay t=5.0s: dq=[0.0011, -0.1053, -0.075, -0.0782, 0.0072, 0.0252]  |dq|max=0.10526 rad  qd_end=[-0.0016, -0.0583, -0.0326, -0.0012, 0.0226, 0.0106]
=== [D] USD authored 关节属性 ===
  /World/B601/Physics/joint1  drive:angular:physics:damping=0.0  drive:angular:physics:maxForce=27.0  drive:angular:physics:stiffness=0.0  drive:angular:physics:targetVelocity=0.0  physxJoint:armature=0.0  physxJoint:jointFriction=0.0  physxJoint:maxJointVelocity=2864.7890625  state:angular:physics:velocity=-0.08928018063306808  urdf:limit:velocity=50.0
  /World/B601/Physics/joint2  drive:angular:physics:damping=0.0  drive:angular:physics:maxForce=27.0  drive:angular:physics:stiffness=0.0  drive:angular:physics:targetVelocity=0.0  physxJoint:armature=0.0  physxJoint:jointFriction=0.0  physxJoint:maxJointVelocity=2864.7890625  state:angular:physics:velocity=-3.3406848907470703  urdf:limit:velocity=50.0
  /World/B601/Physics/joint3  drive:angular:physics:damping=0.0  drive:angular:physics:maxForce=27.0  drive:angular:physics:stiffness=0.0  drive:angular:physics:targetVelocity=0.0  physxJoint:armature=0.0  physxJoint:jointFriction=0.0  physxJoint:maxJointVelocity=2864.7890625  state:angular:physics:velocity=-1.8658971786499023  urdf:limit:velocity=50.0
  /World/B601/Physics/joint4  drive:angular:physics:damping=0.0  drive:angular:physics:maxForce=7.0  drive:angular:physics:stiffness=0.0  drive:angular:physics:targetVelocity=0.0  physxJoint:armature=0.0  physxJoint:jointFriction=0.0  physxJoint:maxJointVelocity=11459.15625  state:angular:physics:velocity=-0.06933725625276566  urdf:limit:velocity=200.0
  /World/B601/Physics/joint5  drive:angular:physics:damping=0.0  drive:angular:physics:maxForce=7.0  drive:angular:physics:stiffness=0.0  drive:angular:physics:targetVelocity=0.0  physxJoint:armature=0.0  physxJoint:jointFriction=0.0  physxJoint:maxJointVelocity=11459.15625  state:angular:physics:velocity=1.295051097869873  urdf:limit:velocity=200.0
  /World/B601/Physics/joint6  drive:angular:physics:damping=0.0  drive:angular:physics:maxForce=7.0  drive:angular:physics:stiffness=0.0  drive:angular:physics:targetVelocity=0.0  physxJoint:armature=0.0  physxJoint:jointFriction=0.0  physxJoint:maxJointVelocity=11459.15625  state:angular:physics:velocity=0.607337474822998  urdf:limit:velocity=200.0
[19.361s] Simulation App Shutting Down
