WARNING: All log messages before absl::InitializeLog() is called are written to STDERR
E0000 00:00:1787305913.920856 1056000 descriptor_database.cc:633] File already exists in database: grpc/health/v1/health.proto
W0000 00:00:1787305913.920949 1056000 message.cc:301] Protobuf GeneratedMessageFactory: File is already registered: grpc/health/v1/health.proto
2026-08-21T09:51:53Z [Info] [carb] Logging to file: /home/liang/isaacsim/kit/logs/Kit/Isaac-Sim Python/6.0/kit_20260821_175153.log
[0.049s] [ext: omni.assets.plugins-0.0.0] startup
[0.050s] [ext: omni.blobkey-1.1.2] startup
[0.050s] [ext: omni.kit.async_engine-0.0.3] startup
[0.313s] [ext: omni.client.lib-1.1.1] startup
[0.321s] [ext: omni.client-1.3.0] startup
[0.323s] [ext: omni.protobuf.lib-1.0.0] startup
[0.324s] [ext: omni.grpc.lib-1.0.0] startup
[0.329s] [ext: omni.metrics.core-0.0.3] startup
[0.329s] [ext: omni.datastore-0.0.0] startup
[0.330s] [ext: omni.gpu_foundation.shadercache.vulkan-1.0.0] startup
[0.334s] [ext: omni.hsscclient-1.1.4] startup
[0.334s] [ext: omni.stats-1.0.1] startup
[0.335s] [ext: omni.ujitso.default-1.0.0] startup
[0.337s] [ext: omni.gpu_foundation-0.0.0] startup
[0.490s] [ext: carb.windowing.plugins-1.0.1] startup
[0.491s] [ext: omni.kit.renderer.init-1.0.1] startup

|---------------------------------------------------------------------------------------------|
| Driver Version: 580.173.02    | Graphics API: Vulkan
|=============================================================================================|
| GPU | Name                             | Active | LDA | GPU Memory | Vendor-ID | LUID       |
|     |                                  |        |     |            | Device-ID | UUID       |
|     |                                  |        |     |            | Bus-ID    |            |
|---------------------------------------------------------------------------------------------|
| 0   | NVIDIA GeForce RTX 5070 Ti       | Yes: 0 |     | 16303   MB | 10de      | 0          |
|     |                                  |        |     |            | 2c05      | bee4013a.. |
|     |                                  |        |     |            | 1         |            |
|---------------------------------------------------------------------------------------------|
| 1   | AMD Ryzen 7 9700X 8-Core Proce.. |        |     | 10719   MB | 1002      | 0          |
|     |                                  |        |     |            | 13c0      | 00000000.. |
|     |                                  |        |     |            | 13        |            |
|=============================================================================================|
| OS: 24.04.4 LTS (Noble Numbat) ubuntu, Version: 24.04.4, Kernel: 7.0.0-29-generic
| XServer Vendor: The X.Org Foundation, XServer Version: 12101011 (1.21.1.11)
| Processor: AMD Ryzen 7 9700X 8-Core Processor
| Cores: 8 | Logical Cores: 16
|---------------------------------------------------------------------------------------------|
| Total Memory (MB): 31134 | Free Memory: 17712
| Total Page/Swap (MB): 8191 | Free Page/Swap: 8191
|---------------------------------------------------------------------------------------------|
[1.051s] [ext: omni.kit.pipapi-0.0.0] startup
[1.052s] [ext: omni.kit.pip_archive-0.0.0] startup
[1.053s] [ext: isaacsim.pip.newton-0.6.0] startup
[1.053s] [ext: omni.pip.compute-1.9.0] startup
[1.053s] [ext: omni.isaac.core_archive-5.3.0] startup
[1.053s] [ext: omni.kit.telemetry-0.5.2] startup
[1.081s] [ext: omni.kit.loop-isaac-1.6.0] startup
[1.082s] [ext: omni.kit.test-2.0.7] startup
[1.133s] [ext: omni.materialx.libs-1.0.9] startup
[1.139s] [ext: omni.gpucompute.plugins-0.0.0] startup
[1.139s] [ext: omni.usd.config-1.0.7] startup
[1.142s] [ext: omni.usd.libs-1.0.3] startup
[1.209s] [ext: omni.iray.libs-0.0.1] startup
[1.213s] [ext: omni.mdl-57.0.3] startup
[1.230s] [ext: omni.mdl.neuraylib-0.2.20] startup
[1.232s] [ext: omni.kit.usd.mdl-1.1.9] startup
[1.323s] [ext: omni.appwindow-1.2.2] startup
[1.325s] [ext: omni.kit.renderer.core-1.2.2] startup
[1.693s] [ext: omni.kit.renderer.capture-2.0.1] startup
[1.695s] [ext: omni.kit.renderer.imgui-2.0.6] startup
[1.734s] [ext: omni.ui-3.1.3] startup
[1.742s] [ext: omni.kit.mainwindow-1.0.3] startup
[1.743s] [ext: carb.audio-0.1.0] startup
[1.745s] [ext: omni.uiaudio-1.0.0] startup
[1.746s] [ext: omni.kit.uiapp-0.0.0] startup
[1.746s] [ext: omni.usd.schema.metrics.assembler-110.1.0] startup
[1.748s] [ext: omni.usd.schema.audio-0.0.1] startup
[1.750s] [ext: omni.usd_resolver-1.0.0] startup
[1.754s] [ext: omni.usd.core-1.8.3] startup
[1.757s] [ext: omni.metropolis.schema-0.0.3] startup
[1.757s] [ext: isaacsim.anim.robot.schema-0.1.1] startup
[1.758s] [ext: omni.usd.schema.anim-0.0.1] startup
[1.773s] [ext: omni.usd.schema.geospatial-0.0.1] startup
[1.776s] [ext: omni.usd.schema.omnigraph-1.0.1] startup
[1.780s] [ext: omni.usd.schema.semantics-0.0.0] startup
[1.782s] [ext: omni.activity.core-1.0.3] startup
[1.783s] [ext: omni.cubric-0.1.0] startup
[1.783s] [ext: omni.graph.exec-0.9.6] startup
[1.783s] [ext: omni.hydra.scene_delegate-0.3.5] startup
[1.787s] [ext: usdrt.scenegraph-7.6.3] startup
[1.809s] [ext: omni.hydra.usdrt_delegate-7.5.2] startup
[1.813s] [ext: omni.inspect-1.0.2] startup
[1.814s] [ext: omni.kit.actions.core-1.0.0] startup
[1.815s] [ext: omni.kit.audiodeviceenum-1.0.2] startup
[1.816s] [ext: omni.kit.commands-1.5.0] startup
[1.819s] [ext: omni.kit.exec.core-0.13.5] startup
[1.820s] [ext: omni.kit.usd_undo-0.1.8] startup
[1.821s] [ext: omni.kit.window.popup_dialog-2.0.25] startup
[1.823s] [ext: omni.kit.widget.nucleus_connector-2.3.1] startup
[1.826s] [ext: omni.timeline-1.1.0] startup
[1.827s] [ext: omni.usd-1.15.2] startup
[1.858s] [ext: omni.graph.core-3.1.2] startup
[1.860s] [ext: omni.kit.notification_manager-1.0.11] startup
[1.861s] [ext: isaacsim.core.deprecation_manager-0.4.2] startup
[1.862s] [ext: isaacsim.replicator.agent.schema-0.1.1] startup
[1.862s] [ext: isaacsim.robot.schema-6.3.6] startup
[1.866s] [ext: isaacsim.robot_motion.schema-0.2.0] startup
[1.867s] [ext: omni.anim.behavior.schema-110.1.0] startup
[1.871s] [ext: omni.anim.graph.schema-110.1.1] startup
[1.876s] [ext: omni.anim.navigation.schema-110.1.0] startup
[1.878s] [ext: omni.behavior.tree.schema-110.1.0] startup
[1.879s] [ext: omni.isaac.ml_archive-3.3.0] startup
[1.879s] [ext: omni.kit.asset_converter-5.1.4] startup
[1.890s] [ext: omni.pip.cloud-1.5.3] startup
[1.891s] [ext: omni.usd.schema.flow-110.0.0] startup
[1.892s] [ext: omni.usd.schema.mujoco-1.1.0] startup
[1.892s] [ext: omni.usd.schema.newton-1.2.0] startup
[1.893s] [ext: omni.usd.schema.omni_lens_distortion-1.0.0] startup
[1.893s] [ext: omni.usd.schema.omni_projectors-1.0.0] startup
[1.894s] [ext: omni.usd.schema.omni_sensors-0.0.0] startup
[1.900s] [ext: omni.usd.schema.omniscripting-1.0.1] startup
[1.904s] [ext: omni.usd.schema.physical_lighting-0.1.0] startup
[1.907s] [ext: omni.usd.schema.physx-110.1.11] startup
[1.933s] [ext: omni.usd.schema.render_settings.rtx-1.0.2] startup
[1.936s] [ext: omni.usd.schema.usd_particle_field-1.0.0] startup
[1.937s] [ext: isaacsim.core.version-2.1.0] startup
[1.938s] [ext: omni.kit.menu.core-1.2.0] startup
[1.939s] [ext: omni.kit.menu.utils-2.2.3] startup
[1.944s] [ext: isaacsim.app.about-2.3.0] startup
[1.948s] [ext: isaacsim.asset.transformer-1.2.3] startup
[1.951s] [ext: omni.scene.optimizer.core-110.1.0] startup
[1.987s] [ext: isaacsim.asset.importer.utils-1.8.0] startup
[1.989s] [ext: omni.convexdecomposition-110.1.11] startup
[1.991s] [ext: omni.physics-110.1.11] startup
[1.994s] [ext: omni.physx.gpu-110.1.11] startup
[1.994s] [ext: omni.physx.foundation-110.1.11] startup
[1.995s] [ext: omni.usdphysics-110.1.11] startup
[1.996s] [ext: omni.physx.cooking-110.1.11] startup
[1.998s] [ext: omni.physx-110.1.11] startup
[2.006s] [ext: omni.physics.physx-110.1.11] startup
[2.008s] [ext: isaacsim.asset.exporter.urdf-2.0.3] startup
[2.014s] [ext: omni.kit.clipboard-1.1.1] startup
[2.015s] [ext: omni.kit.usd.layers-2.6.1] startup
[2.022s] [ext: omni.kit.widget.context_menu-1.4.0] startup
[2.023s] [ext: omni.kit.context_menu-1.9.0] startup
[2.024s] [ext: omni.kit.helper.file_utils-0.1.10] startup
[2.025s] [ext: omni.kit.widget.nucleus_info-2.0.2] startup
[2.026s] [ext: omni.kit.search_core-1.0.8] startup
[2.026s] [ext: omni.kit.widget.path_field-2.0.13] startup
[2.027s] [ext: omni.kit.widget.browser_bar-2.0.10] startup
[2.027s] [ext: omni.kit.widget.filebrowser-2.13.4] startup
[2.031s] [ext: omni.kit.widget.options_menu-1.1.6] startup
[2.033s] [ext: omni.kit.widget.options_button-1.0.3] startup
[2.033s] [ext: omni.kit.widget.search_delegate-1.0.9] startup
[2.034s] [ext: omni.ui.scene-2.0.1] startup
[2.039s] [ext: omni.kit.window.filepicker-2.15.5] startup
[2.049s] [ext: omni.kit.window.file_importer-1.1.21] startup
[2.051s] [ext: omni.kit.material.library-3.1.2] startup
[2.056s] [ext: isaacsim.asset.transformer.rules-1.7.8] startup
[2.064s] [ext: omni.usdex.libs-2.2.2] startup
[2.072s] [ext: isaacsim.asset.importer.mjcf-3.10.0] startup
[2.074s] [ext: isaacsim.asset.importer.urdf-3.11.0] startup
[2.076s] [ext: omni.kit.primitive.mesh-1.1.0] startup
[2.078s] [ext: omni.kit.stage_template.core-1.1.22] startup
[2.079s] [ext: omni.kit.stage_templates-2.0.2] startup
[2.080s] [ext: omni.usd.metrics.assembler-110.1.2] startup
[2.082s] [ext: omni.warp.core-1.13.0] startup
[2.240s] [ext: isaacsim.core.experimental.utils-0.17.1] startup
[2.241s] [ext: omni.physics.stageupdate-110.1.11] startup
[2.243s] [ext: omni.physics.tensors-110.1.11] startup
[2.246s] [ext: omni.physx.tensors-110.1.11] startup
[2.250s] [ext: isaacsim.core.simulation_manager-1.15.4] startup
[2.264s] [ext: isaacsim.storage.native-1.9.2] startup
[2.265s] [ext: omni.usd.metrics.assembler.physics-110.1.11] startup
[2.266s] [ext: isaacsim.core.utils-4.1.6] startup
[2.270s] [ext: isaacsim.core.prims-0.11.6] startup
[3.235s] [ext: isaacsim.core.api-5.2.12] startup
[3.241s] [ext: isaacsim.core.cloner-1.7.2] startup
[3.242s] [ext: isaacsim.test.docstring-1.3.1] startup
[3.246s] [ext: isaacsim.core.experimental.prims-1.8.8] startup
[3.269s] [ext: isaacsim.core.experimental.primdata-0.3.2] startup
[3.271s] [ext: omni.graph.tools-1.81.0] startup
[3.292s] [ext: omni.graph-1.142.5] startup
[3.329s] [ext: isaacsim.core.experimental.actuators-0.1.0] startup
[5.126s] [ext: isaacsim.core.experimental.materials-0.7.0] startup
[5.129s] [ext: isaacsim.core.experimental.objects-0.8.0] startup
[5.187s] [ext: omni.hydra.engine.stats-1.0.5] startup
[5.189s] [ext: omni.hydra.rtx.shadercache.vulkan-1.0.0] startup
[5.190s] [ext: omni.index.libs-387500.3473.0] startup
[5.190s] [ext: omni.index-1.0.1] startup
[5.191s] [ext: omni.ujitso.client-0.0.0] startup
[5.191s] [ext: omni.usd.schema.playback-1.0.0] startup
[5.194s] [ext: omni.volume-0.5.2] startup
[5.200s] [ext: omni.hydra.rtx-1.0.3] startup
[5.226s] [ext: omni.kit.hydra_texture-1.6.0] startup
[5.229s] [ext: omni.kit.raycast.query-1.2.0] startup
[5.234s] [ext: omni.kit.viewport.legacy_gizmos-1.0.24] startup
[5.236s] [ext: omni.kit.viewport.registry-104.0.6] startup
[5.237s] [ext: omni.kit.viewport.scene_camera_model-1.0.7] startup
[5.241s] [ext: omni.kit.widget.viewport-109.2.0] startup
[5.244s] [ext: omni.kit.window.drop_support-1.0.8] startup
[5.245s] [ext: omni.kit.viewport.window-109.0.2] startup
[5.261s] [ext: omni.kit.viewport.utility-2.0.1] startup
[5.262s] [ext: isaacsim.core.rendering_manager-0.4.2] startup
[5.281s] [ext: omni.graph.action_core-1.1.9] startup
[5.285s] [ext: omni.graph.action_nodes_core-2.10.2] startup
[5.287s] [ext: omni.graph.action_nodes-2.10.3] startup
[5.305s] [ext: omni.graph.action-2.10.2] startup
[5.307s] [ext: omni.graph.image.core-0.6.1] startup
[5.308s] [ext: omni.graph.image.nodes-1.3.1] startup
[5.309s] [ext: omni.graph.nodes_core-2.10.3] startup
[5.314s] [ext: omni.graph.nodes-2.11.1] startup
[5.320s] [ext: omni.kit.hotkeys.core-1.3.12] startup
[5.321s] [ext: omni.kit.property.adapter.core-1.1.1] startup
[5.324s] [ext: omni.kit.property.adapter.usd-1.0.5] startup
[5.325s] [ext: omni.kit.widget.filter-1.1.5] startup
[5.326s] [ext: omni.kit.widget.highlight_label-1.0.3] startup
[5.326s] [ext: omni.kit.widget.searchfield-1.1.8] startup
[5.328s] [ext: omni.kit.window.file_exporter-1.0.36] startup
[5.329s] [ext: omni.kit.widget.stage-4.3.0] startup
[5.337s] [ext: omni.kit.window.content_browser_registry-0.0.6] startup
[5.338s] [ext: omni.kit.window.file-2.0.10] startup
[5.341s] [ext: omni.kit.window.content_browser-3.1.8] startup
[5.351s] [ext: omni.kit.window.property-1.15.1] startup
[5.360s] [ext: omni.kit.property.usd-4.8.1] startup
[5.371s] [ext: omni.graph.scriptnode-2.10.2] startup
[5.379s] [ext: omni.kit.widget.searchable_combobox-1.0.7] startup
[5.380s] [ext: omni.kit.widget.settings-2.0.0] startup
[5.383s] [ext: omni.kit.window.preferences-1.8.3] startup
[5.389s] [ext: omni.kit.viewport.menubar.core-107.2.2] startup
[5.402s] [ext: omni.syntheticdata-0.6.15] startup
[5.426s] [ext: omni.replicator.nv-1.1.1] startup
[5.431s] [ext: omni.videoencoding-0.2.1] startup
[5.434s] [ext: omni.replicator.core-1.13.25] startup
[5.633s] [ext: isaacsim.core.nodes-5.10.4] startup
[5.660s] [ext: isaacsim.core.throttling-2.3.3] startup
[5.662s] [ext: omni.kit.manipulator.viewport-107.0.1] startup
[5.663s] [ext: omni.graph.visualization.nodes-2.1.4] startup
[5.677s] [ext: omni.kit.window.extensions-1.5.7] startup
[5.683s] [ext: isaacsim.gui.components-1.8.4] startup
[5.687s] [ext: isaacsim.robot.surface_gripper-3.6.1] startup
[5.698s] [ext: isaacsim.robot.manipulators-3.4.4] startup
[5.709s] [ext: isaacsim.robot_motion.lula-4.1.2] startup
[5.716s] [ext: isaacsim.robot_motion.motion_generation-8.2.8] startup
[5.722s] [ext: isaacsim.cortex.framework-1.0.17] startup
[5.723s] [ext: isaacsim.cortex.behaviors-2.0.16] startup
[5.725s] [ext: isaacsim.examples.base-1.3.1] startup
[5.726s] [ext: omni.kit.widget.zoombar-1.0.7] startup
[5.727s] [ext: omni.kit.browser.core-2.3.18] startup
[5.731s] [ext: omni.kit.browser.folder.core-2.0.2] startup
[5.737s] [ext: omni.kit.widget.stage_icons-1.0.8] startup
[5.738s] [ext: omni.kit.window.stage-2.6.1] startup
[5.742s] [ext: omni.kit.menu.stage-1.2.7] startup
[5.743s] [ext: omni.kit.usd.collect-3.0.5] startup
[5.746s] [ext: omni.kit.widget.prompt-1.0.7] startup
[5.746s] [ext: omni.kit.tool.collect-2.2.19] startup
[5.748s] [ext: isaacsim.examples.browser-0.3.1] startup
[5.751s] [ext: omni.kit.search.files-1.0.4] startup
[5.752s] [ext: omni.kit.widget.calendar-1.0.9] startup
[5.754s] [ext: omni.kit.widget.extended_searchfield-1.0.31] startup
[5.760s] [ext: omni.simready.content.browser-0.3.7] startup
[5.851s] [ext: isaacsim.gui.content_browser-0.4.2] startup
[5.854s] [ext: omni.kit.selection-0.1.6] startup
[5.855s] [ext: isaacsim.gui.menu-2.10.5] startup
[5.863s] [ext: isaacsim.gui.property-1.6.2] startup
[5.871s] [ext: omni.kit.viewport.actions-107.0.2] startup
[5.875s] [ext: omni.kit.viewport.menubar.display-107.1.3] startup
[5.876s] [ext: isaacsim.gui.sensors.icon-2.2.0] startup
[5.879s] [ext: omni.behavior.scripting.core-110.1.0] startup
[5.882s] [ext: isaacsim.replicator.behavior-1.5.3] startup
[5.883s] [ext: isaacsim.replicator.experimental.domain_randomization-1.2.4] startup
[5.895s] [ext: isaacsim.replicator.domain_randomization-1.2.1] startup
[5.963s] [ext: isaacsim.replicator.writers-1.5.3] startup
[5.988s] [ext: isaacsim.robot.experimental.wheeled_robots-0.2.9] startup
[6.008s] [ext: isaacsim.robot.policy.examples-5.2.11] startup
[6.024s] [ext: isaacsim.robot.wheeled_robots-5.2.3] startup
[6.028s] [ext: isaacsim.robot.wheeled_robots.nodes-0.1.2] startup
[6.043s] [ext: isaacsim.robot_motion.experimental.motion_generation-6.1.2] startup
[6.053s] [ext: isaacsim.robot_motion.cumotion-1.3.0] startup
[6.066s] [ext: omni.kit.numpy.common-0.1.3] startup
[6.068s] [ext: isaacsim.sensors.camera-1.7.8] startup
[6.096s] [ext: isaacsim.sensors.experimental.physics-3.0.1] startup
[6.104s] [ext: omni.sensors.net-1.0.1] startup
[6.106s] [ext: omni.sensors.nv.common-3.0.0] startup
[6.116s] [ext: omni.sensors.nv.materials-2.0.0] startup
[6.119s] [ext: omni.sensors.nv.acoustic-3.0.0] startup
[6.121s] [ext: omni.sensors.nv.ids-2.0.1] startup
[6.128s] [ext: omni.sensors.nv.lidar-3.0.0] startup
[6.132s] [ext: omni.sensors.nv.radar-3.0.0] startup
[6.135s] [ext: isaacsim.sensors.experimental.rtx-1.4.3] startup
[6.390s] [ext: isaacsim.sensors.physics.nodes-1.5.2] startup
[6.396s] [ext: isaacsim.util.debug_draw-3.2.2] startup
[6.401s] [ext: isaacsim.sensors.physx-2.5.4] startup
[6.410s] [ext: isaacsim.sensors.rtx-15.17.0] startup
[6.421s] [ext: isaacsim.simulation_app-2.18.3] startup
[6.422s] [ext: omni.anim.curve.core-1.6.0] startup
[6.431s] [ext: omni.graph.ui_nodes-2.10.5] startup
[6.452s] [ext: omni.hydra.scene_api-0.1.3] startup
[6.457s] [ext: omni.kit.manipulator.camera-110.0.0] startup
[6.460s] [ext: omni.kit.manipulator.selector-1.1.4] startup
[6.461s] [ext: omni.kit.manipulator.transform-107.0.0] startup
[6.464s] [ext: omni.kit.widget.toolbar-2.1.0] startup
[6.470s] [ext: omni.kit.manipulator.tool.snap-1.5.14] startup
[6.473s] [ext: omni.kit.viewport.manipulator.transform-107.0.4] startup
[6.475s] [ext: omni.kit.manipulator.prim.core-108.0.2] startup
[6.479s] [ext: omni.kit.manipulator.prim.usd-107.0.3] startup
[6.480s] [ext: omni.kit.manipulator.prim-108.0.0] startup
[6.481s] [ext: omni.kit.manipulator.selection-109.0.1] startup
[6.482s] [ext: omni.kit.menu.create-2.0.2] startup
[6.483s] [ext: omni.kit.property.audio-1.0.16] startup
[6.487s] [ext: omni.kit.property.camera-1.0.14] startup
[6.488s] [ext: omni.kit.property.geometry-2.1.2] startup
[6.491s] [ext: omni.kit.property.light-1.0.14] startup
[6.521s] [ext: omni.kit.property.material-1.14.2] startup
[6.527s] [ext: omni.kit.property.render-1.2.2] startup
[6.528s] [ext: omni.kit.property.transform-1.6.9] startup
[6.530s] [ext: omni.kit.property.bundle-1.5.1] startup
[6.532s] [ext: omni.kit.usdz_export-1.1.0] startup
[6.534s] [ext: omni.kit.tool.asset_importer-5.2.0] startup
[6.539s] [ext: omni.kit.ui.actions-1.0.5] startup
[6.541s] [ext: omni.kit.viewport.menubar.camera-107.0.10] startup
[6.544s] [ext: omni.kit.viewport.menubar.lighting-107.3.2] startup
[6.546s] [ext: omni.kit.viewport.menubar.render-107.0.10] startup
[6.548s] [ext: omni.kit.viewport.menubar.settings-110.0.1] startup
[6.551s] [ext: omni.kit.window.console-1.1.8] startup
[6.555s] [ext: omni.kit.window.status_bar-0.1.11] startup
[6.557s] [ext: omni.kit.window.toolbar-3.0.3] startup
[6.559s] [ext: omni.ocio-0.1.1] startup
[6.560s] [ext: omni.physx.commands-110.1.11] startup
[6.563s] [ext: omni.replicator.replicator_yaml-2.0.12] startup
[6.571s] [ext: omni.rtx.window.settings-0.8.0] startup
[6.579s] [ext: omni.rtx.settings.core-0.7.0] startup
[6.581s] [ext: omni.usd.metrics.assembler.ui-110.1.1] startup
[6.589s] [ext: semantics.schema.editor-2.0.2] startup
[6.591s] [ext: semantics.schema.property-2.0.1] startup
[6.593s] [ext: omni.kit.menu.common-2.0.2] startup
[6.594s] [ext: isaacsim.exp.base-6.0.0] startup
[6.594s] [ext: isaacsim.exp.base.python-6.0.0] startup
[6.596s] Simulation App Starting
[7.676s] Simulation App Startup Complete
[7.684s] app ready
Starting kit application with the following args:  ['/home/liang/isaacsim/exts/isaacsim.simulation_app/isaacsim/simulation_app/simulation_app.py', '/home/liang/isaacsim/apps/isaacsim.exp.base.python.kit', '--/app/tokens/exe-path=/home/liang/isaacsim/kit', '--/persistent/app/viewport/displayOptions=3094', '--/rtx/materialDb/syncLoads=True', '--/rtx/hydra/materialSyncLoads=True', '--/omni.kit.plugin/syncUsdLoads=True', '--/app/renderer/resolution/width=1280', '--/app/renderer/resolution/height=720', '--/app/window/width=1440', '--/app/window/height=900', '--/renderer/multiGpu/enabled=True', '--/app/fastShutdown=True', '--/app/installSignalHandlers=0', '--ext-folder', '/home/liang/isaacsim/exts', '--ext-folder', '/home/liang/isaacsim/apps', '--/physics/cudaDevice=0', '--/plugins/carb.tasking.plugin/threadCount=16', '--/plugins/omni.tbb.globalcontrol/maxThreadCount=16', '--portable', '--no-window', '--/app/window/hideUi=1']
Passing the following args to the base kit application:  []
Warp 1.13.0 initialized:
   CUDA Toolkit 12.9, Driver 13.0
   Devices:
     "cpu"      : "x86_64"
     "cuda:0"   : "NVIDIA GeForce RTX 5070 Ti" (15 GiB, sm_120, mempool enabled)
   Kernel cache:
     /home/liang/.cache/warp/1.13.0
[isaac] DOF=['joint1', 'joint2', 'joint3', 'joint4', 'joint5', 'joint6', 'gripper_joint1', 'gripper_joint2']  手指行程上限=0.0715 m
[isaac] 场景就绪：USD=/home/liang/Documents/code/HyperdualQuaternions_modeling_robotic/reBot-Isaacsim/usd/reBot_B601_DM/reBot_B601_DM.usda
[isaac]           prim=/World/B601  dt=0.0020s  立方体=[0.5084, -0.1309, 0.0225]
=== [2] world.reset 后零力矩 0.5 s ===
  qdd 前 3 行均值 = [-0.11, -34.14, -11.08, -36.69, 0.1, -0.03]
  qdd 全程均值    = [0.01, 0.14, 0.03, 0.09, -0.01, -0.11]
  FD 名义（tau=0） = [0.01, -33.56, -9.79, -38.41, 0.07, 0.01]
  0.5 s 后 q 漂移 = [0.001, -0.269, -0.223, -0.607, -0.012, -0.009]
=== [1] world.reset 后 CSV 力矩回放 3 s ===
  t=0.00s  q_now-q_csv=[-0.0, 0.0, 0.0, -0.0, -0.0, 0.0]
  t=0.50s  q_now-q_csv=[0.0003, -0.0016, -0.0015, -0.0024, -0.0031, 0.0011]
  t=1.00s  q_now-q_csv=[0.0002, -0.0206, -0.0193, -0.0694, -0.0109, -0.0078]
  t=1.50s  q_now-q_csv=[0.0012, -0.1602, -0.148, -0.671, -0.0773, -0.3461]
  t=2.00s  q_now-q_csv=[0.0472, -0.4411, -0.8194, -0.6281, -1.5855, -0.6308]
  t=2.50s  q_now-q_csv=[0.0619, -0.432, -0.821, -0.5691, -1.5855, -0.6992]
  3s 终点差 replay-csv = [0.0619, -0.4255, -0.8214, -0.5297, -1.5844, -0.6299]
[17.657s] Simulation App Shutting Down
