\BOOKMARK [1][-]{section.1}{\376\377\137\025\212\000}{}% 1
\BOOKMARK [2][-]{subsection.2}{\376\377\200\314\146\157\116\016\122\250\147\072}{section.1}% 2
\BOOKMARK [2][-]{subsection.3}{\376\377\147\054\145\207\215\041\163\056}{section.1}% 3
\BOOKMARK [1][-]{section.8}{\376\377\230\204\131\007\167\345\213\306}{}% 4
\BOOKMARK [2][-]{subsection.9}{\376\377\126\333\121\103\145\160\116\016\133\371\120\166\126\333\121\103\145\160}{section.8}% 5
\BOOKMARK [2][-]{subsection.12}{\376\377\000t\000w\000i\000s\000t\000\040\116\016\217\320\122\250\133\146}{section.8}% 6
\BOOKMARK [2][-]{subsection.15}{\376\377\215\205\133\371\120\166\126\333\121\103\145\160\377\010\000H\000D\000Q\377\011}{section.8}% 7
\BOOKMARK [1][-]{section.20}{\376\377\000T\000O\000D\000Q\377\032\116\011\226\066\133\371\120\166\126\333\121\103\145\160\116\016\217\320\122\250\133\146\221\315\147\204}{}% 8
\BOOKMARK [2][-]{subsection.21}{\376\377\116\343\145\160\133\232\116\111}{section.20}% 9
\BOOKMARK [2][-]{subsection.27}{\376\377\000T\000O\000D\000Q\000\040\116\062\200\124\217\320\122\250\133\146\210\150\171\072}{section.20}% 10
\BOOKMARK [1][-]{section.34}{\376\377\121\340\117\125\116\000\201\364\213\357\135\356\117\123\174\373}{}% 11
\BOOKMARK [2][-]{subsection.35}{\376\377\213\357\135\356\133\371\214\141\166\204\226\066\145\160}{section.34}% 12
\BOOKMARK [2][-]{subsection.36}{\376\377\133\232\164\006\000\040\0001\377\032\213\357\135\356\166\204\000\040\000H\000D\000Q\000\040\210\150\171\072}{section.34}% 13
\BOOKMARK [2][-]{subsection.46}{\376\377\133\232\164\006\000\040\0002\377\032\217\223\121\372\213\357\135\356\217\320\122\250\133\146}{section.34}% 14
\BOOKMARK [1][-]{section.50}{\376\377\121\340\117\125\116\000\201\364\143\247\122\066\137\213\116\016\213\244\213\301\000\040\000H\042\036\000\040\140\047\200\375}{}% 15
\BOOKMARK [2][-]{subsection.51}{\376\377\142\160\122\250\230\171\377\032\146\076\137\017\211\343\173\227\060\001\116\130\140\047\230\171\122\006\171\273\116\016\120\107\213\276\226\306}{section.50}% 16
\BOOKMARK [2][-]{subsection.58}{\376\377\143\247\122\066\137\213}{section.50}% 17
\BOOKMARK [2][-]{subsection.61}{\376\377\116\073\133\232\164\006}{section.50}% 18
\BOOKMARK [1][-]{section.97}{\376\377\133\236\147\072\232\214\213\301}{}% 19
\BOOKMARK [2][-]{subsection.98}{\376\377\136\163\123\360\060\001\116\373\122\241\116\016\133\236\232\214\167\351\226\065}{section.97}% 20
\BOOKMARK [2][-]{subsection.101}{\376\377\176\323\147\234\116\016\122\006\147\220}{section.97}% 21
\BOOKMARK [1][-]{section.108}{\376\377\176\323\213\272}{}% 22
